Archive member included to satisfy reference by file (symbol)

r:/mcu-tools/arm-gcc/bin/../lib/gcc/arm-none-eabi/8.2.1/../../../../arm-none-eabi/lib/thumb/v7-m/nofp\libc_nano.a(lib_a-ctype_.o)
                              build/main.o (_ctype_)
r:/mcu-tools/arm-gcc/bin/../lib/gcc/arm-none-eabi/8.2.1/../../../../arm-none-eabi/lib/thumb/v7-m/nofp\libc_nano.a(lib_a-exit.o)
                              r:/mcu-tools/arm-gcc/bin/../lib/gcc/arm-none-eabi/8.2.1/../../../../arm-none-eabi/lib/thumb/v7-m/nofp/crt0.o (exit)
r:/mcu-tools/arm-gcc/bin/../lib/gcc/arm-none-eabi/8.2.1/../../../../arm-none-eabi/lib/thumb/v7-m/nofp\libc_nano.a(lib_a-impure.o)
                              r:/mcu-tools/arm-gcc/bin/../lib/gcc/arm-none-eabi/8.2.1/../../../../arm-none-eabi/lib/thumb/v7-m/nofp\libc_nano.a(lib_a-exit.o) (_global_impure_ptr)
r:/mcu-tools/arm-gcc/bin/../lib/gcc/arm-none-eabi/8.2.1/../../../../arm-none-eabi/lib/thumb/v7-m/nofp\libc_nano.a(lib_a-init.o)
                              r:/mcu-tools/arm-gcc/bin/../lib/gcc/arm-none-eabi/8.2.1/../../../../arm-none-eabi/lib/thumb/v7-m/nofp/crt0.o (__libc_init_array)
r:/mcu-tools/arm-gcc/bin/../lib/gcc/arm-none-eabi/8.2.1/../../../../arm-none-eabi/lib/thumb/v7-m/nofp\libc_nano.a(lib_a-memset.o)
                              r:/mcu-tools/arm-gcc/bin/../lib/gcc/arm-none-eabi/8.2.1/../../../../arm-none-eabi/lib/thumb/v7-m/nofp/crt0.o (memset)
r:/mcu-tools/arm-gcc/bin/../lib/gcc/arm-none-eabi/8.2.1/../../../../arm-none-eabi/lib/thumb/v7-m/nofp\libc_nano.a(lib_a-printf.o)
                              build/main.o (printf)
r:/mcu-tools/arm-gcc/bin/../lib/gcc/arm-none-eabi/8.2.1/../../../../arm-none-eabi/lib/thumb/v7-m/nofp\libc_nano.a(lib_a-snprintf.o)
                              build/main.o (snprintf)
r:/mcu-tools/arm-gcc/bin/../lib/gcc/arm-none-eabi/8.2.1/../../../../arm-none-eabi/lib/thumb/v7-m/nofp\libc_nano.a(lib_a-strlen.o)
                              build/main.o (strlen)
r:/mcu-tools/arm-gcc/bin/../lib/gcc/arm-none-eabi/8.2.1/../../../../arm-none-eabi/lib/thumb/v7-m/nofp\libc_nano.a(lib_a-strncmp.o)
                              build/main.o (strncmp)
r:/mcu-tools/arm-gcc/bin/../lib/gcc/arm-none-eabi/8.2.1/../../../../arm-none-eabi/lib/thumb/v7-m/nofp\libc_nano.a(lib_a-strtok.o)
                              build/main.o (strtok)
r:/mcu-tools/arm-gcc/bin/../lib/gcc/arm-none-eabi/8.2.1/../../../../arm-none-eabi/lib/thumb/v7-m/nofp\libc_nano.a(lib_a-strtok_r.o)
                              r:/mcu-tools/arm-gcc/bin/../lib/gcc/arm-none-eabi/8.2.1/../../../../arm-none-eabi/lib/thumb/v7-m/nofp\libc_nano.a(lib_a-strtok.o) (__strtok_r)
r:/mcu-tools/arm-gcc/bin/../lib/gcc/arm-none-eabi/8.2.1/../../../../arm-none-eabi/lib/thumb/v7-m/nofp\libc_nano.a(lib_a-strtol.o)
                              build/main.o (strtol)
r:/mcu-tools/arm-gcc/bin/../lib/gcc/arm-none-eabi/8.2.1/../../../../arm-none-eabi/lib/thumb/v7-m/nofp\libc_nano.a(lib_a-findfp.o)
                              r:/mcu-tools/arm-gcc/bin/../lib/gcc/arm-none-eabi/8.2.1/../../../../arm-none-eabi/lib/thumb/v7-m/nofp\libc_nano.a(lib_a-printf.o) (__sinit)
r:/mcu-tools/arm-gcc/bin/../lib/gcc/arm-none-eabi/8.2.1/../../../../arm-none-eabi/lib/thumb/v7-m/nofp\libc_nano.a(lib_a-fwalk.o)
                              r:/mcu-tools/arm-gcc/bin/../lib/gcc/arm-none-eabi/8.2.1/../../../../arm-none-eabi/lib/thumb/v7-m/nofp\libc_nano.a(lib_a-findfp.o) (_fwalk)
r:/mcu-tools/arm-gcc/bin/../lib/gcc/arm-none-eabi/8.2.1/../../../../arm-none-eabi/lib/thumb/v7-m/nofp\libc_nano.a(lib_a-lock.o)
                              r:/mcu-tools/arm-gcc/bin/../lib/gcc/arm-none-eabi/8.2.1/../../../../arm-none-eabi/lib/thumb/v7-m/nofp\libc_nano.a(lib_a-findfp.o) (__retarget_lock_init_recursive)
r:/mcu-tools/arm-gcc/bin/../lib/gcc/arm-none-eabi/8.2.1/../../../../arm-none-eabi/lib/thumb/v7-m/nofp\libc_nano.a(lib_a-malloc.o)
                              r:/mcu-tools/arm-gcc/bin/../lib/gcc/arm-none-eabi/8.2.1/../../../../arm-none-eabi/lib/thumb/v7-m/nofp\libc_nano.a(lib_a-strtok.o) (malloc)
r:/mcu-tools/arm-gcc/bin/../lib/gcc/arm-none-eabi/8.2.1/../../../../arm-none-eabi/lib/thumb/v7-m/nofp\libc_nano.a(lib_a-nano-freer.o)
                              r:/mcu-tools/arm-gcc/bin/../lib/gcc/arm-none-eabi/8.2.1/../../../../arm-none-eabi/lib/thumb/v7-m/nofp\libc_nano.a(lib_a-malloc.o) (_free_r)
r:/mcu-tools/arm-gcc/bin/../lib/gcc/arm-none-eabi/8.2.1/../../../../arm-none-eabi/lib/thumb/v7-m/nofp\libc_nano.a(lib_a-nano-mallocr.o)
                              r:/mcu-tools/arm-gcc/bin/../lib/gcc/arm-none-eabi/8.2.1/../../../../arm-none-eabi/lib/thumb/v7-m/nofp\libc_nano.a(lib_a-findfp.o) (_malloc_r)
r:/mcu-tools/arm-gcc/bin/../lib/gcc/arm-none-eabi/8.2.1/../../../../arm-none-eabi/lib/thumb/v7-m/nofp\libc_nano.a(lib_a-nano-svfprintf.o)
                              r:/mcu-tools/arm-gcc/bin/../lib/gcc/arm-none-eabi/8.2.1/../../../../arm-none-eabi/lib/thumb/v7-m/nofp\libc_nano.a(lib_a-snprintf.o) (_svfprintf_r)
[...]
Memory Configuration

Name             Origin             Length             Attributes
RAM              0x0000000020000000 0x0000000000010000 xrw
FLASH            0x0000000008000000 0x0000000000080000 xr
*default*        0x0000000000000000 0xffffffffffffffff

Linker script and memory map

LOAD r:/mcu-tools/arm-gcc/bin/../lib/gcc/arm-none-eabi/8.2.1/thumb/v7-m/nofp/crti.o
LOAD r:/mcu-tools/arm-gcc/bin/../lib/gcc/arm-none-eabi/8.2.1/thumb/v7-m/nofp/crtbegin.o
LOAD r:/mcu-tools/arm-gcc/bin/../lib/gcc/arm-none-eabi/8.2.1/../../../../arm-none-eabi/lib/thumb/v7-m/nofp/crt0.o
LOAD build/main.o
LOAD build/gpio_stm32f1.o
LOAD build/init_stm32f103.o
LOAD build/driver_flash.o
LOAD build/hwIndependentFunctions.o
LOAD build/system_stm32f10x.o
LOAD build/startup_stm32f103xe.o
LOAD r:/mcu-tools/arm-gcc/bin/../lib/gcc/arm-none-eabi/8.2.1/../../../../arm-none-eabi/lib/thumb/v7-m/nofp\libc_nano.a
LOAD r:/mcu-tools/arm-gcc/bin/../lib/gcc/arm-none-eabi/8.2.1/../../../../arm-none-eabi/lib/thumb/v7-m/nofp\libm.a
LOAD r:/mcu-tools/arm-gcc/bin/../lib/gcc/arm-none-eabi/8.2.1/../../../../arm-none-eabi/lib/thumb/v7-m/nofp\libnosys.a
START GROUP
LOAD r:/mcu-tools/arm-gcc/bin/../lib/gcc/arm-none-eabi/8.2.1/thumb/v7-m/nofp\libgcc.a
LOAD r:/mcu-tools/arm-gcc/bin/../lib/gcc/arm-none-eabi/8.2.1/../../../../arm-none-eabi/lib/thumb/v7-m/nofp\libc_nano.a
END GROUP
START GROUP
LOAD r:/mcu-tools/arm-gcc/bin/../lib/gcc/arm-none-eabi/8.2.1/thumb/v7-m/nofp\libgcc.a
LOAD r:/mcu-tools/arm-gcc/bin/../lib/gcc/arm-none-eabi/8.2.1/../../../../arm-none-eabi/lib/thumb/v7-m/nofp\libc_nano.a
END GROUP
LOAD r:/mcu-tools/arm-gcc/bin/../lib/gcc/arm-none-eabi/8.2.1/thumb/v7-m/nofp/crtend.o
LOAD r:/mcu-tools/arm-gcc/bin/../lib/gcc/arm-none-eabi/8.2.1/thumb/v7-m/nofp/crtn.o
                0x0000000020010000                _estack = 0x20010000
                0x0000000000000200                _Min_Heap_Size = 0x200
                0x0000000000000400                _Min_Stack_Size = 0x400

.isr_vector     0x0000000008000000      0x1e4
                0x0000000008000000                . = ALIGN (0x4)
 *(.isr_vector)
 .isr_vector    0x0000000008000000      0x1e4 build/startup_stm32f103xe.o
                0x0000000008000000                g_pfnVectors
                0x00000000080001e4                . = ALIGN (0x4)

.text           0x00000000080001e4     0x26c0
                0x00000000080001e4                . = ALIGN (0x4)
 *(.text)
 .text          0x00000000080001e4       0x10 r:/mcu-tools/arm-gcc/bin/../lib/gcc/arm-none-eabi/8.2.1/../../../../arm-none-eabi/lib/thumb/v7-m/nofp\libc_nano.a(lib_a-strlen.o)
                0x00000000080001e4                strlen
 *(.text*)
 .text.deregister_tm_clones
                0x00000000080001f4       0x1c r:/mcu-tools/arm-gcc/bin/../lib/gcc/arm-none-eabi/8.2.1/thumb/v7-m/nofp/crtbegin.o
 .text.register_tm_clones
                0x0000000008000210       0x24 r:/mcu-tools/arm-gcc/bin/../lib/gcc/arm-none-eabi/8.2.1/thumb/v7-m/nofp/crtbegin.o
 .text.__do_global_dtors_aux
                0x0000000008000234       0x28 r:/mcu-tools/arm-gcc/bin/../lib/gcc/arm-none-eabi/8.2.1/thumb/v7-m/nofp/crtbegin.o
 .text.frame_dummy
                0x000000000800025c       0x24 r:/mcu-tools/arm-gcc/bin/../lib/gcc/arm-none-eabi/8.2.1/thumb/v7-m/nofp/crtbegin.o
 .text.resetCC  0x0000000008000280       0x1c build/main.o
                0x0000000008000280                resetCC
 .text.copyCCtoLC
                0x000000000800029c       0x20 build/main.o
                0x000000000800029c                copyCCtoLC
 .text.DataBusRead
                0x00000000080002bc       0x28 build/main.o
                0x00000000080002bc                DataBusRead
 .text.DataBusWrite
                0x00000000080002e4       0x28 build/main.o
                0x00000000080002e4                DataBusWrite
 .text.SendMessage
                0x000000000800030c       0x48 build/main.o
                0x000000000800030c                SendMessage
 .text.DefaultCommand
                0x0000000008000354       0x20 build/main.o
                0x0000000008000354                DefaultCommand
 .text.HelpCommand
                0x0000000008000374       0x4c build/main.o
                0x0000000008000374                HelpCommand
 .text.ReadCommand
                0x00000000080003c0       0xd0 build/main.o
                0x00000000080003c0                ReadCommand
 .text.WriteCommand
                0x0000000008000490       0xac build/main.o
                0x0000000008000490                WriteCommand
 .text.taskExecCommand
                0x000000000800053c       0x58 build/main.o
                0x000000000800053c                taskExecCommand
 .text.errorType
                0x0000000008000594       0xc4 build/main.o
                0x0000000008000594                errorType
 .text.SaveCommand
                0x0000000008000658       0x54 build/main.o
                0x0000000008000658                SaveCommand
 .text.initDeviceConfig
                0x00000000080006ac       0x7c build/main.o
                0x00000000080006ac                initDeviceConfig
 .text.parseUARTMessage
                0x0000000008000728      0x6d4 build/main.o
                0x0000000008000728                parseUARTMessage
 .text.RecieveMessage
                0x0000000008000dfc       0x68 build/main.o
                0x0000000008000dfc                RecieveMessage
 .text.USART1_IRQHandler
                0x0000000008000e64       0x28 build/main.o
                0x0000000008000e64                USART1_IRQHandler
 .text.main     0x0000000008000e8c       0x2c build/main.o
                0x0000000008000e8c                main
 .text.IO_ConfigLine
                0x0000000008000eb8       0x70 build/gpio_stm32f1.o
                0x0000000008000eb8                IO_ConfigLine
 .text.IO_Init  0x0000000008000f28       0x58 build/gpio_stm32f1.o
                0x0000000008000f28                IO_Init
 .text.IO_SetLine
                0x0000000008000f80       0x30 build/gpio_stm32f1.o
                0x0000000008000f80                IO_SetLine
 .text.initUSART1_19200
                0x0000000008000fb0       0x68 build/init_stm32f103.o
                0x0000000008000fb0                initUSART1_19200
 .text.initIRQHandler
                0x0000000008001018       0x24 build/init_stm32f103.o
                0x0000000008001018                initIRQHandler
 .text.initTIM1_msTimer
                0x000000000800103c       0x6c build/init_stm32f103.o
                0x000000000800103c                initTIM1_msTimer
 .text.initTIM3CH2_externalCounter
                0x00000000080010a8       0xb4 build/init_stm32f103.o
                0x00000000080010a8                initTIM3CH2_externalCounter
 .text.flash_lock
                0x000000000800115c       0x10 build/driver_flash.o
                0x000000000800115c                flash_lock
 .text.flash_unlock
                0x000000000800116c       0x18 build/driver_flash.o
                0x000000000800116c                flash_unlock
 .text.flash_erase_page
                0x0000000008001184       0x30 build/driver_flash.o
                0x0000000008001184                flash_erase_page
 .text.flash_write
                0x00000000080011b4       0x40 build/driver_flash.o
                0x00000000080011b4                flash_write
 .text.checkHexFormat
                0x00000000080011f4       0x2c build/hwIndependentFunctions.o
                0x00000000080011f4                checkHexFormat
 .text.checkRange
                0x0000000008001220        0xa build/hwIndependentFunctions.o
                0x0000000008001220                checkRange
 .text.checkParity
                0x000000000800122a        0x6 build/hwIndependentFunctions.o
                0x000000000800122a                checkParity
 .text.SystemInit
                0x0000000008001230      0x104 build/system_stm32f10x.o
                0x0000000008001230                SystemInit
 .text.Reset_Handler
                0x0000000008001334       0x48 build/startup_stm32f103xe.o
                0x0000000008001334                Reset_Handler
 .text.Default_Handler
                0x000000000800137c        0x2 build/startup_stm32f103xe.o
                0x000000000800137c                RTC_Alarm_IRQHandler
                0x000000000800137c                EXTI2_IRQHandler
                0x000000000800137c                TIM8_TRG_COM_IRQHandler
                0x000000000800137c                TIM8_CC_IRQHandler
                0x000000000800137c                DebugMon_Handler
                0x000000000800137c                TIM1_CC_IRQHandler
                0x000000000800137c                HardFault_Handler
                0x000000000800137c                TIM6_IRQHandler
                0x000000000800137c                SysTick_Handler
                0x000000000800137c                PVD_IRQHandler
                0x000000000800137c                SDIO_IRQHandler
                0x000000000800137c                PendSV_Handler
                0x000000000800137c                NMI_Handler
                0x000000000800137c                EXTI3_IRQHandler
                0x000000000800137c                EXTI0_IRQHandler
                0x000000000800137c                I2C2_EV_IRQHandler
                0x000000000800137c                UsageFault_Handler
                0x000000000800137c                ADC1_2_IRQHandler
                0x000000000800137c                SPI1_IRQHandler
                0x000000000800137c                TAMPER_IRQHandler
                0x000000000800137c                TIM8_UP_IRQHandler
                0x000000000800137c                DMA2_Channel2_IRQHandler
                0x000000000800137c                DMA1_Channel4_IRQHandler
                0x000000000800137c                USART3_IRQHandler
                0x000000000800137c                RTC_IRQHandler
                0x000000000800137c                DMA1_Channel7_IRQHandler
                0x000000000800137c                CAN1_RX1_IRQHandler
                0x000000000800137c                UART5_IRQHandler
                0x000000000800137c                ADC3_IRQHandler
                0x000000000800137c                TIM4_IRQHandler
                0x000000000800137c                DMA2_Channel1_IRQHandler
                0x000000000800137c                I2C1_EV_IRQHandler
                0x000000000800137c                DMA1_Channel6_IRQHandler
                0x000000000800137c                UART4_IRQHandler
                0x000000000800137c                TIM3_IRQHandler
                0x000000000800137c                RCC_IRQHandler
                0x000000000800137c                TIM1_TRG_COM_IRQHandler
                0x000000000800137c                DMA1_Channel1_IRQHandler
                0x000000000800137c                Default_Handler
                0x000000000800137c                EXTI15_10_IRQHandler
                0x000000000800137c                TIM7_IRQHandler
                0x000000000800137c                TIM5_IRQHandler
                0x000000000800137c                EXTI9_5_IRQHandler
                0x000000000800137c                SPI2_IRQHandler
                0x000000000800137c                MemManage_Handler
                0x000000000800137c                SVC_Handler
                0x000000000800137c                DMA1_Channel5_IRQHandler
                0x000000000800137c                EXTI4_IRQHandler
                0x000000000800137c                USB_LP_CAN1_RX0_IRQHandler
                0x000000000800137c                USB_HP_CAN1_TX_IRQHandler
                0x000000000800137c                DMA1_Channel3_IRQHandler
                0x000000000800137c                FSMC_IRQHandler
                0x000000000800137c                TIM1_UP_IRQHandler
                0x000000000800137c                WWDG_IRQHandler
                0x000000000800137c                TIM2_IRQHandler
                0x000000000800137c                TIM1_BRK_IRQHandler
                0x000000000800137c                EXTI1_IRQHandler
                0x000000000800137c                DMA2_Channel4_5_IRQHandler
                0x000000000800137c                USART2_IRQHandler
                0x000000000800137c                I2C2_ER_IRQHandler
                0x000000000800137c                DMA1_Channel2_IRQHandler
                0x000000000800137c                TIM8_BRK_IRQHandler
                0x000000000800137c                CAN1_SCE_IRQHandler
                0x000000000800137c                FLASH_IRQHandler
                0x000000000800137c                BusFault_Handler
                0x000000000800137c                SPI3_IRQHandler
                0x000000000800137c                I2C1_ER_IRQHandler
                0x000000000800137c                USBWakeUp_IRQHandler
                0x000000000800137c                DMA2_Channel3_IRQHandler
 *fill*         0x000000000800137e        0x2 
 .text.__libc_init_array
                0x0000000008001380       0x48 r:/mcu-tools/arm-gcc/bin/../lib/gcc/arm-none-eabi/8.2.1/../../../../arm-none-eabi/lib/thumb/v7-m/nofp\libc_nano.a(lib_a-init.o)
                0x0000000008001380                __libc_init_array
 .text.memset   0x00000000080013c8       0x10 r:/mcu-tools/arm-gcc/bin/../lib/gcc/arm-none-eabi/8.2.1/../../../../arm-none-eabi/lib/thumb/v7-m/nofp\libc_nano.a(lib_a-memset.o)
                0x00000000080013c8                memset
 .text.printf   0x00000000080013d8       0x30 r:/mcu-tools/arm-gcc/bin/../lib/gcc/arm-none-eabi/8.2.1/../../../../arm-none-eabi/lib/thumb/v7-m/nofp\libc_nano.a(lib_a-printf.o)
                0x00000000080013d8                iprintf
                0x00000000080013d8                printf
 .text.snprintf
                0x0000000008001408       0x68 r:/mcu-tools/arm-gcc/bin/../lib/gcc/arm-none-eabi/8.2.1/../../../../arm-none-eabi/lib/thumb/v7-m/nofp\libc_nano.a(lib_a-snprintf.o)
                0x0000000008001408                sniprintf
                0x0000000008001408                snprintf
 .text.strncmp  0x0000000008001470       0x24 r:/mcu-tools/arm-gcc/bin/../lib/gcc/arm-none-eabi/8.2.1/../../../../arm-none-eabi/lib/thumb/v7-m/nofp\libc_nano.a(lib_a-strncmp.o)
                0x0000000008001470                strncmp
 .text.strtok   0x0000000008001494       0x54 r:/mcu-tools/arm-gcc/bin/../lib/gcc/arm-none-eabi/8.2.1/../../../../arm-none-eabi/lib/thumb/v7-m/nofp\libc_nano.a(lib_a-strtok.o)
                0x0000000008001494                strtok
 .text.__strtok_r
                0x00000000080014e8       0x52 r:/mcu-tools/arm-gcc/bin/../lib/gcc/arm-none-eabi/8.2.1/../../../../arm-none-eabi/lib/thumb/v7-m/nofp\libc_nano.a(lib_a-strtok_r.o)
                0x00000000080014e8                __strtok_r
 *fill*         0x000000000800153a        0x2 
 .text._strtol_l.isra.0
                0x000000000800153c       0xf0 r:/mcu-tools/arm-gcc/bin/../lib/gcc/arm-none-eabi/8.2.1/../../../../arm-none-eabi/lib/thumb/v7-m/nofp\libc_nano.a(lib_a-strtol.o)
 .text.strtol   0x000000000800162c       0x14 r:/mcu-tools/arm-gcc/bin/../lib/gcc/arm-none-eabi/8.2.1/../../../../arm-none-eabi/lib/thumb/v7-m/nofp\libc_nano.a(lib_a-strtol.o)
                0x000000000800162c                strtol
 .text.std      0x0000000008001640       0x48 r:/mcu-tools/arm-gcc/bin/../lib/gcc/arm-none-eabi/8.2.1/../../../../arm-none-eabi/lib/thumb/v7-m/nofp\libc_nano.a(lib_a-findfp.o)
 .text._cleanup_r
                0x0000000008001688        0xc r:/mcu-tools/arm-gcc/bin/../lib/gcc/arm-none-eabi/8.2.1/../../../../arm-none-eabi/lib/thumb/v7-m/nofp\libc_nano.a(lib_a-findfp.o)
                0x0000000008001688                _cleanup_r
 .text.__sfmoreglue
                0x0000000008001694       0x2c r:/mcu-tools/arm-gcc/bin/../lib/gcc/arm-none-eabi/8.2.1/../../../../arm-none-eabi/lib/thumb/v7-m/nofp\libc_nano.a(lib_a-findfp.o)
                0x0000000008001694                __sfmoreglue
 .text.__sfp_lock_acquire
                0x00000000080016c0        0xc r:/mcu-tools/arm-gcc/bin/../lib/gcc/arm-none-eabi/8.2.1/../../../../arm-none-eabi/lib/thumb/v7-m/nofp\libc_nano.a(lib_a-findfp.o)
                0x00000000080016c0                __sfp_lock_acquire
 .text.__sfp_lock_release
                0x00000000080016cc        0xc r:/mcu-tools/arm-gcc/bin/../lib/gcc/arm-none-eabi/8.2.1/../../../../arm-none-eabi/lib/thumb/v7-m/nofp\libc_nano.a(lib_a-findfp.o)
                0x00000000080016cc                __sfp_lock_release
 .text.__sinit_lock_acquire
                0x00000000080016d8        0xc r:/mcu-tools/arm-gcc/bin/../lib/gcc/arm-none-eabi/8.2.1/../../../../arm-none-eabi/lib/thumb/v7-m/nofp\libc_nano.a(lib_a-findfp.o)
                0x00000000080016d8                __sinit_lock_acquire
 .text.__sinit_lock_release
                0x00000000080016e4        0xc r:/mcu-tools/arm-gcc/bin/../lib/gcc/arm-none-eabi/8.2.1/../../../../arm-none-eabi/lib/thumb/v7-m/nofp\libc_nano.a(lib_a-findfp.o)
                0x00000000080016e4                __sinit_lock_release
 .text.__sinit  0x00000000080016f0       0x70 r:/mcu-tools/arm-gcc/bin/../lib/gcc/arm-none-eabi/8.2.1/../../../../arm-none-eabi/lib/thumb/v7-m/nofp\libc_nano.a(lib_a-findfp.o)
                0x00000000080016f0                __sinit
 .text.__sfp    0x0000000008001760       0x8c r:/mcu-tools/arm-gcc/bin/../lib/gcc/arm-none-eabi/8.2.1/../../../../arm-none-eabi/lib/thumb/v7-m/nofp\libc_nano.a(lib_a-findfp.o)
                0x0000000008001760                __sfp
 .text._fwalk_reent
                0x00000000080017ec       0x3c r:/mcu-tools/arm-gcc/bin/../lib/gcc/arm-none-eabi/8.2.1/../../../../arm-none-eabi/lib/thumb/v7-m/nofp\libc_nano.a(lib_a-fwalk.o)
                0x00000000080017ec                _fwalk_reent
 .text.__retarget_lock_init_recursive
                0x0000000008001828        0x2 r:/mcu-tools/arm-gcc/bin/../lib/gcc/arm-none-eabi/8.2.1/../../../../arm-none-eabi/lib/thumb/v7-m/nofp\libc_nano.a(lib_a-lock.o)
                0x0000000008001828                __retarget_lock_init_recursive
 .text.__retarget_lock_acquire_recursive
                0x000000000800182a        0x2 r:/mcu-tools/arm-gcc/bin/../lib/gcc/arm-none-eabi/8.2.1/../../../../arm-none-eabi/lib/thumb/v7-m/nofp\libc_nano.a(lib_a-lock.o)
                0x000000000800182a                __retarget_lock_acquire_recursive
 .text.__retarget_lock_release_recursive
                0x000000000800182c        0x2 r:/mcu-tools/arm-gcc/bin/../lib/gcc/arm-none-eabi/8.2.1/../../../../arm-none-eabi/lib/thumb/v7-m/nofp\libc_nano.a(lib_a-lock.o)
                0x000000000800182c                __retarget_lock_release_recursive
 *fill*         0x000000000800182e        0x2 
 .text.malloc   0x0000000008001830       0x10 r:/mcu-tools/arm-gcc/bin/../lib/gcc/arm-none-eabi/8.2.1/../../../../arm-none-eabi/lib/thumb/v7-m/nofp\libc_nano.a(lib_a-malloc.o)
                0x0000000008001830                malloc
 .text._free_r  0x0000000008001840       0x98 r:/mcu-tools/arm-gcc/bin/../lib/gcc/arm-none-eabi/8.2.1/../../../../arm-none-eabi/lib/thumb/v7-m/nofp\libc_nano.a(lib_a-nano-freer.o)
                0x0000000008001840                _free_r
 .text._malloc_r
                0x00000000080018d8       0xb4 r:/mcu-tools/arm-gcc/bin/../lib/gcc/arm-none-eabi/8.2.1/../../../../arm-none-eabi/lib/thumb/v7-m/nofp\libc_nano.a(lib_a-nano-mallocr.o)
                0x00000000080018d8                _malloc_r
 .text.__ssputs_r
                0x000000000800198c       0xb6 r:/mcu-tools/arm-gcc/bin/../lib/gcc/arm-none-eabi/8.2.1/../../../../arm-none-eabi/lib/thumb/v7-m/nofp\libc_nano.a(lib_a-nano-svfprintf.o)
                0x000000000800198c                __ssputs_r
 *fill*         0x0000000008001a42        0x2 
 .text._svfprintf_r
                0x0000000008001a44      0x1f0 r:/mcu-tools/arm-gcc/bin/../lib/gcc/arm-none-eabi/8.2.1/../../../../arm-none-eabi/lib/thumb/v7-m/nofp\libc_nano.a(lib_a-nano-svfprintf.o)
                0x0000000008001a44                _svfiprintf_r
                0x0000000008001a44                _svfprintf_r
 .text.__sfputc_r
                0x0000000008001c34       0x2a r:/mcu-tools/arm-gcc/bin/../lib/gcc/arm-none-eabi/8.2.1/../../../../arm-none-eabi/lib/thumb/v7-m/nofp\libc_nano.a(lib_a-nano-vfprintf.o)
 .text.__sfputs_r
                0x0000000008001c5e       0x24 r:/mcu-tools/arm-gcc/bin/../lib/gcc/arm-none-eabi/8.2.1/../../../../arm-none-eabi/lib/thumb/v7-m/nofp\libc_nano.a(lib_a-nano-vfprintf.o)
                0x0000000008001c5e                __sfputs_r
 *fill*         0x0000000008001c82        0x2 
 .text._vfprintf_r
                0x0000000008001c84      0x250 r:/mcu-tools/arm-gcc/bin/../lib/gcc/arm-none-eabi/8.2.1/../../../../arm-none-eabi/lib/thumb/v7-m/nofp\libc_nano.a(lib_a-nano-vfprintf.o)
                0x0000000008001c84                _vfprintf_r
                0x0000000008001c84                _vfiprintf_r
 .text._printf_common
                0x0000000008001ed4       0xec r:/mcu-tools/arm-gcc/bin/../lib/gcc/arm-none-eabi/8.2.1/../../../../arm-none-eabi/lib/thumb/v7-m/nofp\libc_nano.a(lib_a-nano-vfprintf_i.o)
                0x0000000008001ed4                _printf_common
 .text._printf_i
                0x0000000008001fc0      0x22c r:/mcu-tools/arm-gcc/bin/../lib/gcc/arm-none-eabi/8.2.1/../../../../arm-none-eabi/lib/thumb/v7-m/nofp\libc_nano.a(lib_a-nano-vfprintf_i.o)
                0x0000000008001fc0                _printf_i
 .text._sbrk_r  0x00000000080021ec       0x20 r:/mcu-tools/arm-gcc/bin/../lib/gcc/arm-none-eabi/8.2.1/../../../../arm-none-eabi/lib/thumb/v7-m/nofp\libc_nano.a(lib_a-sbrkr.o)
                0x00000000080021ec                _sbrk_r
 .text.__sread  0x000000000800220c       0x22 r:/mcu-tools/arm-gcc/bin/../lib/gcc/arm-none-eabi/8.2.1/../../../../arm-none-eabi/lib/thumb/v7-m/nofp\libc_nano.a(lib_a-stdio.o)
                0x000000000800220c                __sread
 .text.__swrite
                0x000000000800222e       0x38 r:/mcu-tools/arm-gcc/bin/../lib/gcc/arm-none-eabi/8.2.1/../../../../arm-none-eabi/lib/thumb/v7-m/nofp\libc_nano.a(lib_a-stdio.o)
                0x000000000800222e                __swrite
 .text.__sseek  0x0000000008002266       0x24 r:/mcu-tools/arm-gcc/bin/../lib/gcc/arm-none-eabi/8.2.1/../../../../arm-none-eabi/lib/thumb/v7-m/nofp\libc_nano.a(lib_a-stdio.o)
                0x0000000008002266                __sseek
 .text.__sclose
                0x000000000800228a        0x8 r:/mcu-tools/arm-gcc/bin/../lib/gcc/arm-none-eabi/8.2.1/../../../../arm-none-eabi/lib/thumb/v7-m/nofp\libc_nano.a(lib_a-stdio.o)
                0x000000000800228a                __sclose
 *fill*         0x0000000008002292        0x2 
 .text.__swbuf_r
                0x0000000008002294       0xa4 r:/mcu-tools/arm-gcc/bin/../lib/gcc/arm-none-eabi/8.2.1/../../../../arm-none-eabi/lib/thumb/v7-m/nofp\libc_nano.a(lib_a-wbuf.o)
                0x0000000008002294                __swbuf_r
 .text._write_r
                0x0000000008002338       0x24 r:/mcu-tools/arm-gcc/bin/../lib/gcc/arm-none-eabi/8.2.1/../../../../arm-none-eabi/lib/thumb/v7-m/nofp\libc_nano.a(lib_a-writer.o)
                0x0000000008002338                _write_r
 .text.__swsetup_r
                0x000000000800235c       0xdc r:/mcu-tools/arm-gcc/bin/../lib/gcc/arm-none-eabi/8.2.1/../../../../arm-none-eabi/lib/thumb/v7-m/nofp\libc_nano.a(lib_a-wsetup.o)
                0x000000000800235c                __swsetup_r
 .text._close_r
                0x0000000008002438       0x20 r:/mcu-tools/arm-gcc/bin/../lib/gcc/arm-none-eabi/8.2.1/../../../../arm-none-eabi/lib/thumb/v7-m/nofp\libc_nano.a(lib_a-closer.o)
                0x0000000008002438                _close_r
 .text.__sflush_r
                0x0000000008002458      0x10c r:/mcu-tools/arm-gcc/bin/../lib/gcc/arm-none-eabi/8.2.1/../../../../arm-none-eabi/lib/thumb/v7-m/nofp\libc_nano.a(lib_a-fflush.o)
                0x0000000008002458                __sflush_r
 .text._fflush_r
                0x0000000008002564       0x78 r:/mcu-tools/arm-gcc/bin/../lib/gcc/arm-none-eabi/8.2.1/../../../../arm-none-eabi/lib/thumb/v7-m/nofp\libc_nano.a(lib_a-fflush.o)
                0x0000000008002564                _fflush_r
 .text._lseek_r
                0x00000000080025dc       0x24 r:/mcu-tools/arm-gcc/bin/../lib/gcc/arm-none-eabi/8.2.1/../../../../arm-none-eabi/lib/thumb/v7-m/nofp\libc_nano.a(lib_a-lseekr.o)
                0x00000000080025dc                _lseek_r
 .text.__swhatbuf_r
                0x0000000008002600       0x48 r:/mcu-tools/arm-gcc/bin/../lib/gcc/arm-none-eabi/8.2.1/../../../../arm-none-eabi/lib/thumb/v7-m/nofp\libc_nano.a(lib_a-makebuf.o)
                0x0000000008002600                __swhatbuf_r
 .text.__smakebuf_r
                0x0000000008002648       0x80 r:/mcu-tools/arm-gcc/bin/../lib/gcc/arm-none-eabi/8.2.1/../../../../arm-none-eabi/lib/thumb/v7-m/nofp\libc_nano.a(lib_a-makebuf.o)
                0x0000000008002648                __smakebuf_r
 .text.memchr   0x00000000080026c8       0x1c r:/mcu-tools/arm-gcc/bin/../lib/gcc/arm-none-eabi/8.2.1/../../../../arm-none-eabi/lib/thumb/v7-m/nofp\libc_nano.a(lib_a-memchr-stub.o)
                0x00000000080026c8                memchr
 .text.memcpy   0x00000000080026e4       0x1c r:/mcu-tools/arm-gcc/bin/../lib/gcc/arm-none-eabi/8.2.1/../../../../arm-none-eabi/lib/thumb/v7-m/nofp\libc_nano.a(lib_a-memcpy-stub.o)
                0x00000000080026e4                memcpy
 .text.memmove  0x0000000008002700       0x34 r:/mcu-tools/arm-gcc/bin/../lib/gcc/arm-none-eabi/8.2.1/../../../../arm-none-eabi/lib/thumb/v7-m/nofp\libc_nano.a(lib_a-memmove.o)
                0x0000000008002700                memmove
 .text.__malloc_lock
                0x0000000008002734        0xc r:/mcu-tools/arm-gcc/bin/../lib/gcc/arm-none-eabi/8.2.1/../../../../arm-none-eabi/lib/thumb/v7-m/nofp\libc_nano.a(lib_a-mlock.o)
                0x0000000008002734                __malloc_lock
 .text.__malloc_unlock
                0x0000000008002740        0xc r:/mcu-tools/arm-gcc/bin/../lib/gcc/arm-none-eabi/8.2.1/../../../../arm-none-eabi/lib/thumb/v7-m/nofp\libc_nano.a(lib_a-mlock.o)
                0x0000000008002740                __malloc_unlock
 .text._realloc_r
                0x000000000800274c       0x4c r:/mcu-tools/arm-gcc/bin/../lib/gcc/arm-none-eabi/8.2.1/../../../../arm-none-eabi/lib/thumb/v7-m/nofp\libc_nano.a(lib_a-nano-reallocr.o)
                0x000000000800274c                _realloc_r
 .text._read_r  0x0000000008002798       0x24 r:/mcu-tools/arm-gcc/bin/../lib/gcc/arm-none-eabi/8.2.1/../../../../arm-none-eabi/lib/thumb/v7-m/nofp\libc_nano.a(lib_a-readr.o)
                0x0000000008002798                _read_r
 .text._fstat_r
                0x00000000080027bc       0x24 r:/mcu-tools/arm-gcc/bin/../lib/gcc/arm-none-eabi/8.2.1/../../../../arm-none-eabi/lib/thumb/v7-m/nofp\libc_nano.a(lib_a-fstatr.o)
                0x00000000080027bc                _fstat_r
 .text._isatty_r
                0x00000000080027e0       0x20 r:/mcu-tools/arm-gcc/bin/../lib/gcc/arm-none-eabi/8.2.1/../../../../arm-none-eabi/lib/thumb/v7-m/nofp\libc_nano.a(lib_a-isattyr.o)
                0x00000000080027e0                _isatty_r
 .text._malloc_usable_size_r
                0x0000000008002800       0x10 r:/mcu-tools/arm-gcc/bin/../lib/gcc/arm-none-eabi/8.2.1/../../../../arm-none-eabi/lib/thumb/v7-m/nofp\libc_nano.a(lib_a-nano-msizer.o)
                0x0000000008002800                _malloc_usable_size_r
 .text._close   0x0000000008002810       0x10 r:/mcu-tools/arm-gcc/bin/../lib/gcc/arm-none-eabi/8.2.1/../../../../arm-none-eabi/lib/thumb/v7-m/nofp\libnosys.a(close.o)
                0x0000000008002810                _close
 .text._fstat   0x0000000008002820       0x10 r:/mcu-tools/arm-gcc/bin/../lib/gcc/arm-none-eabi/8.2.1/../../../../arm-none-eabi/lib/thumb/v7-m/nofp\libnosys.a(fstat.o)
                0x0000000008002820                _fstat
 .text._isatty  0x0000000008002830       0x10 r:/mcu-tools/arm-gcc/bin/../lib/gcc/arm-none-eabi/8.2.1/../../../../arm-none-eabi/lib/thumb/v7-m/nofp\libnosys.a(isatty.o)
                0x0000000008002830                _isatty
 .text._lseek   0x0000000008002840       0x10 r:/mcu-tools/arm-gcc/bin/../lib/gcc/arm-none-eabi/8.2.1/../../../../arm-none-eabi/lib/thumb/v7-m/nofp\libnosys.a(lseek.o)
                0x0000000008002840                _lseek
 .text._read    0x0000000008002850       0x10 r:/mcu-tools/arm-gcc/bin/../lib/gcc/arm-none-eabi/8.2.1/../../../../arm-none-eabi/lib/thumb/v7-m/nofp\libnosys.a(read.o)
                0x0000000008002850                _read
 .text._sbrk    0x0000000008002860       0x1c r:/mcu-tools/arm-gcc/bin/../lib/gcc/arm-none-eabi/8.2.1/../../../../arm-none-eabi/lib/thumb/v7-m/nofp\libnosys.a(sbrk.o)
                0x0000000008002860                _sbrk
 .text._write   0x000000000800287c       0x10 r:/mcu-tools/arm-gcc/bin/../lib/gcc/arm-none-eabi/8.2.1/../../../../arm-none-eabi/lib/thumb/v7-m/nofp\libnosys.a(write.o)
                0x000000000800287c                _write
 *(.glue_7)
 .glue_7        0x000000000800288c        0x0 linker stubs
 *(.glue_7t)
 .glue_7t       0x000000000800288c        0x0 linker stubs
 *(.eh_frame)
 .eh_frame      0x000000000800288c        0x0 r:/mcu-tools/arm-gcc/bin/../lib/gcc/arm-none-eabi/8.2.1/thumb/v7-m/nofp/crtbegin.o
 *(.init)
 .init          0x000000000800288c        0x4 r:/mcu-tools/arm-gcc/bin/../lib/gcc/arm-none-eabi/8.2.1/thumb/v7-m/nofp/crti.o
                0x000000000800288c                _init
 .init          0x0000000008002890        0x8 r:/mcu-tools/arm-gcc/bin/../lib/gcc/arm-none-eabi/8.2.1/thumb/v7-m/nofp/crtn.o
 *(.fini)
 .fini          0x0000000008002898        0x4 r:/mcu-tools/arm-gcc/bin/../lib/gcc/arm-none-eabi/8.2.1/thumb/v7-m/nofp/crti.o
                0x0000000008002898                _fini
 .fini          0x000000000800289c        0x8 r:/mcu-tools/arm-gcc/bin/../lib/gcc/arm-none-eabi/8.2.1/thumb/v7-m/nofp/crtn.o
                0x00000000080028a4                . = ALIGN (0x4)
                0x00000000080028a4                _etext = .

.vfp11_veneer   0x00000000080028a4        0x0
 .vfp11_veneer  0x00000000080028a4        0x0 linker stubs

.v4_bx          0x00000000080028a4        0x0
 .v4_bx         0x00000000080028a4        0x0 linker stubs

.iplt           0x00000000080028a4        0x0
 .iplt          0x00000000080028a4        0x0 r:/mcu-tools/arm-gcc/bin/../lib/gcc/arm-none-eabi/8.2.1/thumb/v7-m/nofp/crtbegin.o

.rodata         0x00000000080028a4      0x704
                0x00000000080028a4                . = ALIGN (0x4)
 *(.rodata)
 *(.rodata*)
 .rodata.DefaultCommand.str1.4
                0x00000000080028a4       0x3d build/main.o
 *fill*         0x00000000080028e1        0x3 
 .rodata.HelpCommand.str1.4
                0x00000000080028e4       0xd9 build/main.o
 *fill*         0x00000000080029bd        0x3 
 .rodata.ReadCommand.str1.4
                0x00000000080029c0       0x2a build/main.o
 *fill*         0x00000000080029ea        0x2 
 .rodata.RecieveMessage.str1.4
                0x00000000080029ec       0x15 build/main.o
 *fill*         0x0000000008002a01        0x3 
 .rodata.SaveCommand.str1.4
                0x0000000008002a04       0x1c build/main.o
 .rodata.USART1_IRQHandler.str1.4
                0x0000000008002a20       0x13 build/main.o
 *fill*         0x0000000008002a33        0x1 
 .rodata.WriteCommand.str1.4
                0x0000000008002a34       0x2a build/main.o
 *fill*         0x0000000008002a5e        0x2 
 .rodata.errorType.str1.4
                0x0000000008002a60      0x14a build/main.o
 *fill*         0x0000000008002baa        0x2 
 .rodata.initDeviceConfig.str1.4
                0x0000000008002bac       0x58 build/main.o
 .rodata.main.str1.4
                0x0000000008002c04        0x6 build/main.o
 *fill*         0x0000000008002c0a        0x2 
 .rodata.parseUARTMessage.str1.4
                0x0000000008002c0c       0x58 build/main.o
                                         0x5f (size before relaxing)
 .rodata.IOs    0x0000000008002c64      0x1a8 build/gpio_stm32f1.o
                0x0000000008002c64                IOs
 .rodata._ctype_
                0x0000000008002e0c      0x101 r:/mcu-tools/arm-gcc/bin/../lib/gcc/arm-none-eabi/8.2.1/../../../../arm-none-eabi/lib/thumb/v7-m/nofp\libc_nano.a(lib_a-ctype_.o)
                0x0000000008002e0c                _ctype_
 *fill*         0x0000000008002f0d        0x3 
 .rodata._global_impure_ptr
                0x0000000008002f10        0x4 r:/mcu-tools/arm-gcc/bin/../lib/gcc/arm-none-eabi/8.2.1/../../../../arm-none-eabi/lib/thumb/v7-m/nofp\libc_nano.a(lib_a-impure.o)
                0x0000000008002f10                _global_impure_ptr
 .rodata.__sf_fake_stderr
                0x0000000008002f14       0x20 r:/mcu-tools/arm-gcc/bin/../lib/gcc/arm-none-eabi/8.2.1/../../../../arm-none-eabi/lib/thumb/v7-m/nofp\libc_nano.a(lib_a-findfp.o)
                0x0000000008002f14                __sf_fake_stderr
 .rodata.__sf_fake_stdin
                0x0000000008002f34       0x20 r:/mcu-tools/arm-gcc/bin/../lib/gcc/arm-none-eabi/8.2.1/../../../../arm-none-eabi/lib/thumb/v7-m/nofp\libc_nano.a(lib_a-findfp.o)
                0x0000000008002f34                __sf_fake_stdin
 .rodata.__sf_fake_stdout
                0x0000000008002f54       0x20 r:/mcu-tools/arm-gcc/bin/../lib/gcc/arm-none-eabi/8.2.1/../../../../arm-none-eabi/lib/thumb/v7-m/nofp\libc_nano.a(lib_a-findfp.o)
                0x0000000008002f54                __sf_fake_stdout
 .rodata._svfprintf_r.str1.1
                0x0000000008002f74       0x11 r:/mcu-tools/arm-gcc/bin/../lib/gcc/arm-none-eabi/8.2.1/../../../../arm-none-eabi/lib/thumb/v7-m/nofp\libc_nano.a(lib_a-nano-svfprintf.o)
 .rodata._vfprintf_r.str1.1
                0x0000000008002f85       0x11 r:/mcu-tools/arm-gcc/bin/../lib/gcc/arm-none-eabi/8.2.1/../../../../arm-none-eabi/lib/thumb/v7-m/nofp\libc_nano.a(lib_a-nano-vfprintf.o)
 .rodata._printf_i.str1.1
                0x0000000008002f85       0x22 r:/mcu-tools/arm-gcc/bin/../lib/gcc/arm-none-eabi/8.2.1/../../../../arm-none-eabi/lib/thumb/v7-m/nofp\libc_nano.a(lib_a-nano-vfprintf_i.o)
                0x0000000008002fa8                . = ALIGN (0x4)
 *fill*         0x0000000008002fa7        0x1 

.rel.dyn        0x0000000008002fa8        0x0
 .rel.iplt      0x0000000008002fa8        0x0 r:/mcu-tools/arm-gcc/bin/../lib/gcc/arm-none-eabi/8.2.1/thumb/v7-m/nofp/crtbegin.o

.ARM.extab
 *(.ARM.extab* .gnu.linkonce.armextab.*)

.ARM            0x0000000008002fa8        0x0
                0x0000000008002fa8                __exidx_start = .
 *(.ARM.exidx*)
                0x0000000008002fa8                __exidx_end = .

.preinit_array  0x0000000008002fa8        0x0
                0x0000000008002fa8                PROVIDE (__preinit_array_start = .)
 *(.preinit_array*)
                0x0000000008002fa8                PROVIDE (__preinit_array_end = .)

.init_array     0x0000000008002fa8        0x4
                0x0000000008002fa8                PROVIDE (__init_array_start = .)
 *(SORT_BY_NAME(.init_array.*))
 *(.init_array*)
 .init_array    0x0000000008002fa8        0x4 r:/mcu-tools/arm-gcc/bin/../lib/gcc/arm-none-eabi/8.2.1/thumb/v7-m/nofp/crtbegin.o
                0x0000000008002fac                PROVIDE (__init_array_end = .)

.fini_array     0x0000000008002fac        0x4
                [!provide]                        PROVIDE (__fini_array_start = .)
 *(SORT_BY_NAME(.fini_array.*))
 *(.fini_array*)
 .fini_array    0x0000000008002fac        0x4 r:/mcu-tools/arm-gcc/bin/../lib/gcc/arm-none-eabi/8.2.1/thumb/v7-m/nofp/crtbegin.o
                [!provide]                        PROVIDE (__fini_array_end = .)
                0x0000000008002fb0                _sidata = LOADADDR (.data)

.data           0x0000000020000000       0x68 load address 0x0000000008002fb0
                0x0000000020000000                . = ALIGN (0x4)
                0x0000000020000000                _sdata = .
 *(.data)
 *(.data*)
 .data.SystemCoreClock
                0x0000000020000000        0x4 build/system_stm32f10x.o
                0x0000000020000000                SystemCoreClock
 .data._impure_ptr
                0x0000000020000004        0x4 r:/mcu-tools/arm-gcc/bin/../lib/gcc/arm-none-eabi/8.2.1/../../../../arm-none-eabi/lib/thumb/v7-m/nofp\libc_nano.a(lib_a-impure.o)
                0x0000000020000004                _impure_ptr
 .data.impure_data
                0x0000000020000008       0x60 r:/mcu-tools/arm-gcc/bin/../lib/gcc/arm-none-eabi/8.2.1/../../../../arm-none-eabi/lib/thumb/v7-m/nofp\libc_nano.a(lib_a-impure.o)
                0x0000000020000068                . = ALIGN (0x4)
                0x0000000020000068                _edata = .

.tm_clone_table
                0x0000000020000068        0x0 load address 0x0000000008003018
 .tm_clone_table
                0x0000000020000068        0x0 r:/mcu-tools/arm-gcc/bin/../lib/gcc/arm-none-eabi/8.2.1/thumb/v7-m/nofp/crtbegin.o
 .tm_clone_table
                0x0000000020000068        0x0 r:/mcu-tools/arm-gcc/bin/../lib/gcc/arm-none-eabi/8.2.1/thumb/v7-m/nofp/crtend.o

.igot.plt       0x0000000020000068        0x0 load address 0x0000000008003018
 .igot.plt      0x0000000020000068        0x0 r:/mcu-tools/arm-gcc/bin/../lib/gcc/arm-none-eabi/8.2.1/thumb/v7-m/nofp/crtbegin.o
                0x0000000020000068                . = ALIGN (0x4)

.bss            0x0000000020000068       0xbc load address 0x0000000008003018
                0x0000000020000068                _sbss = .
                0x0000000020000068                __bss_start__ = _sbss
 *(.bss)
 *(.bss*)
 .bss.completed.6707
                0x0000000020000068        0x1 r:/mcu-tools/arm-gcc/bin/../lib/gcc/arm-none-eabi/8.2.1/thumb/v7-m/nofp/crtbegin.o
 *fill*         0x0000000020000069        0x3 
 .bss.object.6712
                0x000000002000006c       0x18 r:/mcu-tools/arm-gcc/bin/../lib/gcc/arm-none-eabi/8.2.1/thumb/v7-m/nofp/crtbegin.o
 .bss.CurrentCommand
                0x0000000020000084       0x18 build/main.o
                0x0000000020000084                CurrentCommand
 .bss.LastCommand
                0x000000002000009c       0x18 build/main.o
                0x000000002000009c                LastCommand
 .bss.rec_len   0x00000000200000b4        0x4 build/main.o
                0x00000000200000b4                rec_len
 .bss.__malloc_free_list
                0x00000000200000b8        0x4 r:/mcu-tools/arm-gcc/bin/../lib/gcc/arm-none-eabi/8.2.1/../../../../arm-none-eabi/lib/thumb/v7-m/nofp\libc_nano.a(lib_a-nano-mallocr.o)
                0x00000000200000b8                __malloc_free_list
 .bss.__malloc_sbrk_start
                0x00000000200000bc        0x4 r:/mcu-tools/arm-gcc/bin/../lib/gcc/arm-none-eabi/8.2.1/../../../../arm-none-eabi/lib/thumb/v7-m/nofp\libc_nano.a(lib_a-nano-mallocr.o)
                0x00000000200000bc                __malloc_sbrk_start
 .bss.heap_end.4194
                0x00000000200000c0        0x4 r:/mcu-tools/arm-gcc/bin/../lib/gcc/arm-none-eabi/8.2.1/../../../../arm-none-eabi/lib/thumb/v7-m/nofp\libnosys.a(sbrk.o)
 *(COMMON)
 COMMON         0x00000000200000c4       0x50 build/main.o
                0x00000000200000c4                recieved
                0x00000000200000ec                FlashControl
                0x00000000200000f4                DeviceConfiguration
                0x00000000200000f8                UART_Message
 COMMON         0x0000000020000114        0x9 r:/mcu-tools/arm-gcc/bin/../lib/gcc/arm-none-eabi/8.2.1/../../../../arm-none-eabi/lib/thumb/v7-m/nofp\libc_nano.a(lib_a-lock.o)
                0x0000000020000114                __lock___atexit_recursive_mutex
                0x0000000020000115                __lock___arc4random_mutex
                0x0000000020000116                __lock___env_recursive_mutex
                0x0000000020000117                __lock___sinit_recursive_mutex
                0x0000000020000118                __lock___malloc_recursive_mutex
                0x0000000020000119                __lock___at_quick_exit_mutex
                0x000000002000011a                __lock___dd_hash_mutex
                0x000000002000011b                __lock___tz_mutex
                0x000000002000011c                __lock___sfp_recursive_mutex
 *fill*         0x000000002000011d        0x3 
 COMMON         0x0000000020000120        0x4 r:/mcu-tools/arm-gcc/bin/../lib/gcc/arm-none-eabi/8.2.1/../../../../arm-none-eabi/lib/thumb/v7-m/nofp\libc_nano.a(lib_a-reent.o)
                0x0000000020000120                errno
                0x0000000020000124                . = ALIGN (0x4)
                0x0000000020000124                _ebss = .
                0x0000000020000124                __bss_end__ = _ebss

._user_heap_stack
                0x0000000020000124      0x604 load address 0x0000000008003018
                0x0000000020000128                . = ALIGN (0x8)
 *fill*         0x0000000020000124        0x4 
                0x0000000020000128                PROVIDE (end = .)
                [!provide]                        PROVIDE (_end = .)
                0x0000000020000328                . = (. + _Min_Heap_Size)
 *fill*         0x0000000020000128      0x200 
                0x0000000020000728                . = (. + _Min_Stack_Size)
 *fill*         0x0000000020000328      0x400 
                0x0000000020000728                . = ALIGN (0x8)

/DISCARD/
 libc.a(*)
 libm.a(*)
 libgcc.a(*)

.ARM.attributes
                0x0000000000000000       0x29
 *(.ARM.attributes)
 .ARM.attributes
                0x0000000000000000       0x1d r:/mcu-tools/arm-gcc/bin/../lib/gcc/arm-none-eabi/8.2.1/thumb/v7-m/nofp/crti.o
 .ARM.attributes
                0x000000000000001d       0x2d r:/mcu-tools/arm-gcc/bin/../lib/gcc/arm-none-eabi/8.2.1/thumb/v7-m/nofp/crtbegin.o
 .ARM.attributes
                0x000000000000004a       0x2d build/main.o
 .ARM.attributes
                0x0000000000000077       0x2d build/gpio_stm32f1.o
 .ARM.attributes
                0x00000000000000a4       0x2d build/init_stm32f103.o
 .ARM.attributes
                0x00000000000000d1       0x2d build/driver_flash.o
 .ARM.attributes
                0x00000000000000fe       0x2d build/hwIndependentFunctions.o
 .ARM.attributes
                0x000000000000012b       0x2d build/system_stm32f10x.o
 .ARM.attributes
                0x0000000000000158       0x21 build/startup_stm32f103xe.o
 .ARM.attributes
                0x0000000000000179       0x2d r:/mcu-tools/arm-gcc/bin/../lib/gcc/arm-none-eabi/8.2.1/../../../../arm-none-eabi/lib/thumb/v7-m/nofp\libc_nano.a(lib_a-ctype_.o)
 .ARM.attributes
                0x00000000000001a6       0x2d r:/mcu-tools/arm-gcc/bin/../lib/gcc/arm-none-eabi/8.2.1/../../../../arm-none-eabi/lib/thumb/v7-m/nofp\libc_nano.a(lib_a-impure.o)
 .ARM.attributes
                0x00000000000001d3       0x2d r:/mcu-tools/arm-gcc/bin/../lib/gcc/arm-none-eabi/8.2.1/../../../../arm-none-eabi/lib/thumb/v7-m/nofp\libc_nano.a(lib_a-init.o)
 .ARM.attributes
                0x0000000000000200       0x2d r:/mcu-tools/arm-gcc/bin/../lib/gcc/arm-none-eabi/8.2.1/../../../../arm-none-eabi/lib/thumb/v7-m/nofp\libc_nano.a(lib_a-memset.o)
 .ARM.attributes
                0x000000000000022d       0x2d r:/mcu-tools/arm-gcc/bin/../lib/gcc/arm-none-eabi/8.2.1/../../../../arm-none-eabi/lib/thumb/v7-m/nofp\libc_nano.a(lib_a-printf.o)
 .ARM.attributes
                0x000000000000025a       0x2d r:/mcu-tools/arm-gcc/bin/../lib/gcc/arm-none-eabi/8.2.1/../../../../arm-none-eabi/lib/thumb/v7-m/nofp\libc_nano.a(lib_a-snprintf.o)
 .ARM.attributes
                0x0000000000000287       0x17 r:/mcu-tools/arm-gcc/bin/../lib/gcc/arm-none-eabi/8.2.1/../../../../arm-none-eabi/lib/thumb/v7-m/nofp\libc_nano.a(lib_a-strlen.o)
 .ARM.attributes
                0x000000000000029e       0x2d r:/mcu-tools/arm-gcc/bin/../lib/gcc/arm-none-eabi/8.2.1/../../../../arm-none-eabi/lib/thumb/v7-m/nofp\libc_nano.a(lib_a-strncmp.o)
 .ARM.attributes
                0x00000000000002cb       0x2d r:/mcu-tools/arm-gcc/bin/../lib/gcc/arm-none-eabi/8.2.1/../../../../arm-none-eabi/lib/thumb/v7-m/nofp\libc_nano.a(lib_a-strtok.o)
 .ARM.attributes
                0x00000000000002f8       0x2d r:/mcu-tools/arm-gcc/bin/../lib/gcc/arm-none-eabi/8.2.1/../../../../arm-none-eabi/lib/thumb/v7-m/nofp\libc_nano.a(lib_a-strtok_r.o)
 .ARM.attributes
                0x0000000000000325       0x2d r:/mcu-tools/arm-gcc/bin/../lib/gcc/arm-none-eabi/8.2.1/../../../../arm-none-eabi/lib/thumb/v7-m/nofp\libc_nano.a(lib_a-strtol.o)
 .ARM.attributes
                0x0000000000000352       0x2d r:/mcu-tools/arm-gcc/bin/../lib/gcc/arm-none-eabi/8.2.1/../../../../arm-none-eabi/lib/thumb/v7-m/nofp\libc_nano.a(lib_a-findfp.o)
 .ARM.attributes
                0x000000000000037f       0x2d r:/mcu-tools/arm-gcc/bin/../lib/gcc/arm-none-eabi/8.2.1/../../../../arm-none-eabi/lib/thumb/v7-m/nofp\libc_nano.a(lib_a-fwalk.o)
 .ARM.attributes
                0x00000000000003ac       0x2d r:/mcu-tools/arm-gcc/bin/../lib/gcc/arm-none-eabi/8.2.1/../../../../arm-none-eabi/lib/thumb/v7-m/nofp\libc_nano.a(lib_a-lock.o)
 .ARM.attributes
                0x00000000000003d9       0x2d r:/mcu-tools/arm-gcc/bin/../lib/gcc/arm-none-eabi/8.2.1/../../../../arm-none-eabi/lib/thumb/v7-m/nofp\libc_nano.a(lib_a-malloc.o)
 .ARM.attributes
                0x0000000000000406       0x2d r:/mcu-tools/arm-gcc/bin/../lib/gcc/arm-none-eabi/8.2.1/../../../../arm-none-eabi/lib/thumb/v7-m/nofp\libc_nano.a(lib_a-nano-freer.o)
 .ARM.attributes
                0x0000000000000433       0x2d r:/mcu-tools/arm-gcc/bin/../lib/gcc/arm-none-eabi/8.2.1/../../../../arm-none-eabi/lib/thumb/v7-m/nofp\libc_nano.a(lib_a-nano-mallocr.o)
 .ARM.attributes
                0x0000000000000460       0x2d r:/mcu-tools/arm-gcc/bin/../lib/gcc/arm-none-eabi/8.2.1/../../../../arm-none-eabi/lib/thumb/v7-m/nofp\libc_nano.a(lib_a-nano-svfprintf.o)
 .ARM.attributes
                0x000000000000048d       0x2d r:/mcu-tools/arm-gcc/bin/../lib/gcc/arm-none-eabi/8.2.1/../../../../arm-none-eabi/lib/thumb/v7-m/nofp\libc_nano.a(lib_a-nano-vfprintf.o)
 .ARM.attributes
                0x00000000000004ba       0x2d r:/mcu-tools/arm-gcc/bin/../lib/gcc/arm-none-eabi/8.2.1/../../../../arm-none-eabi/lib/thumb/v7-m/nofp\libc_nano.a(lib_a-nano-vfprintf_i.o)
 .ARM.attributes
                0x00000000000004e7       0x2d r:/mcu-tools/arm-gcc/bin/../lib/gcc/arm-none-eabi/8.2.1/../../../../arm-none-eabi/lib/thumb/v7-m/nofp\libc_nano.a(lib_a-sbrkr.o)
 .ARM.attributes
                0x0000000000000514       0x2d r:/mcu-tools/arm-gcc/bin/../lib/gcc/arm-none-eabi/8.2.1/../../../../arm-none-eabi/lib/thumb/v7-m/nofp\libc_nano.a(lib_a-stdio.o)
 .ARM.attributes
                0x0000000000000541       0x2d r:/mcu-tools/arm-gcc/bin/../lib/gcc/arm-none-eabi/8.2.1/../../../../arm-none-eabi/lib/thumb/v7-m/nofp\libc_nano.a(lib_a-wbuf.o)
 .ARM.attributes
                0x000000000000056e       0x2d r:/mcu-tools/arm-gcc/bin/../lib/gcc/arm-none-eabi/8.2.1/../../../../arm-none-eabi/lib/thumb/v7-m/nofp\libc_nano.a(lib_a-writer.o)
 .ARM.attributes
                0x000000000000059b       0x2d r:/mcu-tools/arm-gcc/bin/../lib/gcc/arm-none-eabi/8.2.1/../../../../arm-none-eabi/lib/thumb/v7-m/nofp\libc_nano.a(lib_a-wsetup.o)
 .ARM.attributes
                0x00000000000005c8       0x2d r:/mcu-tools/arm-gcc/bin/../lib/gcc/arm-none-eabi/8.2.1/../../../../arm-none-eabi/lib/thumb/v7-m/nofp\libc_nano.a(lib_a-closer.o)
 .ARM.attributes
                0x00000000000005f5       0x2d r:/mcu-tools/arm-gcc/bin/../lib/gcc/arm-none-eabi/8.2.1/../../../../arm-none-eabi/lib/thumb/v7-m/nofp\libc_nano.a(lib_a-fflush.o)
 .ARM.attributes
                0x0000000000000622       0x2d r:/mcu-tools/arm-gcc/bin/../lib/gcc/arm-none-eabi/8.2.1/../../../../arm-none-eabi/lib/thumb/v7-m/nofp\libc_nano.a(lib_a-lseekr.o)
 .ARM.attributes
                0x000000000000064f       0x2d r:/mcu-tools/arm-gcc/bin/../lib/gcc/arm-none-eabi/8.2.1/../../../../arm-none-eabi/lib/thumb/v7-m/nofp\libc_nano.a(lib_a-makebuf.o)
 .ARM.attributes
                0x000000000000067c       0x2d r:/mcu-tools/arm-gcc/bin/../lib/gcc/arm-none-eabi/8.2.1/../../../../arm-none-eabi/lib/thumb/v7-m/nofp\libc_nano.a(lib_a-memchr-stub.o)
 .ARM.attributes
                0x00000000000006a9       0x2d r:/mcu-tools/arm-gcc/bin/../lib/gcc/arm-none-eabi/8.2.1/../../../../arm-none-eabi/lib/thumb/v7-m/nofp\libc_nano.a(lib_a-memcpy-stub.o)
 .ARM.attributes
                0x00000000000006d6       0x2d r:/mcu-tools/arm-gcc/bin/../lib/gcc/arm-none-eabi/8.2.1/../../../../arm-none-eabi/lib/thumb/v7-m/nofp\libc_nano.a(lib_a-memmove.o)
 .ARM.attributes
                0x0000000000000703       0x2d r:/mcu-tools/arm-gcc/bin/../lib/gcc/arm-none-eabi/8.2.1/../../../../arm-none-eabi/lib/thumb/v7-m/nofp\libc_nano.a(lib_a-mlock.o)
 .ARM.attributes
                0x0000000000000730       0x2d r:/mcu-tools/arm-gcc/bin/../lib/gcc/arm-none-eabi/8.2.1/../../../../arm-none-eabi/lib/thumb/v7-m/nofp\libc_nano.a(lib_a-nano-reallocr.o)
 .ARM.attributes
                0x000000000000075d       0x2d r:/mcu-tools/arm-gcc/bin/../lib/gcc/arm-none-eabi/8.2.1/../../../../arm-none-eabi/lib/thumb/v7-m/nofp\libc_nano.a(lib_a-readr.o)
 .ARM.attributes
                0x000000000000078a       0x2d r:/mcu-tools/arm-gcc/bin/../lib/gcc/arm-none-eabi/8.2.1/../../../../arm-none-eabi/lib/thumb/v7-m/nofp\libc_nano.a(lib_a-reent.o)
 .ARM.attributes
                0x00000000000007b7       0x2d r:/mcu-tools/arm-gcc/bin/../lib/gcc/arm-none-eabi/8.2.1/../../../../arm-none-eabi/lib/thumb/v7-m/nofp\libc_nano.a(lib_a-fstatr.o)
 .ARM.attributes
                0x00000000000007e4       0x2d r:/mcu-tools/arm-gcc/bin/../lib/gcc/arm-none-eabi/8.2.1/../../../../arm-none-eabi/lib/thumb/v7-m/nofp\libc_nano.a(lib_a-isattyr.o)
 .ARM.attributes
                0x0000000000000811       0x2d r:/mcu-tools/arm-gcc/bin/../lib/gcc/arm-none-eabi/8.2.1/../../../../arm-none-eabi/lib/thumb/v7-m/nofp\libc_nano.a(lib_a-nano-msizer.o)
 .ARM.attributes
                0x000000000000083e       0x2d r:/mcu-tools/arm-gcc/bin/../lib/gcc/arm-none-eabi/8.2.1/../../../../arm-none-eabi/lib/thumb/v7-m/nofp\libnosys.a(close.o)
 .ARM.attributes
                0x000000000000086b       0x2d r:/mcu-tools/arm-gcc/bin/../lib/gcc/arm-none-eabi/8.2.1/../../../../arm-none-eabi/lib/thumb/v7-m/nofp\libnosys.a(fstat.o)
 .ARM.attributes
                0x0000000000000898       0x2d r:/mcu-tools/arm-gcc/bin/../lib/gcc/arm-none-eabi/8.2.1/../../../../arm-none-eabi/lib/thumb/v7-m/nofp\libnosys.a(isatty.o)
 .ARM.attributes
                0x00000000000008c5       0x2d r:/mcu-tools/arm-gcc/bin/../lib/gcc/arm-none-eabi/8.2.1/../../../../arm-none-eabi/lib/thumb/v7-m/nofp\libnosys.a(lseek.o)
 .ARM.attributes
                0x00000000000008f2       0x2d r:/mcu-tools/arm-gcc/bin/../lib/gcc/arm-none-eabi/8.2.1/../../../../arm-none-eabi/lib/thumb/v7-m/nofp\libnosys.a(read.o)
 .ARM.attributes
                0x000000000000091f       0x2d r:/mcu-tools/arm-gcc/bin/../lib/gcc/arm-none-eabi/8.2.1/../../../../arm-none-eabi/lib/thumb/v7-m/nofp\libnosys.a(sbrk.o)
 .ARM.attributes
                0x000000000000094c       0x2d r:/mcu-tools/arm-gcc/bin/../lib/gcc/arm-none-eabi/8.2.1/../../../../arm-none-eabi/lib/thumb/v7-m/nofp\libnosys.a(write.o)
 .ARM.attributes
                0x0000000000000979       0x2d r:/mcu-tools/arm-gcc/bin/../lib/gcc/arm-none-eabi/8.2.1/thumb/v7-m/nofp/crtend.o
 .ARM.attributes
                0x00000000000009a6       0x1d r:/mcu-tools/arm-gcc/bin/../lib/gcc/arm-none-eabi/8.2.1/thumb/v7-m/nofp/crtn.o
OUTPUT(build/STM32F103-RAM_tester.elf elf32-littlearm)

.comment        0x0000000000000000       0x68
 .comment       0x0000000000000000       0x68 build/main.o
                                         0x69 (size before relaxing)
 .comment       0x0000000000000068       0x69 build/gpio_stm32f1.o
 .comment       0x0000000000000068       0x69 build/init_stm32f103.o
 .comment       0x0000000000000068       0x69 build/driver_flash.o
 .comment       0x0000000000000068       0x69 build/hwIndependentFunctions.o
 .comment       0x0000000000000068       0x69 build/system_stm32f10x.o

.debug_frame    0x0000000000000000      0xbe0
 .debug_frame   0x0000000000000000       0x2c r:/mcu-tools/arm-gcc/bin/../lib/gcc/arm-none-eabi/8.2.1/../../../../arm-none-eabi/lib/thumb/v7-m/nofp\libc_nano.a(lib_a-init.o)
 .debug_frame   0x000000000000002c       0x20 r:/mcu-tools/arm-gcc/bin/../lib/gcc/arm-none-eabi/8.2.1/../../../../arm-none-eabi/lib/thumb/v7-m/nofp\libc_nano.a(lib_a-memset.o)
 .debug_frame   0x000000000000004c       0x74 r:/mcu-tools/arm-gcc/bin/../lib/gcc/arm-none-eabi/8.2.1/../../../../arm-none-eabi/lib/thumb/v7-m/nofp\libc_nano.a(lib_a-printf.o)
 .debug_frame   0x00000000000000c0       0x7c r:/mcu-tools/arm-gcc/bin/../lib/gcc/arm-none-eabi/8.2.1/../../../../arm-none-eabi/lib/thumb/v7-m/nofp\libc_nano.a(lib_a-snprintf.o)
 .debug_frame   0x000000000000013c       0x28 r:/mcu-tools/arm-gcc/bin/../lib/gcc/arm-none-eabi/8.2.1/../../../../arm-none-eabi/lib/thumb/v7-m/nofp\libc_nano.a(lib_a-strncmp.o)
 .debug_frame   0x0000000000000164       0x38 r:/mcu-tools/arm-gcc/bin/../lib/gcc/arm-none-eabi/8.2.1/../../../../arm-none-eabi/lib/thumb/v7-m/nofp\libc_nano.a(lib_a-strtok.o)
 .debug_frame   0x000000000000019c       0x40 r:/mcu-tools/arm-gcc/bin/../lib/gcc/arm-none-eabi/8.2.1/../../../../arm-none-eabi/lib/thumb/v7-m/nofp\libc_nano.a(lib_a-strtok_r.o)
 .debug_frame   0x00000000000001dc       0x64 r:/mcu-tools/arm-gcc/bin/../lib/gcc/arm-none-eabi/8.2.1/../../../../arm-none-eabi/lib/thumb/v7-m/nofp\libc_nano.a(lib_a-strtol.o)
 .debug_frame   0x0000000000000240      0x14c r:/mcu-tools/arm-gcc/bin/../lib/gcc/arm-none-eabi/8.2.1/../../../../arm-none-eabi/lib/thumb/v7-m/nofp\libc_nano.a(lib_a-findfp.o)
 .debug_frame   0x000000000000038c       0x54 r:/mcu-tools/arm-gcc/bin/../lib/gcc/arm-none-eabi/8.2.1/../../../../arm-none-eabi/lib/thumb/v7-m/nofp\libc_nano.a(lib_a-fwalk.o)
 .debug_frame   0x00000000000003e0       0xb0 r:/mcu-tools/arm-gcc/bin/../lib/gcc/arm-none-eabi/8.2.1/../../../../arm-none-eabi/lib/thumb/v7-m/nofp\libc_nano.a(lib_a-lock.o)
 .debug_frame   0x0000000000000490       0x30 r:/mcu-tools/arm-gcc/bin/../lib/gcc/arm-none-eabi/8.2.1/../../../../arm-none-eabi/lib/thumb/v7-m/nofp\libc_nano.a(lib_a-malloc.o)
 .debug_frame   0x00000000000004c0       0x38 r:/mcu-tools/arm-gcc/bin/../lib/gcc/arm-none-eabi/8.2.1/../../../../arm-none-eabi/lib/thumb/v7-m/nofp\libc_nano.a(lib_a-nano-freer.o)
 .debug_frame   0x00000000000004f8       0x30 r:/mcu-tools/arm-gcc/bin/../lib/gcc/arm-none-eabi/8.2.1/../../../../arm-none-eabi/lib/thumb/v7-m/nofp\libc_nano.a(lib_a-nano-mallocr.o)
 .debug_frame   0x0000000000000528       0x90 r:/mcu-tools/arm-gcc/bin/../lib/gcc/arm-none-eabi/8.2.1/../../../../arm-none-eabi/lib/thumb/v7-m/nofp\libc_nano.a(lib_a-nano-svfprintf.o)
 .debug_frame   0x00000000000005b8       0xac r:/mcu-tools/arm-gcc/bin/../lib/gcc/arm-none-eabi/8.2.1/../../../../arm-none-eabi/lib/thumb/v7-m/nofp\libc_nano.a(lib_a-nano-vfprintf.o)
 .debug_frame   0x0000000000000664       0x60 r:/mcu-tools/arm-gcc/bin/../lib/gcc/arm-none-eabi/8.2.1/../../../../arm-none-eabi/lib/thumb/v7-m/nofp\libc_nano.a(lib_a-nano-vfprintf_i.o)
 .debug_frame   0x00000000000006c4       0x2c r:/mcu-tools/arm-gcc/bin/../lib/gcc/arm-none-eabi/8.2.1/../../../../arm-none-eabi/lib/thumb/v7-m/nofp\libc_nano.a(lib_a-sbrkr.o)
 .debug_frame   0x00000000000006f0       0x88 r:/mcu-tools/arm-gcc/bin/../lib/gcc/arm-none-eabi/8.2.1/../../../../arm-none-eabi/lib/thumb/v7-m/nofp\libc_nano.a(lib_a-stdio.o)
 .debug_frame   0x0000000000000778       0x40 r:/mcu-tools/arm-gcc/bin/../lib/gcc/arm-none-eabi/8.2.1/../../../../arm-none-eabi/lib/thumb/v7-m/nofp\libc_nano.a(lib_a-wbuf.o)
 .debug_frame   0x00000000000007b8       0x2c r:/mcu-tools/arm-gcc/bin/../lib/gcc/arm-none-eabi/8.2.1/../../../../arm-none-eabi/lib/thumb/v7-m/nofp\libc_nano.a(lib_a-writer.o)
 .debug_frame   0x00000000000007e4       0x2c r:/mcu-tools/arm-gcc/bin/../lib/gcc/arm-none-eabi/8.2.1/../../../../arm-none-eabi/lib/thumb/v7-m/nofp\libc_nano.a(lib_a-wsetup.o)
 .debug_frame   0x0000000000000810       0x2c r:/mcu-tools/arm-gcc/bin/../lib/gcc/arm-none-eabi/8.2.1/../../../../arm-none-eabi/lib/thumb/v7-m/nofp\libc_nano.a(lib_a-closer.o)
 .debug_frame   0x000000000000083c       0x5c r:/mcu-tools/arm-gcc/bin/../lib/gcc/arm-none-eabi/8.2.1/../../../../arm-none-eabi/lib/thumb/v7-m/nofp\libc_nano.a(lib_a-fflush.o)
 .debug_frame   0x0000000000000898       0x2c r:/mcu-tools/arm-gcc/bin/../lib/gcc/arm-none-eabi/8.2.1/../../../../arm-none-eabi/lib/thumb/v7-m/nofp\libc_nano.a(lib_a-lseekr.o)
 .debug_frame   0x00000000000008c4       0x58 r:/mcu-tools/arm-gcc/bin/../lib/gcc/arm-none-eabi/8.2.1/../../../../arm-none-eabi/lib/thumb/v7-m/nofp\libc_nano.a(lib_a-makebuf.o)
 .debug_frame   0x000000000000091c       0x28 r:/mcu-tools/arm-gcc/bin/../lib/gcc/arm-none-eabi/8.2.1/../../../../arm-none-eabi/lib/thumb/v7-m/nofp\libc_nano.a(lib_a-memchr-stub.o)
 .debug_frame   0x0000000000000944       0x28 r:/mcu-tools/arm-gcc/bin/../lib/gcc/arm-none-eabi/8.2.1/../../../../arm-none-eabi/lib/thumb/v7-m/nofp\libc_nano.a(lib_a-memcpy-stub.o)
 .debug_frame   0x000000000000096c       0x28 r:/mcu-tools/arm-gcc/bin/../lib/gcc/arm-none-eabi/8.2.1/../../../../arm-none-eabi/lib/thumb/v7-m/nofp\libc_nano.a(lib_a-memmove.o)
 .debug_frame   0x0000000000000994       0x30 r:/mcu-tools/arm-gcc/bin/../lib/gcc/arm-none-eabi/8.2.1/../../../../arm-none-eabi/lib/thumb/v7-m/nofp\libc_nano.a(lib_a-mlock.o)
 .debug_frame   0x00000000000009c4       0x3c r:/mcu-tools/arm-gcc/bin/../lib/gcc/arm-none-eabi/8.2.1/../../../../arm-none-eabi/lib/thumb/v7-m/nofp\libc_nano.a(lib_a-nano-reallocr.o)
 .debug_frame   0x0000000000000a00       0x2c r:/mcu-tools/arm-gcc/bin/../lib/gcc/arm-none-eabi/8.2.1/../../../../arm-none-eabi/lib/thumb/v7-m/nofp\libc_nano.a(lib_a-readr.o)
 .debug_frame   0x0000000000000a2c       0x5c r:/mcu-tools/arm-gcc/bin/../lib/gcc/arm-none-eabi/8.2.1/../../../../arm-none-eabi/lib/thumb/v7-m/nofp\libc_nano.a(lib_a-reent.o)
 .debug_frame   0x0000000000000a88       0x2c r:/mcu-tools/arm-gcc/bin/../lib/gcc/arm-none-eabi/8.2.1/../../../../arm-none-eabi/lib/thumb/v7-m/nofp\libc_nano.a(lib_a-fstatr.o)
 .debug_frame   0x0000000000000ab4       0x2c r:/mcu-tools/arm-gcc/bin/../lib/gcc/arm-none-eabi/8.2.1/../../../../arm-none-eabi/lib/thumb/v7-m/nofp\libc_nano.a(lib_a-isattyr.o)
 .debug_frame   0x0000000000000ae0       0x20 r:/mcu-tools/arm-gcc/bin/../lib/gcc/arm-none-eabi/8.2.1/../../../../arm-none-eabi/lib/thumb/v7-m/nofp\libc_nano.a(lib_a-nano-msizer.o)
 .debug_frame   0x0000000000000b00       0x20 r:/mcu-tools/arm-gcc/bin/../lib/gcc/arm-none-eabi/8.2.1/../../../../arm-none-eabi/lib/thumb/v7-m/nofp\libnosys.a(close.o)
 .debug_frame   0x0000000000000b20       0x20 r:/mcu-tools/arm-gcc/bin/../lib/gcc/arm-none-eabi/8.2.1/../../../../arm-none-eabi/lib/thumb/v7-m/nofp\libnosys.a(fstat.o)
 .debug_frame   0x0000000000000b40       0x20 r:/mcu-tools/arm-gcc/bin/../lib/gcc/arm-none-eabi/8.2.1/../../../../arm-none-eabi/lib/thumb/v7-m/nofp\libnosys.a(isatty.o)
 .debug_frame   0x0000000000000b60       0x20 r:/mcu-tools/arm-gcc/bin/../lib/gcc/arm-none-eabi/8.2.1/../../../../arm-none-eabi/lib/thumb/v7-m/nofp\libnosys.a(lseek.o)
 .debug_frame   0x0000000000000b80       0x20 r:/mcu-tools/arm-gcc/bin/../lib/gcc/arm-none-eabi/8.2.1/../../../../arm-none-eabi/lib/thumb/v7-m/nofp\libnosys.a(read.o)
 .debug_frame   0x0000000000000ba0       0x20 r:/mcu-tools/arm-gcc/bin/../lib/gcc/arm-none-eabi/8.2.1/../../../../arm-none-eabi/lib/thumb/v7-m/nofp\libnosys.a(sbrk.o)
 .debug_frame   0x0000000000000bc0       0x20 r:/mcu-tools/arm-gcc/bin/../lib/gcc/arm-none-eabi/8.2.1/../../../../arm-none-eabi/lib/thumb/v7-m/nofp\libnosys.a(write.o)

.stab           0x0000000000000000       0x9c
 .stab          0x0000000000000000       0x24 r:/mcu-tools/arm-gcc/bin/../lib/gcc/arm-none-eabi/8.2.1/../../../../arm-none-eabi/lib/thumb/v7-m/nofp\libnosys.a(close.o)
 .stab          0x0000000000000024       0x18 r:/mcu-tools/arm-gcc/bin/../lib/gcc/arm-none-eabi/8.2.1/../../../../arm-none-eabi/lib/thumb/v7-m/nofp\libnosys.a(fstat.o)
                                         0x24 (size before relaxing)
 .stab          0x000000000000003c       0x18 r:/mcu-tools/arm-gcc/bin/../lib/gcc/arm-none-eabi/8.2.1/../../../../arm-none-eabi/lib/thumb/v7-m/nofp\libnosys.a(isatty.o)
                                         0x24 (size before relaxing)
 .stab          0x0000000000000054       0x18 r:/mcu-tools/arm-gcc/bin/../lib/gcc/arm-none-eabi/8.2.1/../../../../arm-none-eabi/lib/thumb/v7-m/nofp\libnosys.a(lseek.o)
                                         0x24 (size before relaxing)
 .stab          0x000000000000006c       0x18 r:/mcu-tools/arm-gcc/bin/../lib/gcc/arm-none-eabi/8.2.1/../../../../arm-none-eabi/lib/thumb/v7-m/nofp\libnosys.a(read.o)
                                         0x24 (size before relaxing)
 .stab          0x0000000000000084       0x18 r:/mcu-tools/arm-gcc/bin/../lib/gcc/arm-none-eabi/8.2.1/../../../../arm-none-eabi/lib/thumb/v7-m/nofp\libnosys.a(write.o)
                                         0x24 (size before relaxing)

.stabstr        0x0000000000000000      0x14d
 .stabstr       0x0000000000000000      0x14d r:/mcu-tools/arm-gcc/bin/../lib/gcc/arm-none-eabi/8.2.1/../../../../arm-none-eabi/lib/thumb/v7-m/nofp\libnosys.a(close.o)

Cross Reference Table

Symbol                                            File
ADC1_2_IRQHandler                                 build/startup_stm32f103xe.o
ADC3_IRQHandler                                   build/startup_stm32f103xe.o
AHBPrescTable                                     build/system_stm32f10x.o
BusFault_Handler                                  build/startup_stm32f103xe.o
CAN1_RX1_IRQHandler                               build/startup_stm32f103xe.o
CAN1_SCE_IRQHandler                               build/startup_stm32f103xe.o
CurrentCommand                                    build/main.o
DMA1_Channel1_IRQHandler                          build/startup_stm32f103xe.o
DMA1_Channel2_IRQHandler                          build/startup_stm32f103xe.o
DMA1_Channel3_IRQHandler                          build/startup_stm32f103xe.o
DMA1_Channel4_IRQHandler                          build/startup_stm32f103xe.o
DMA1_Channel5_IRQHandler                          build/startup_stm32f103xe.o
DMA1_Channel6_IRQHandler                          build/startup_stm32f103xe.o
DMA1_Channel7_IRQHandler                          build/startup_stm32f103xe.o
DMA2_Channel1_IRQHandler                          build/startup_stm32f103xe.o
DMA2_Channel2_IRQHandler                          build/startup_stm32f103xe.o
DMA2_Channel3_IRQHandler                          build/startup_stm32f103xe.o
DMA2_Channel4_5_IRQHandler                        build/startup_stm32f103xe.o
DataBusRead                                       build/main.o
DataBusWrite                                      build/main.o
DebugMon_Handler                                  build/startup_stm32f103xe.o
DefaultCommand                                    build/main.o
Default_Handler                                   build/startup_stm32f103xe.o
DeviceConfiguration                               build/main.o
EXTI0_IRQHandler                                  build/startup_stm32f103xe.o
EXTI15_10_IRQHandler                              build/startup_stm32f103xe.o
EXTI1_IRQHandler                                  build/startup_stm32f103xe.o
EXTI2_IRQHandler                                  build/startup_stm32f103xe.o
EXTI3_IRQHandler                                  build/startup_stm32f103xe.o
EXTI4_IRQHandler                                  build/startup_stm32f103xe.o
EXTI9_5_IRQHandler                                build/startup_stm32f103xe.o
FLASH_IRQHandler                                  build/startup_stm32f103xe.o
FSMC_IRQHandler                                   build/startup_stm32f103xe.o
FlashControl                                      build/main.o
HardFault_Handler                                 build/startup_stm32f103xe.o
HelpCommand                                       build/main.o
I2C1_ER_IRQHandler                                build/startup_stm32f103xe.o
I2C1_EV_IRQHandler                                build/startup_stm32f103xe.o
I2C2_ER_IRQHandler                                build/startup_stm32f103xe.o
I2C2_EV_IRQHandler                                build/startup_stm32f103xe.o
IO_ConfigLine                                     build/gpio_stm32f1.o
IO_GetLine                                        build/gpio_stm32f1.o
IO_Init                                           build/gpio_stm32f1.o
                                                  build/main.o
IO_InvertLine                                     build/gpio_stm32f1.o
IO_SetLine                                        build/gpio_stm32f1.o
                                                  build/main.o
IOs                                               build/gpio_stm32f1.o
LastCommand                                       build/main.o
MemManage_Handler                                 build/startup_stm32f103xe.o
NMI_Handler                                       build/startup_stm32f103xe.o
PVD_IRQHandler                                    build/startup_stm32f103xe.o
PendSV_Handler                                    build/startup_stm32f103xe.o
RCC_IRQHandler                                    build/startup_stm32f103xe.o
RTC_Alarm_IRQHandler                              build/startup_stm32f103xe.o
RTC_IRQHandler                                    build/startup_stm32f103xe.o
ReadCommand                                       build/main.o
RecieveMessage                                    build/main.o
Reset_Handler                                     build/startup_stm32f103xe.o
SDIO_IRQHandler                                   build/startup_stm32f103xe.o
SPI1_IRQHandler                                   build/startup_stm32f103xe.o
SPI2_IRQHandler                                   build/startup_stm32f103xe.o
SPI3_IRQHandler                                   build/startup_stm32f103xe.o
SVC_Handler                                       build/startup_stm32f103xe.o
SaveCommand                                       build/main.o
SendMessage                                       build/main.o
SysTick_Handler                                   build/startup_stm32f103xe.o
SystemCoreClock                                   build/system_stm32f10x.o
                                                  build/init_stm32f103.o
SystemCoreClockUpdate                             build/system_stm32f10x.o
SystemInit                                        build/system_stm32f10x.o
                                                  build/startup_stm32f103xe.o
TAMPER_IRQHandler                                 build/startup_stm32f103xe.o
TIM1_BRK_IRQHandler                               build/startup_stm32f103xe.o
TIM1_CC_IRQHandler                                build/startup_stm32f103xe.o
TIM1_TRG_COM_IRQHandler                           build/startup_stm32f103xe.o
TIM1_UP_IRQHandler                                build/startup_stm32f103xe.o
TIM2_IRQHandler                                   build/startup_stm32f103xe.o
TIM3_IRQHandler                                   build/startup_stm32f103xe.o
TIM4_IRQHandler                                   build/startup_stm32f103xe.o
TIM5_IRQHandler                                   build/startup_stm32f103xe.o
TIM6_IRQHandler                                   build/startup_stm32f103xe.o
TIM7_IRQHandler                                   build/startup_stm32f103xe.o
TIM8_BRK_IRQHandler                               build/startup_stm32f103xe.o
TIM8_CC_IRQHandler                                build/startup_stm32f103xe.o
TIM8_TRG_COM_IRQHandler                           build/startup_stm32f103xe.o
TIM8_UP_IRQHandler                                build/startup_stm32f103xe.o
UART4_IRQHandler                                  build/startup_stm32f103xe.o
UART5_IRQHandler                                  build/startup_stm32f103xe.o
UART_Message                                      build/main.o
USART1_IRQHandler                                 build/main.o
USART2_IRQHandler                                 build/startup_stm32f103xe.o
USART3_IRQHandler                                 build/startup_stm32f103xe.o
USBWakeUp_IRQHandler                              build/startup_stm32f103xe.o
USB_HP_CAN1_TX_IRQHandler                         build/startup_stm32f103xe.o
USB_LP_CAN1_RX0_IRQHandler                        build/startup_stm32f103xe.o
UsageFault_Handler                                build/startup_stm32f103xe.o
WWDG_IRQHandler                                   build/startup_stm32f103xe.o
WriteCommand                                      build/main.o
_ITM_deregisterTMCloneTable                       r:/mcu-tools/arm-gcc/bin/../lib/gcc/arm-none-eabi/8.2.1/thumb/v7-m/nofp/crtbegin.o
_ITM_registerTMCloneTable                         r:/mcu-tools/arm-gcc/bin/../lib/gcc/arm-none-eabi/8.2.1/thumb/v7-m/nofp/crtbegin.o
__TMC_END__                                       r:/mcu-tools/arm-gcc/bin/../lib/gcc/arm-none-eabi/8.2.1/thumb/v7-m/nofp/crtend.o
                                                  r:/mcu-tools/arm-gcc/bin/../lib/gcc/arm-none-eabi/8.2.1/thumb/v7-m/nofp/crtbegin.o
__bss_end__                                       r:/mcu-tools/arm-gcc/bin/../lib/gcc/arm-none-eabi/8.2.1/../../../../arm-none-eabi/lib/thumb/v7-m/nofp/crt0.o
__bss_start__                                     r:/mcu-tools/arm-gcc/bin/../lib/gcc/arm-none-eabi/8.2.1/../../../../arm-none-eabi/lib/thumb/v7-m/nofp/crt0.o
__call_exitprocs                                  r:/mcu-tools/arm-gcc/bin/../lib/gcc/arm-none-eabi/8.2.1/../../../../arm-none-eabi/lib/thumb/v7-m/nofp\libc_nano.a(lib_a-exit.o)
__deregister_frame_info                           r:/mcu-tools/arm-gcc/bin/../lib/gcc/arm-none-eabi/8.2.1/thumb/v7-m/nofp/crtbegin.o
__dso_handle                                      r:/mcu-tools/arm-gcc/bin/../lib/gcc/arm-none-eabi/8.2.1/thumb/v7-m/nofp/crtbegin.o
__fp_lock_all                                     r:/mcu-tools/arm-gcc/bin/../lib/gcc/arm-none-eabi/8.2.1/../../../../arm-none-eabi/lib/thumb/v7-m/nofp\libc_nano.a(lib_a-findfp.o)
__fp_unlock_all                                   r:/mcu-tools/arm-gcc/bin/../lib/gcc/arm-none-eabi/8.2.1/../../../../arm-none-eabi/lib/thumb/v7-m/nofp\libc_nano.a(lib_a-findfp.o)
__init_array_end                                  r:/mcu-tools/arm-gcc/bin/../lib/gcc/arm-none-eabi/8.2.1/../../../../arm-none-eabi/lib/thumb/v7-m/nofp\libc_nano.a(lib_a-init.o)
__init_array_start                                r:/mcu-tools/arm-gcc/bin/../lib/gcc/arm-none-eabi/8.2.1/../../../../arm-none-eabi/lib/thumb/v7-m/nofp\libc_nano.a(lib_a-init.o)
__libc_fini_array                                 r:/mcu-tools/arm-gcc/bin/../lib/gcc/arm-none-eabi/8.2.1/../../../../arm-none-eabi/lib/thumb/v7-m/nofp/crt0.o
__libc_init_array                                 r:/mcu-tools/arm-gcc/bin/../lib/gcc/arm-none-eabi/8.2.1/../../../../arm-none-eabi/lib/thumb/v7-m/nofp\libc_nano.a(lib_a-init.o)
                                                  build/startup_stm32f103xe.o
                                                  r:/mcu-tools/arm-gcc/bin/../lib/gcc/arm-none-eabi/8.2.1/../../../../arm-none-eabi/lib/thumb/v7-m/nofp/crt0.o
__lock___arc4random_mutex                         r:/mcu-tools/arm-gcc/bin/../lib/gcc/arm-none-eabi/8.2.1/../../../../arm-none-eabi/lib/thumb/v7-m/nofp\libc_nano.a(lib_a-lock.o)
__lock___at_quick_exit_mutex                      r:/mcu-tools/arm-gcc/bin/../lib/gcc/arm-none-eabi/8.2.1/../../../../arm-none-eabi/lib/thumb/v7-m/nofp\libc_nano.a(lib_a-lock.o)
__lock___atexit_recursive_mutex                   r:/mcu-tools/arm-gcc/bin/../lib/gcc/arm-none-eabi/8.2.1/../../../../arm-none-eabi/lib/thumb/v7-m/nofp\libc_nano.a(lib_a-lock.o)
__lock___dd_hash_mutex                            r:/mcu-tools/arm-gcc/bin/../lib/gcc/arm-none-eabi/8.2.1/../../../../arm-none-eabi/lib/thumb/v7-m/nofp\libc_nano.a(lib_a-lock.o)
__lock___env_recursive_mutex                      r:/mcu-tools/arm-gcc/bin/../lib/gcc/arm-none-eabi/8.2.1/../../../../arm-none-eabi/lib/thumb/v7-m/nofp\libc_nano.a(lib_a-lock.o)
__lock___malloc_recursive_mutex                   r:/mcu-tools/arm-gcc/bin/../lib/gcc/arm-none-eabi/8.2.1/../../../../arm-none-eabi/lib/thumb/v7-m/nofp\libc_nano.a(lib_a-lock.o)
                                                  r:/mcu-tools/arm-gcc/bin/../lib/gcc/arm-none-eabi/8.2.1/../../../../arm-none-eabi/lib/thumb/v7-m/nofp\libc_nano.a(lib_a-mlock.o)
__lock___sfp_recursive_mutex                      r:/mcu-tools/arm-gcc/bin/../lib/gcc/arm-none-eabi/8.2.1/../../../../arm-none-eabi/lib/thumb/v7-m/nofp\libc_nano.a(lib_a-lock.o)
                                                  r:/mcu-tools/arm-gcc/bin/../lib/gcc/arm-none-eabi/8.2.1/../../../../arm-none-eabi/lib/thumb/v7-m/nofp\libc_nano.a(lib_a-findfp.o)
__lock___sinit_recursive_mutex                    r:/mcu-tools/arm-gcc/bin/../lib/gcc/arm-none-eabi/8.2.1/../../../../arm-none-eabi/lib/thumb/v7-m/nofp\libc_nano.a(lib_a-lock.o)
                                                  r:/mcu-tools/arm-gcc/bin/../lib/gcc/arm-none-eabi/8.2.1/../../../../arm-none-eabi/lib/thumb/v7-m/nofp\libc_nano.a(lib_a-findfp.o)
__lock___tz_mutex                                 r:/mcu-tools/arm-gcc/bin/../lib/gcc/arm-none-eabi/8.2.1/../../../../arm-none-eabi/lib/thumb/v7-m/nofp\libc_nano.a(lib_a-lock.o)
__malloc_free_list                                r:/mcu-tools/arm-gcc/bin/../lib/gcc/arm-none-eabi/8.2.1/../../../../arm-none-eabi/lib/thumb/v7-m/nofp\libc_nano.a(lib_a-nano-mallocr.o)
                                                  r:/mcu-tools/arm-gcc/bin/../lib/gcc/arm-none-eabi/8.2.1/../../../../arm-none-eabi/lib/thumb/v7-m/nofp\libc_nano.a(lib_a-nano-freer.o)
__malloc_lock                                     r:/mcu-tools/arm-gcc/bin/../lib/gcc/arm-none-eabi/8.2.1/../../../../arm-none-eabi/lib/thumb/v7-m/nofp\libc_nano.a(lib_a-mlock.o)
                                                  r:/mcu-tools/arm-gcc/bin/../lib/gcc/arm-none-eabi/8.2.1/../../../../arm-none-eabi/lib/thumb/v7-m/nofp\libc_nano.a(lib_a-nano-mallocr.o)
                                                  r:/mcu-tools/arm-gcc/bin/../lib/gcc/arm-none-eabi/8.2.1/../../../../arm-none-eabi/lib/thumb/v7-m/nofp\libc_nano.a(lib_a-nano-freer.o)
__malloc_sbrk_start                               r:/mcu-tools/arm-gcc/bin/../lib/gcc/arm-none-eabi/8.2.1/../../../../arm-none-eabi/lib/thumb/v7-m/nofp\libc_nano.a(lib_a-nano-mallocr.o)
__malloc_unlock                                   r:/mcu-tools/arm-gcc/bin/../lib/gcc/arm-none-eabi/8.2.1/../../../../arm-none-eabi/lib/thumb/v7-m/nofp\libc_nano.a(lib_a-mlock.o)
                                                  r:/mcu-tools/arm-gcc/bin/../lib/gcc/arm-none-eabi/8.2.1/../../../../arm-none-eabi/lib/thumb/v7-m/nofp\libc_nano.a(lib_a-nano-mallocr.o)
                                                  r:/mcu-tools/arm-gcc/bin/../lib/gcc/arm-none-eabi/8.2.1/../../../../arm-none-eabi/lib/thumb/v7-m/nofp\libc_nano.a(lib_a-nano-freer.o)
__preinit_array_end                               r:/mcu-tools/arm-gcc/bin/../lib/gcc/arm-none-eabi/8.2.1/../../../../arm-none-eabi/lib/thumb/v7-m/nofp\libc_nano.a(lib_a-init.o)
__preinit_array_start                             r:/mcu-tools/arm-gcc/bin/../lib/gcc/arm-none-eabi/8.2.1/../../../../arm-none-eabi/lib/thumb/v7-m/nofp\libc_nano.a(lib_a-init.o)
__register_frame_info                             r:/mcu-tools/arm-gcc/bin/../lib/gcc/arm-none-eabi/8.2.1/thumb/v7-m/nofp/crtbegin.o
__retarget_lock_acquire                           r:/mcu-tools/arm-gcc/bin/../lib/gcc/arm-none-eabi/8.2.1/../../../../arm-none-eabi/lib/thumb/v7-m/nofp\libc_nano.a(lib_a-lock.o)
__retarget_lock_acquire_recursive                 r:/mcu-tools/arm-gcc/bin/../lib/gcc/arm-none-eabi/8.2.1/../../../../arm-none-eabi/lib/thumb/v7-m/nofp\libc_nano.a(lib_a-lock.o)
                                                  r:/mcu-tools/arm-gcc/bin/../lib/gcc/arm-none-eabi/8.2.1/../../../../arm-none-eabi/lib/thumb/v7-m/nofp\libc_nano.a(lib_a-mlock.o)
                                                  r:/mcu-tools/arm-gcc/bin/../lib/gcc/arm-none-eabi/8.2.1/../../../../arm-none-eabi/lib/thumb/v7-m/nofp\libc_nano.a(lib_a-fflush.o)
                                                  r:/mcu-tools/arm-gcc/bin/../lib/gcc/arm-none-eabi/8.2.1/../../../../arm-none-eabi/lib/thumb/v7-m/nofp\libc_nano.a(lib_a-nano-vfprintf.o)
                                                  r:/mcu-tools/arm-gcc/bin/../lib/gcc/arm-none-eabi/8.2.1/../../../../arm-none-eabi/lib/thumb/v7-m/nofp\libc_nano.a(lib_a-findfp.o)
__retarget_lock_close                             r:/mcu-tools/arm-gcc/bin/../lib/gcc/arm-none-eabi/8.2.1/../../../../arm-none-eabi/lib/thumb/v7-m/nofp\libc_nano.a(lib_a-lock.o)
__retarget_lock_close_recursive                   r:/mcu-tools/arm-gcc/bin/../lib/gcc/arm-none-eabi/8.2.1/../../../../arm-none-eabi/lib/thumb/v7-m/nofp\libc_nano.a(lib_a-lock.o)
__retarget_lock_init                              r:/mcu-tools/arm-gcc/bin/../lib/gcc/arm-none-eabi/8.2.1/../../../../arm-none-eabi/lib/thumb/v7-m/nofp\libc_nano.a(lib_a-lock.o)
__retarget_lock_init_recursive                    r:/mcu-tools/arm-gcc/bin/../lib/gcc/arm-none-eabi/8.2.1/../../../../arm-none-eabi/lib/thumb/v7-m/nofp\libc_nano.a(lib_a-lock.o)
                                                  r:/mcu-tools/arm-gcc/bin/../lib/gcc/arm-none-eabi/8.2.1/../../../../arm-none-eabi/lib/thumb/v7-m/nofp\libc_nano.a(lib_a-findfp.o)
__retarget_lock_release                           r:/mcu-tools/arm-gcc/bin/../lib/gcc/arm-none-eabi/8.2.1/../../../../arm-none-eabi/lib/thumb/v7-m/nofp\libc_nano.a(lib_a-lock.o)
__retarget_lock_release_recursive                 r:/mcu-tools/arm-gcc/bin/../lib/gcc/arm-none-eabi/8.2.1/../../../../arm-none-eabi/lib/thumb/v7-m/nofp\libc_nano.a(lib_a-lock.o)
                                                  r:/mcu-tools/arm-gcc/bin/../lib/gcc/arm-none-eabi/8.2.1/../../../../arm-none-eabi/lib/thumb/v7-m/nofp\libc_nano.a(lib_a-mlock.o)
                                                  r:/mcu-tools/arm-gcc/bin/../lib/gcc/arm-none-eabi/8.2.1/../../../../arm-none-eabi/lib/thumb/v7-m/nofp\libc_nano.a(lib_a-fflush.o)
                                                  r:/mcu-tools/arm-gcc/bin/../lib/gcc/arm-none-eabi/8.2.1/../../../../arm-none-eabi/lib/thumb/v7-m/nofp\libc_nano.a(lib_a-nano-vfprintf.o)
                                                  r:/mcu-tools/arm-gcc/bin/../lib/gcc/arm-none-eabi/8.2.1/../../../../arm-none-eabi/lib/thumb/v7-m/nofp\libc_nano.a(lib_a-findfp.o)
__retarget_lock_try_acquire                       r:/mcu-tools/arm-gcc/bin/../lib/gcc/arm-none-eabi/8.2.1/../../../../arm-none-eabi/lib/thumb/v7-m/nofp\libc_nano.a(lib_a-lock.o)
__retarget_lock_try_acquire_recursive             r:/mcu-tools/arm-gcc/bin/../lib/gcc/arm-none-eabi/8.2.1/../../../../arm-none-eabi/lib/thumb/v7-m/nofp\libc_nano.a(lib_a-lock.o)
__sclose                                          r:/mcu-tools/arm-gcc/bin/../lib/gcc/arm-none-eabi/8.2.1/../../../../arm-none-eabi/lib/thumb/v7-m/nofp\libc_nano.a(lib_a-stdio.o)
                                                  r:/mcu-tools/arm-gcc/bin/../lib/gcc/arm-none-eabi/8.2.1/../../../../arm-none-eabi/lib/thumb/v7-m/nofp\libc_nano.a(lib_a-findfp.o)
__seofread                                        r:/mcu-tools/arm-gcc/bin/../lib/gcc/arm-none-eabi/8.2.1/../../../../arm-none-eabi/lib/thumb/v7-m/nofp\libc_nano.a(lib_a-stdio.o)
__sf_fake_stderr                                  r:/mcu-tools/arm-gcc/bin/../lib/gcc/arm-none-eabi/8.2.1/../../../../arm-none-eabi/lib/thumb/v7-m/nofp\libc_nano.a(lib_a-findfp.o)
                                                  r:/mcu-tools/arm-gcc/bin/../lib/gcc/arm-none-eabi/8.2.1/../../../../arm-none-eabi/lib/thumb/v7-m/nofp\libc_nano.a(lib_a-fflush.o)
                                                  r:/mcu-tools/arm-gcc/bin/../lib/gcc/arm-none-eabi/8.2.1/../../../../arm-none-eabi/lib/thumb/v7-m/nofp\libc_nano.a(lib_a-wsetup.o)
                                                  r:/mcu-tools/arm-gcc/bin/../lib/gcc/arm-none-eabi/8.2.1/../../../../arm-none-eabi/lib/thumb/v7-m/nofp\libc_nano.a(lib_a-wbuf.o)
                                                  r:/mcu-tools/arm-gcc/bin/../lib/gcc/arm-none-eabi/8.2.1/../../../../arm-none-eabi/lib/thumb/v7-m/nofp\libc_nano.a(lib_a-nano-vfprintf.o)
                                                  r:/mcu-tools/arm-gcc/bin/../lib/gcc/arm-none-eabi/8.2.1/../../../../arm-none-eabi/lib/thumb/v7-m/nofp\libc_nano.a(lib_a-impure.o)
__sf_fake_stdin                                   r:/mcu-tools/arm-gcc/bin/../lib/gcc/arm-none-eabi/8.2.1/../../../../arm-none-eabi/lib/thumb/v7-m/nofp\libc_nano.a(lib_a-findfp.o)
                                                  r:/mcu-tools/arm-gcc/bin/../lib/gcc/arm-none-eabi/8.2.1/../../../../arm-none-eabi/lib/thumb/v7-m/nofp\libc_nano.a(lib_a-fflush.o)
                                                  r:/mcu-tools/arm-gcc/bin/../lib/gcc/arm-none-eabi/8.2.1/../../../../arm-none-eabi/lib/thumb/v7-m/nofp\libc_nano.a(lib_a-wsetup.o)
                                                  r:/mcu-tools/arm-gcc/bin/../lib/gcc/arm-none-eabi/8.2.1/../../../../arm-none-eabi/lib/thumb/v7-m/nofp\libc_nano.a(lib_a-wbuf.o)
                                                  r:/mcu-tools/arm-gcc/bin/../lib/gcc/arm-none-eabi/8.2.1/../../../../arm-none-eabi/lib/thumb/v7-m/nofp\libc_nano.a(lib_a-nano-vfprintf.o)
                                                  r:/mcu-tools/arm-gcc/bin/../lib/gcc/arm-none-eabi/8.2.1/../../../../arm-none-eabi/lib/thumb/v7-m/nofp\libc_nano.a(lib_a-impure.o)
__sf_fake_stdout                                  r:/mcu-tools/arm-gcc/bin/../lib/gcc/arm-none-eabi/8.2.1/../../../../arm-none-eabi/lib/thumb/v7-m/nofp\libc_nano.a(lib_a-findfp.o)
                                                  r:/mcu-tools/arm-gcc/bin/../lib/gcc/arm-none-eabi/8.2.1/../../../../arm-none-eabi/lib/thumb/v7-m/nofp\libc_nano.a(lib_a-fflush.o)
                                                  r:/mcu-tools/arm-gcc/bin/../lib/gcc/arm-none-eabi/8.2.1/../../../../arm-none-eabi/lib/thumb/v7-m/nofp\libc_nano.a(lib_a-wsetup.o)
                                                  r:/mcu-tools/arm-gcc/bin/../lib/gcc/arm-none-eabi/8.2.1/../../../../arm-none-eabi/lib/thumb/v7-m/nofp\libc_nano.a(lib_a-wbuf.o)
                                                  r:/mcu-tools/arm-gcc/bin/../lib/gcc/arm-none-eabi/8.2.1/../../../../arm-none-eabi/lib/thumb/v7-m/nofp\libc_nano.a(lib_a-nano-vfprintf.o)
                                                  r:/mcu-tools/arm-gcc/bin/../lib/gcc/arm-none-eabi/8.2.1/../../../../arm-none-eabi/lib/thumb/v7-m/nofp\libc_nano.a(lib_a-impure.o)
__sflush_r                                        r:/mcu-tools/arm-gcc/bin/../lib/gcc/arm-none-eabi/8.2.1/../../../../arm-none-eabi/lib/thumb/v7-m/nofp\libc_nano.a(lib_a-fflush.o)
__sfmoreglue                                      r:/mcu-tools/arm-gcc/bin/../lib/gcc/arm-none-eabi/8.2.1/../../../../arm-none-eabi/lib/thumb/v7-m/nofp\libc_nano.a(lib_a-findfp.o)
__sfp                                             r:/mcu-tools/arm-gcc/bin/../lib/gcc/arm-none-eabi/8.2.1/../../../../arm-none-eabi/lib/thumb/v7-m/nofp\libc_nano.a(lib_a-findfp.o)
__sfp_lock_acquire                                r:/mcu-tools/arm-gcc/bin/../lib/gcc/arm-none-eabi/8.2.1/../../../../arm-none-eabi/lib/thumb/v7-m/nofp\libc_nano.a(lib_a-findfp.o)
__sfp_lock_release                                r:/mcu-tools/arm-gcc/bin/../lib/gcc/arm-none-eabi/8.2.1/../../../../arm-none-eabi/lib/thumb/v7-m/nofp\libc_nano.a(lib_a-findfp.o)
__sfputs_r                                        r:/mcu-tools/arm-gcc/bin/../lib/gcc/arm-none-eabi/8.2.1/../../../../arm-none-eabi/lib/thumb/v7-m/nofp\libc_nano.a(lib_a-nano-vfprintf.o)
__sfvwrite_r                                      r:/mcu-tools/arm-gcc/bin/../lib/gcc/arm-none-eabi/8.2.1/../../../../arm-none-eabi/lib/thumb/v7-m/nofp\libc_nano.a(lib_a-fvwrite.o)
                                                  r:/mcu-tools/arm-gcc/bin/../lib/gcc/arm-none-eabi/8.2.1/../../../../arm-none-eabi/lib/thumb/v7-m/nofp\libc_nano.a(lib_a-nano-vfprintf.o)
__sinit                                           r:/mcu-tools/arm-gcc/bin/../lib/gcc/arm-none-eabi/8.2.1/../../../../arm-none-eabi/lib/thumb/v7-m/nofp\libc_nano.a(lib_a-findfp.o)
                                                  r:/mcu-tools/arm-gcc/bin/../lib/gcc/arm-none-eabi/8.2.1/../../../../arm-none-eabi/lib/thumb/v7-m/nofp\libc_nano.a(lib_a-fflush.o)
                                                  r:/mcu-tools/arm-gcc/bin/../lib/gcc/arm-none-eabi/8.2.1/../../../../arm-none-eabi/lib/thumb/v7-m/nofp\libc_nano.a(lib_a-wsetup.o)
                                                  r:/mcu-tools/arm-gcc/bin/../lib/gcc/arm-none-eabi/8.2.1/../../../../arm-none-eabi/lib/thumb/v7-m/nofp\libc_nano.a(lib_a-wbuf.o)
                                                  r:/mcu-tools/arm-gcc/bin/../lib/gcc/arm-none-eabi/8.2.1/../../../../arm-none-eabi/lib/thumb/v7-m/nofp\libc_nano.a(lib_a-nano-vfprintf.o)
                                                  r:/mcu-tools/arm-gcc/bin/../lib/gcc/arm-none-eabi/8.2.1/../../../../arm-none-eabi/lib/thumb/v7-m/nofp\libc_nano.a(lib_a-printf.o)
__sinit_lock_acquire                              r:/mcu-tools/arm-gcc/bin/../lib/gcc/arm-none-eabi/8.2.1/../../../../arm-none-eabi/lib/thumb/v7-m/nofp\libc_nano.a(lib_a-findfp.o)
__sinit_lock_release                              r:/mcu-tools/arm-gcc/bin/../lib/gcc/arm-none-eabi/8.2.1/../../../../arm-none-eabi/lib/thumb/v7-m/nofp\libc_nano.a(lib_a-findfp.o)
__smakebuf_r                                      r:/mcu-tools/arm-gcc/bin/../lib/gcc/arm-none-eabi/8.2.1/../../../../arm-none-eabi/lib/thumb/v7-m/nofp\libc_nano.a(lib_a-makebuf.o)
                                                  r:/mcu-tools/arm-gcc/bin/../lib/gcc/arm-none-eabi/8.2.1/../../../../arm-none-eabi/lib/thumb/v7-m/nofp\libc_nano.a(lib_a-wsetup.o)
__sprint_r                                        r:/mcu-tools/arm-gcc/bin/../lib/gcc/arm-none-eabi/8.2.1/../../../../arm-none-eabi/lib/thumb/v7-m/nofp\libc_nano.a(lib_a-nano-vfprintf.o)
__sread                                           r:/mcu-tools/arm-gcc/bin/../lib/gcc/arm-none-eabi/8.2.1/../../../../arm-none-eabi/lib/thumb/v7-m/nofp\libc_nano.a(lib_a-stdio.o)
                                                  r:/mcu-tools/arm-gcc/bin/../lib/gcc/arm-none-eabi/8.2.1/../../../../arm-none-eabi/lib/thumb/v7-m/nofp\libc_nano.a(lib_a-findfp.o)
__sseek                                           r:/mcu-tools/arm-gcc/bin/../lib/gcc/arm-none-eabi/8.2.1/../../../../arm-none-eabi/lib/thumb/v7-m/nofp\libc_nano.a(lib_a-stdio.o)
                                                  r:/mcu-tools/arm-gcc/bin/../lib/gcc/arm-none-eabi/8.2.1/../../../../arm-none-eabi/lib/thumb/v7-m/nofp\libc_nano.a(lib_a-findfp.o)
__ssprint_r                                       r:/mcu-tools/arm-gcc/bin/../lib/gcc/arm-none-eabi/8.2.1/../../../../arm-none-eabi/lib/thumb/v7-m/nofp\libc_nano.a(lib_a-nano-svfprintf.o)
__ssputs_r                                        r:/mcu-tools/arm-gcc/bin/../lib/gcc/arm-none-eabi/8.2.1/../../../../arm-none-eabi/lib/thumb/v7-m/nofp\libc_nano.a(lib_a-nano-svfprintf.o)
__stack                                           r:/mcu-tools/arm-gcc/bin/../lib/gcc/arm-none-eabi/8.2.1/../../../../arm-none-eabi/lib/thumb/v7-m/nofp/crt0.o
__strtok_r                                        r:/mcu-tools/arm-gcc/bin/../lib/gcc/arm-none-eabi/8.2.1/../../../../arm-none-eabi/lib/thumb/v7-m/nofp\libc_nano.a(lib_a-strtok_r.o)
                                                  r:/mcu-tools/arm-gcc/bin/../lib/gcc/arm-none-eabi/8.2.1/../../../../arm-none-eabi/lib/thumb/v7-m/nofp\libc_nano.a(lib_a-strtok.o)
__swbuf                                           r:/mcu-tools/arm-gcc/bin/../lib/gcc/arm-none-eabi/8.2.1/../../../../arm-none-eabi/lib/thumb/v7-m/nofp\libc_nano.a(lib_a-wbuf.o)
__swbuf_r                                         r:/mcu-tools/arm-gcc/bin/../lib/gcc/arm-none-eabi/8.2.1/../../../../arm-none-eabi/lib/thumb/v7-m/nofp\libc_nano.a(lib_a-wbuf.o)
                                                  r:/mcu-tools/arm-gcc/bin/../lib/gcc/arm-none-eabi/8.2.1/../../../../arm-none-eabi/lib/thumb/v7-m/nofp\libc_nano.a(lib_a-nano-vfprintf.o)
__swhatbuf_r                                      r:/mcu-tools/arm-gcc/bin/../lib/gcc/arm-none-eabi/8.2.1/../../../../arm-none-eabi/lib/thumb/v7-m/nofp\libc_nano.a(lib_a-makebuf.o)
__swrite                                          r:/mcu-tools/arm-gcc/bin/../lib/gcc/arm-none-eabi/8.2.1/../../../../arm-none-eabi/lib/thumb/v7-m/nofp\libc_nano.a(lib_a-stdio.o)
                                                  r:/mcu-tools/arm-gcc/bin/../lib/gcc/arm-none-eabi/8.2.1/../../../../arm-none-eabi/lib/thumb/v7-m/nofp\libc_nano.a(lib_a-findfp.o)
__swsetup_r                                       r:/mcu-tools/arm-gcc/bin/../lib/gcc/arm-none-eabi/8.2.1/../../../../arm-none-eabi/lib/thumb/v7-m/nofp\libc_nano.a(lib_a-wsetup.o)
                                                  r:/mcu-tools/arm-gcc/bin/../lib/gcc/arm-none-eabi/8.2.1/../../../../arm-none-eabi/lib/thumb/v7-m/nofp\libc_nano.a(lib_a-fvwrite.o)
                                                  r:/mcu-tools/arm-gcc/bin/../lib/gcc/arm-none-eabi/8.2.1/../../../../arm-none-eabi/lib/thumb/v7-m/nofp\libc_nano.a(lib_a-wbuf.o)
                                                  r:/mcu-tools/arm-gcc/bin/../lib/gcc/arm-none-eabi/8.2.1/../../../../arm-none-eabi/lib/thumb/v7-m/nofp\libc_nano.a(lib_a-nano-vfprintf.o)
_cleanup                                          r:/mcu-tools/arm-gcc/bin/../lib/gcc/arm-none-eabi/8.2.1/../../../../arm-none-eabi/lib/thumb/v7-m/nofp\libc_nano.a(lib_a-findfp.o)
_cleanup_r                                        r:/mcu-tools/arm-gcc/bin/../lib/gcc/arm-none-eabi/8.2.1/../../../../arm-none-eabi/lib/thumb/v7-m/nofp\libc_nano.a(lib_a-findfp.o)
                                                  r:/mcu-tools/arm-gcc/bin/../lib/gcc/arm-none-eabi/8.2.1/../../../../arm-none-eabi/lib/thumb/v7-m/nofp\libc_nano.a(lib_a-makebuf.o)
_close                                            r:/mcu-tools/arm-gcc/bin/../lib/gcc/arm-none-eabi/8.2.1/../../../../arm-none-eabi/lib/thumb/v7-m/nofp\libnosys.a(close.o)
                                                  r:/mcu-tools/arm-gcc/bin/../lib/gcc/arm-none-eabi/8.2.1/../../../../arm-none-eabi/lib/thumb/v7-m/nofp\libc_nano.a(lib_a-closer.o)
_close_r                                          r:/mcu-tools/arm-gcc/bin/../lib/gcc/arm-none-eabi/8.2.1/../../../../arm-none-eabi/lib/thumb/v7-m/nofp\libc_nano.a(lib_a-closer.o)
                                                  r:/mcu-tools/arm-gcc/bin/../lib/gcc/arm-none-eabi/8.2.1/../../../../arm-none-eabi/lib/thumb/v7-m/nofp\libc_nano.a(lib_a-stdio.o)
_ctype_                                           r:/mcu-tools/arm-gcc/bin/../lib/gcc/arm-none-eabi/8.2.1/../../../../arm-none-eabi/lib/thumb/v7-m/nofp\libc_nano.a(lib_a-ctype_.o)
                                                  r:/mcu-tools/arm-gcc/bin/../lib/gcc/arm-none-eabi/8.2.1/../../../../arm-none-eabi/lib/thumb/v7-m/nofp\libc_nano.a(lib_a-strtol.o)
                                                  build/hwIndependentFunctions.o
                                                  build/main.o
_ebss                                             build/startup_stm32f103xe.o
_edata                                            build/startup_stm32f103xe.o
_estack                                           build/startup_stm32f103xe.o
_exit                                             r:/mcu-tools/arm-gcc/bin/../lib/gcc/arm-none-eabi/8.2.1/../../../../arm-none-eabi/lib/thumb/v7-m/nofp\libnosys.a(_exit.o)
                                                  r:/mcu-tools/arm-gcc/bin/../lib/gcc/arm-none-eabi/8.2.1/../../../../arm-none-eabi/lib/thumb/v7-m/nofp\libc_nano.a(lib_a-exit.o)
_fflush_r                                         r:/mcu-tools/arm-gcc/bin/../lib/gcc/arm-none-eabi/8.2.1/../../../../arm-none-eabi/lib/thumb/v7-m/nofp\libc_nano.a(lib_a-fflush.o)
                                                  r:/mcu-tools/arm-gcc/bin/../lib/gcc/arm-none-eabi/8.2.1/../../../../arm-none-eabi/lib/thumb/v7-m/nofp\libc_nano.a(lib_a-fvwrite.o)
                                                  r:/mcu-tools/arm-gcc/bin/../lib/gcc/arm-none-eabi/8.2.1/../../../../arm-none-eabi/lib/thumb/v7-m/nofp\libc_nano.a(lib_a-wbuf.o)
                                                  r:/mcu-tools/arm-gcc/bin/../lib/gcc/arm-none-eabi/8.2.1/../../../../arm-none-eabi/lib/thumb/v7-m/nofp\libc_nano.a(lib_a-findfp.o)
_fini                                             r:/mcu-tools/arm-gcc/bin/../lib/gcc/arm-none-eabi/8.2.1/thumb/v7-m/nofp/crti.o
_free_r                                           r:/mcu-tools/arm-gcc/bin/../lib/gcc/arm-none-eabi/8.2.1/../../../../arm-none-eabi/lib/thumb/v7-m/nofp\libc_nano.a(lib_a-nano-freer.o)
                                                  r:/mcu-tools/arm-gcc/bin/../lib/gcc/arm-none-eabi/8.2.1/../../../../arm-none-eabi/lib/thumb/v7-m/nofp\libc_nano.a(lib_a-reent.o)
                                                  r:/mcu-tools/arm-gcc/bin/../lib/gcc/arm-none-eabi/8.2.1/../../../../arm-none-eabi/lib/thumb/v7-m/nofp\libc_nano.a(lib_a-nano-reallocr.o)
                                                  r:/mcu-tools/arm-gcc/bin/../lib/gcc/arm-none-eabi/8.2.1/../../../../arm-none-eabi/lib/thumb/v7-m/nofp\libc_nano.a(lib_a-fvwrite.o)