Archive member included to satisfy reference by file (symbol)

c:/program files/mcu-tools/arm-gcc/bin/../lib/gcc/arm-none-eabi/8.2.1/../../../../arm-none-eabi/lib/thumb/v7-m/nofp\libc_nano.a(lib_a-ctype_.o)
                              build/main.o (_ctype_)
c:/program files/mcu-tools/arm-gcc/bin/../lib/gcc/arm-none-eabi/8.2.1/../../../../arm-none-eabi/lib/thumb/v7-m/nofp\libc_nano.a(lib_a-exit.o)
                              c:/program files/mcu-tools/arm-gcc/bin/../lib/gcc/arm-none-eabi/8.2.1/../../../../arm-none-eabi/lib/thumb/v7-m/nofp/crt0.o (exit)
c:/program files/mcu-tools/arm-gcc/bin/../lib/gcc/arm-none-eabi/8.2.1/../../../../arm-none-eabi/lib/thumb/v7-m/nofp\libc_nano.a(lib_a-impure.o)
                              c:/program files/mcu-tools/arm-gcc/bin/../lib/gcc/arm-none-eabi/8.2.1/../../../../arm-none-eabi/lib/thumb/v7-m/nofp\libc_nano.a(lib_a-exit.o) (_global_impure_ptr)
c:/program files/mcu-tools/arm-gcc/bin/../lib/gcc/arm-none-eabi/8.2.1/../../../../arm-none-eabi/lib/thumb/v7-m/nofp\libc_nano.a(lib_a-init.o)
                              c:/program files/mcu-tools/arm-gcc/bin/../lib/gcc/arm-none-eabi/8.2.1/../../../../arm-none-eabi/lib/thumb/v7-m/nofp/crt0.o (__libc_init_array)
c:/program files/mcu-tools/arm-gcc/bin/../lib/gcc/arm-none-eabi/8.2.1/../../../../arm-none-eabi/lib/thumb/v7-m/nofp\libc_nano.a(lib_a-memset.o)
                              c:/program files/mcu-tools/arm-gcc/bin/../lib/gcc/arm-none-eabi/8.2.1/../../../../arm-none-eabi/lib/thumb/v7-m/nofp/crt0.o (memset)
c:/program files/mcu-tools/arm-gcc/bin/../lib/gcc/arm-none-eabi/8.2.1/../../../../arm-none-eabi/lib/thumb/v7-m/nofp\libc_nano.a(lib_a-printf.o)
                              build/main.o (printf)
c:/program files/mcu-tools/arm-gcc/bin/../lib/gcc/arm-none-eabi/8.2.1/../../../../arm-none-eabi/lib/thumb/v7-m/nofp\libc_nano.a(lib_a-snprintf.o)
                              build/main.o (snprintf)
c:/program files/mcu-tools/arm-gcc/bin/../lib/gcc/arm-none-eabi/8.2.1/../../../../arm-none-eabi/lib/thumb/v7-m/nofp\libc_nano.a(lib_a-strcat.o)
                              build/main.o (strcat)
c:/program files/mcu-tools/arm-gcc/bin/../lib/gcc/arm-none-eabi/8.2.1/../../../../arm-none-eabi/lib/thumb/v7-m/nofp\libc_nano.a(lib_a-strlen.o)
                              build/main.o (strlen)
c:/program files/mcu-tools/arm-gcc/bin/../lib/gcc/arm-none-eabi/8.2.1/../../../../arm-none-eabi/lib/thumb/v7-m/nofp\libc_nano.a(lib_a-strncmp.o)
                              build/main.o (strncmp)
c:/program files/mcu-tools/arm-gcc/bin/../lib/gcc/arm-none-eabi/8.2.1/../../../../arm-none-eabi/lib/thumb/v7-m/nofp\libc_nano.a(lib_a-strtok.o)
                              build/main.o (strtok)
c:/program files/mcu-tools/arm-gcc/bin/../lib/gcc/arm-none-eabi/8.2.1/../../../../arm-none-eabi/lib/thumb/v7-m/nofp\libc_nano.a(lib_a-strtok_r.o)
                              c:/program files/mcu-tools/arm-gcc/bin/../lib/gcc/arm-none-eabi/8.2.1/../../../../arm-none-eabi/lib/thumb/v7-m/nofp\libc_nano.a(lib_a-strtok.o) (__strtok_r)
c:/program files/mcu-tools/arm-gcc/bin/../lib/gcc/arm-none-eabi/8.2.1/../../../../arm-none-eabi/lib/thumb/v7-m/nofp\libc_nano.a(lib_a-strtol.o)
                              build/main.o (strtol)
c:/program files/mcu-tools/arm-gcc/bin/../lib/gcc/arm-none-eabi/8.2.1/../../../../arm-none-eabi/lib/thumb/v7-m/nofp\libc_nano.a(lib_a-findfp.o)
                              c:/program files/mcu-tools/arm-gcc/bin/../lib/gcc/arm-none-eabi/8.2.1/../../../../arm-none-eabi/lib/thumb/v7-m/nofp\libc_nano.a(lib_a-printf.o) (__sinit)
c:/program files/mcu-tools/arm-gcc/bin/../lib/gcc/arm-none-eabi/8.2.1/../../../../arm-none-eabi/lib/thumb/v7-m/nofp\libc_nano.a(lib_a-fwalk.o)
                              c:/program files/mcu-tools/arm-gcc/bin/../lib/gcc/arm-none-eabi/8.2.1/../../../../arm-none-eabi/lib/thumb/v7-m/nofp\libc_nano.a(lib_a-findfp.o) (_fwalk)
c:/program files/mcu-tools/arm-gcc/bin/../lib/gcc/arm-none-eabi/8.2.1/../../../../arm-none-eabi/lib/thumb/v7-m/nofp\libc_nano.a(lib_a-lock.o)
                              c:/program files/mcu-tools/arm-gcc/bin/../lib/gcc/arm-none-eabi/8.2.1/../../../../arm-none-eabi/lib/thumb/v7-m/nofp\libc_nano.a(lib_a-findfp.o) (__retarget_lock_init_recursive)
c:/program files/mcu-tools/arm-gcc/bin/../lib/gcc/arm-none-eabi/8.2.1/../../../../arm-none-eabi/lib/thumb/v7-m/nofp\libc_nano.a(lib_a-malloc.o)
                              c:/program files/mcu-tools/arm-gcc/bin/../lib/gcc/arm-none-eabi/8.2.1/../../../../arm-none-eabi/lib/thumb/v7-m/nofp\libc_nano.a(lib_a-strtok.o) (malloc)
c:/program files/mcu-tools/arm-gcc/bin/../lib/gcc/arm-none-eabi/8.2.1/../../../../arm-none-eabi/lib/thumb/v7-m/nofp\libc_nano.a(lib_a-nano-freer.o)
                              c:/program files/mcu-tools/arm-gcc/bin/../lib/gcc/arm-none-eabi/8.2.1/../../../../arm-none-eabi/lib/thumb/v7-m/nofp\libc_nano.a(lib_a-malloc.o) (_free_r)
[...]
Memory Configuration

Name             Origin             Length             Attributes
RAM              0x0000000020000000 0x0000000000010000 xrw
FLASH            0x0000000008000000 0x0000000000080000 xr
*default*        0x0000000000000000 0xffffffffffffffff

Linker script and memory map

LOAD c:/program files/mcu-tools/arm-gcc/bin/../lib/gcc/arm-none-eabi/8.2.1/thumb/v7-m/nofp/crti.o
LOAD c:/program files/mcu-tools/arm-gcc/bin/../lib/gcc/arm-none-eabi/8.2.1/thumb/v7-m/nofp/crtbegin.o
LOAD c:/program files/mcu-tools/arm-gcc/bin/../lib/gcc/arm-none-eabi/8.2.1/../../../../arm-none-eabi/lib/thumb/v7-m/nofp/crt0.o
LOAD build/main.o
LOAD build/gpio_stm32f1.o
LOAD build/init_stm32f103.o
LOAD build/driver_flash.o
LOAD build/hwIndependentFunctions.o
LOAD build/system_stm32f10x.o
LOAD build/startup_stm32f103xe.o
LOAD c:/program files/mcu-tools/arm-gcc/bin/../lib/gcc/arm-none-eabi/8.2.1/../../../../arm-none-eabi/lib/thumb/v7-m/nofp\libc_nano.a
LOAD c:/program files/mcu-tools/arm-gcc/bin/../lib/gcc/arm-none-eabi/8.2.1/../../../../arm-none-eabi/lib/thumb/v7-m/nofp\libm.a
LOAD c:/program files/mcu-tools/arm-gcc/bin/../lib/gcc/arm-none-eabi/8.2.1/../../../../arm-none-eabi/lib/thumb/v7-m/nofp\libnosys.a
START GROUP
LOAD c:/program files/mcu-tools/arm-gcc/bin/../lib/gcc/arm-none-eabi/8.2.1/thumb/v7-m/nofp\libgcc.a
LOAD c:/program files/mcu-tools/arm-gcc/bin/../lib/gcc/arm-none-eabi/8.2.1/../../../../arm-none-eabi/lib/thumb/v7-m/nofp\libc_nano.a
END GROUP
START GROUP
LOAD c:/program files/mcu-tools/arm-gcc/bin/../lib/gcc/arm-none-eabi/8.2.1/thumb/v7-m/nofp\libgcc.a
LOAD c:/program files/mcu-tools/arm-gcc/bin/../lib/gcc/arm-none-eabi/8.2.1/../../../../arm-none-eabi/lib/thumb/v7-m/nofp\libc_nano.a
END GROUP
LOAD c:/program files/mcu-tools/arm-gcc/bin/../lib/gcc/arm-none-eabi/8.2.1/thumb/v7-m/nofp/crtend.o
LOAD c:/program files/mcu-tools/arm-gcc/bin/../lib/gcc/arm-none-eabi/8.2.1/thumb/v7-m/nofp/crtn.o
                0x0000000020010000                _estack = 0x20010000
                0x0000000000000200                _Min_Heap_Size = 0x200
                0x0000000000000400                _Min_Stack_Size = 0x400

.isr_vector     0x0000000008000000      0x1e4
                0x0000000008000000                . = ALIGN (0x4)
 *(.isr_vector)
 .isr_vector    0x0000000008000000      0x1e4 build/startup_stm32f103xe.o
                0x0000000008000000                g_pfnVectors
                0x00000000080001e4                . = ALIGN (0x4)

.text           0x00000000080001e4     0x2890
                0x00000000080001e4                . = ALIGN (0x4)
 *(.text)
 .text          0x00000000080001e4       0x10 c:/program files/mcu-tools/arm-gcc/bin/../lib/gcc/arm-none-eabi/8.2.1/../../../../arm-none-eabi/lib/thumb/v7-m/nofp\libc_nano.a(lib_a-strlen.o)
                0x00000000080001e4                strlen
 *(.text*)
 .text.deregister_tm_clones
                0x00000000080001f4       0x1c c:/program files/mcu-tools/arm-gcc/bin/../lib/gcc/arm-none-eabi/8.2.1/thumb/v7-m/nofp/crtbegin.o
 .text.register_tm_clones
                0x0000000008000210       0x24 c:/program files/mcu-tools/arm-gcc/bin/../lib/gcc/arm-none-eabi/8.2.1/thumb/v7-m/nofp/crtbegin.o
 .text.__do_global_dtors_aux
                0x0000000008000234       0x28 c:/program files/mcu-tools/arm-gcc/bin/../lib/gcc/arm-none-eabi/8.2.1/thumb/v7-m/nofp/crtbegin.o
 .text.frame_dummy
                0x000000000800025c       0x24 c:/program files/mcu-tools/arm-gcc/bin/../lib/gcc/arm-none-eabi/8.2.1/thumb/v7-m/nofp/crtbegin.o
 .text.resetCC  0x0000000008000280       0x1c build/main.o
                0x0000000008000280                resetCC
 .text.copyCCtoLC
                0x000000000800029c       0x20 build/main.o
                0x000000000800029c                copyCCtoLC
 .text.delay_ms
                0x00000000080002bc       0x3c build/main.o
                0x00000000080002bc                delay_ms
 .text.DataBusRead
                0x00000000080002f8       0x28 build/main.o
                0x00000000080002f8                DataBusRead
 .text.DataBusWrite
                0x0000000008000320       0x28 build/main.o
                0x0000000008000320                DataBusWrite
 .text.SendMessage
                0x0000000008000348       0x48 build/main.o
                0x0000000008000348                SendMessage
 .text.DefaultCommand
                0x0000000008000390       0x20 build/main.o
                0x0000000008000390                DefaultCommand
 .text.HelpCommand
                0x00000000080003b0       0x4c build/main.o
                0x00000000080003b0                HelpCommand
 .text.WriteCommand
                0x00000000080003fc       0xb4 build/main.o
                0x00000000080003fc                WriteCommand
 .text.ReadCommand
                0x00000000080004b0       0xbc build/main.o
                0x00000000080004b0                ReadCommand
 .text.taskExecCommand
                0x000000000800056c      0x1b8 build/main.o
                0x000000000800056c                taskExecCommand
 .text.errorType
                0x0000000008000724       0xc4 build/main.o
                0x0000000008000724                errorType
 .text.SaveCommand
                0x00000000080007e8       0x54 build/main.o
                0x00000000080007e8                SaveCommand
 .text.initDeviceConfig
                0x000000000800083c       0x7c build/main.o
                0x000000000800083c                initDeviceConfig
 .text.parseUARTMessage
                0x00000000080008b8      0x6f4 build/main.o
                0x00000000080008b8                parseUARTMessage
 .text.RecieveMessage
                0x0000000008000fac       0x68 build/main.o
                0x0000000008000fac                RecieveMessage
 .text.USART1_IRQHandler
                0x0000000008001014       0x28 build/main.o
                0x0000000008001014                USART1_IRQHandler
 .text.main     0x000000000800103c       0x2c build/main.o
                0x000000000800103c                main
 .text.IO_ConfigLine
                0x0000000008001068       0x70 build/gpio_stm32f1.o
                0x0000000008001068                IO_ConfigLine
 .text.IO_Init  0x00000000080010d8       0x58 build/gpio_stm32f1.o
                0x00000000080010d8                IO_Init
 .text.IO_SetLine
                0x0000000008001130       0x30 build/gpio_stm32f1.o
                0x0000000008001130                IO_SetLine
 .text.initUSART1_19200
                0x0000000008001160       0x68 build/init_stm32f103.o
                0x0000000008001160                initUSART1_19200
 .text.initIRQHandler
                0x00000000080011c8       0x24 build/init_stm32f103.o
                0x00000000080011c8                initIRQHandler
 .text.initTIM1_msTimer
                0x00000000080011ec       0x6c build/init_stm32f103.o
                0x00000000080011ec                initTIM1_msTimer
 .text.initTIM3CH2_externalCounter
                0x0000000008001258       0xb4 build/init_stm32f103.o
                0x0000000008001258                initTIM3CH2_externalCounter
 .text.flash_lock
                0x000000000800130c       0x10 build/driver_flash.o
                0x000000000800130c                flash_lock
 .text.flash_unlock
                0x000000000800131c       0x18 build/driver_flash.o
                0x000000000800131c                flash_unlock
 .text.flash_erase_page
                0x0000000008001334       0x30 build/driver_flash.o
                0x0000000008001334                flash_erase_page
 .text.flash_write
                0x0000000008001364       0x40 build/driver_flash.o
                0x0000000008001364                flash_write
 .text.checkHexFormat
                0x00000000080013a4       0x2c build/hwIndependentFunctions.o
                0x00000000080013a4                checkHexFormat
 .text.checkRange
                0x00000000080013d0        0xa build/hwIndependentFunctions.o
                0x00000000080013d0                checkRange
 .text.checkParity
                0x00000000080013da        0x6 build/hwIndependentFunctions.o
                0x00000000080013da                checkParity
 .text.SystemInit
                0x00000000080013e0      0x104 build/system_stm32f10x.o
                0x00000000080013e0                SystemInit
 .text.Reset_Handler
                0x00000000080014e4       0x48 build/startup_stm32f103xe.o
                0x00000000080014e4                Reset_Handler
 .text.Default_Handler
                0x000000000800152c        0x2 build/startup_stm32f103xe.o
                0x000000000800152c                RTC_Alarm_IRQHandler
                0x000000000800152c                EXTI2_IRQHandler
                0x000000000800152c                TIM8_TRG_COM_IRQHandler
                0x000000000800152c                TIM8_CC_IRQHandler
                0x000000000800152c                DebugMon_Handler
                0x000000000800152c                TIM1_CC_IRQHandler
                0x000000000800152c                HardFault_Handler
                0x000000000800152c                TIM6_IRQHandler
                0x000000000800152c                SysTick_Handler
                0x000000000800152c                PVD_IRQHandler
                0x000000000800152c                SDIO_IRQHandler
                0x000000000800152c                PendSV_Handler
                0x000000000800152c                NMI_Handler
                0x000000000800152c                EXTI3_IRQHandler
                0x000000000800152c                EXTI0_IRQHandler
                0x000000000800152c                I2C2_EV_IRQHandler
                0x000000000800152c                UsageFault_Handler
                0x000000000800152c                ADC1_2_IRQHandler
                0x000000000800152c                SPI1_IRQHandler
                0x000000000800152c                TAMPER_IRQHandler
                0x000000000800152c                TIM8_UP_IRQHandler
                0x000000000800152c                DMA2_Channel2_IRQHandler
                0x000000000800152c                DMA1_Channel4_IRQHandler
                0x000000000800152c                USART3_IRQHandler
                0x000000000800152c                RTC_IRQHandler
                0x000000000800152c                DMA1_Channel7_IRQHandler
                0x000000000800152c                CAN1_RX1_IRQHandler
                0x000000000800152c                UART5_IRQHandler
                0x000000000800152c                ADC3_IRQHandler
                0x000000000800152c                TIM4_IRQHandler
                0x000000000800152c                DMA2_Channel1_IRQHandler
                0x000000000800152c                I2C1_EV_IRQHandler
                0x000000000800152c                DMA1_Channel6_IRQHandler
                0x000000000800152c                UART4_IRQHandler
                0x000000000800152c                TIM3_IRQHandler
                0x000000000800152c                RCC_IRQHandler
                0x000000000800152c                TIM1_TRG_COM_IRQHandler
                0x000000000800152c                DMA1_Channel1_IRQHandler
                0x000000000800152c                Default_Handler
                0x000000000800152c                EXTI15_10_IRQHandler
                0x000000000800152c                TIM7_IRQHandler
                0x000000000800152c                TIM5_IRQHandler
                0x000000000800152c                EXTI9_5_IRQHandler
                0x000000000800152c                SPI2_IRQHandler
                0x000000000800152c                MemManage_Handler
                0x000000000800152c                SVC_Handler
                0x000000000800152c                DMA1_Channel5_IRQHandler
                0x000000000800152c                EXTI4_IRQHandler
                0x000000000800152c                USB_LP_CAN1_RX0_IRQHandler
                0x000000000800152c                USB_HP_CAN1_TX_IRQHandler
                0x000000000800152c                DMA1_Channel3_IRQHandler
                0x000000000800152c                FSMC_IRQHandler
                0x000000000800152c                TIM1_UP_IRQHandler
                0x000000000800152c                WWDG_IRQHandler
                0x000000000800152c                TIM2_IRQHandler
                0x000000000800152c                TIM1_BRK_IRQHandler
                0x000000000800152c                EXTI1_IRQHandler
                0x000000000800152c                DMA2_Channel4_5_IRQHandler
                0x000000000800152c                USART2_IRQHandler
                0x000000000800152c                I2C2_ER_IRQHandler
                0x000000000800152c                DMA1_Channel2_IRQHandler
                0x000000000800152c                TIM8_BRK_IRQHandler
                0x000000000800152c                CAN1_SCE_IRQHandler
                0x000000000800152c                FLASH_IRQHandler
                0x000000000800152c                BusFault_Handler
                0x000000000800152c                SPI3_IRQHandler
                0x000000000800152c                I2C1_ER_IRQHandler
                0x000000000800152c                USBWakeUp_IRQHandler
                0x000000000800152c                DMA2_Channel3_IRQHandler
 *fill*         0x000000000800152e        0x2 
 .text.__libc_init_array
                0x0000000008001530       0x48 c:/program files/mcu-tools/arm-gcc/bin/../lib/gcc/arm-none-eabi/8.2.1/../../../../arm-none-eabi/lib/thumb/v7-m/nofp\libc_nano.a(lib_a-init.o)
                0x0000000008001530                __libc_init_array
 .text.memset   0x0000000008001578       0x10 c:/program files/mcu-tools/arm-gcc/bin/../lib/gcc/arm-none-eabi/8.2.1/../../../../arm-none-eabi/lib/thumb/v7-m/nofp\libc_nano.a(lib_a-memset.o)
                0x0000000008001578                memset
 .text.printf   0x0000000008001588       0x30 c:/program files/mcu-tools/arm-gcc/bin/../lib/gcc/arm-none-eabi/8.2.1/../../../../arm-none-eabi/lib/thumb/v7-m/nofp\libc_nano.a(lib_a-printf.o)
                0x0000000008001588                iprintf
                0x0000000008001588                printf
 .text.snprintf
                0x00000000080015b8       0x68 c:/program files/mcu-tools/arm-gcc/bin/../lib/gcc/arm-none-eabi/8.2.1/../../../../arm-none-eabi/lib/thumb/v7-m/nofp\libc_nano.a(lib_a-snprintf.o)
                0x00000000080015b8                sniprintf
                0x00000000080015b8                snprintf
 .text.strcat   0x0000000008001620       0x20 c:/program files/mcu-tools/arm-gcc/bin/../lib/gcc/arm-none-eabi/8.2.1/../../../../arm-none-eabi/lib/thumb/v7-m/nofp\libc_nano.a(lib_a-strcat.o)
                0x0000000008001620                strcat
 .text.strncmp  0x0000000008001640       0x24 c:/program files/mcu-tools/arm-gcc/bin/../lib/gcc/arm-none-eabi/8.2.1/../../../../arm-none-eabi/lib/thumb/v7-m/nofp\libc_nano.a(lib_a-strncmp.o)
                0x0000000008001640                strncmp
 .text.strtok   0x0000000008001664       0x54 c:/program files/mcu-tools/arm-gcc/bin/../lib/gcc/arm-none-eabi/8.2.1/../../../../arm-none-eabi/lib/thumb/v7-m/nofp\libc_nano.a(lib_a-strtok.o)
                0x0000000008001664                strtok
 .text.__strtok_r
                0x00000000080016b8       0x52 c:/program files/mcu-tools/arm-gcc/bin/../lib/gcc/arm-none-eabi/8.2.1/../../../../arm-none-eabi/lib/thumb/v7-m/nofp\libc_nano.a(lib_a-strtok_r.o)
                0x00000000080016b8                __strtok_r
 *fill*         0x000000000800170a        0x2 
 .text._strtol_l.isra.0
                0x000000000800170c       0xf0 c:/program files/mcu-tools/arm-gcc/bin/../lib/gcc/arm-none-eabi/8.2.1/../../../../arm-none-eabi/lib/thumb/v7-m/nofp\libc_nano.a(lib_a-strtol.o)
 .text.strtol   0x00000000080017fc       0x14 c:/program files/mcu-tools/arm-gcc/bin/../lib/gcc/arm-none-eabi/8.2.1/../../../../arm-none-eabi/lib/thumb/v7-m/nofp\libc_nano.a(lib_a-strtol.o)
                0x00000000080017fc                strtol
 .text.std      0x0000000008001810       0x48 c:/program files/mcu-tools/arm-gcc/bin/../lib/gcc/arm-none-eabi/8.2.1/../../../../arm-none-eabi/lib/thumb/v7-m/nofp\libc_nano.a(lib_a-findfp.o)
 .text._cleanup_r
                0x0000000008001858        0xc c:/program files/mcu-tools/arm-gcc/bin/../lib/gcc/arm-none-eabi/8.2.1/../../../../arm-none-eabi/lib/thumb/v7-m/nofp\libc_nano.a(lib_a-findfp.o)
                0x0000000008001858                _cleanup_r
 .text.__sfmoreglue
                0x0000000008001864       0x2c c:/program files/mcu-tools/arm-gcc/bin/../lib/gcc/arm-none-eabi/8.2.1/../../../../arm-none-eabi/lib/thumb/v7-m/nofp\libc_nano.a(lib_a-findfp.o)
                0x0000000008001864                __sfmoreglue
 .text.__sfp_lock_acquire
                0x0000000008001890        0xc c:/program files/mcu-tools/arm-gcc/bin/../lib/gcc/arm-none-eabi/8.2.1/../../../../arm-none-eabi/lib/thumb/v7-m/nofp\libc_nano.a(lib_a-findfp.o)
                0x0000000008001890                __sfp_lock_acquire
 .text.__sfp_lock_release
                0x000000000800189c        0xc c:/program files/mcu-tools/arm-gcc/bin/../lib/gcc/arm-none-eabi/8.2.1/../../../../arm-none-eabi/lib/thumb/v7-m/nofp\libc_nano.a(lib_a-findfp.o)
                0x000000000800189c                __sfp_lock_release
 .text.__sinit_lock_acquire
                0x00000000080018a8        0xc c:/program files/mcu-tools/arm-gcc/bin/../lib/gcc/arm-none-eabi/8.2.1/../../../../arm-none-eabi/lib/thumb/v7-m/nofp\libc_nano.a(lib_a-findfp.o)
                0x00000000080018a8                __sinit_lock_acquire
 .text.__sinit_lock_release
                0x00000000080018b4        0xc c:/program files/mcu-tools/arm-gcc/bin/../lib/gcc/arm-none-eabi/8.2.1/../../../../arm-none-eabi/lib/thumb/v7-m/nofp\libc_nano.a(lib_a-findfp.o)
                0x00000000080018b4                __sinit_lock_release
 .text.__sinit  0x00000000080018c0       0x70 c:/program files/mcu-tools/arm-gcc/bin/../lib/gcc/arm-none-eabi/8.2.1/../../../../arm-none-eabi/lib/thumb/v7-m/nofp\libc_nano.a(lib_a-findfp.o)
                0x00000000080018c0                __sinit
 .text.__sfp    0x0000000008001930       0x8c c:/program files/mcu-tools/arm-gcc/bin/../lib/gcc/arm-none-eabi/8.2.1/../../../../arm-none-eabi/lib/thumb/v7-m/nofp\libc_nano.a(lib_a-findfp.o)
                0x0000000008001930                __sfp
 .text._fwalk_reent
                0x00000000080019bc       0x3c c:/program files/mcu-tools/arm-gcc/bin/../lib/gcc/arm-none-eabi/8.2.1/../../../../arm-none-eabi/lib/thumb/v7-m/nofp\libc_nano.a(lib_a-fwalk.o)
                0x00000000080019bc                _fwalk_reent
 .text.__retarget_lock_init_recursive
                0x00000000080019f8        0x2 c:/program files/mcu-tools/arm-gcc/bin/../lib/gcc/arm-none-eabi/8.2.1/../../../../arm-none-eabi/lib/thumb/v7-m/nofp\libc_nano.a(lib_a-lock.o)
                0x00000000080019f8                __retarget_lock_init_recursive
 .text.__retarget_lock_acquire_recursive
                0x00000000080019fa        0x2 c:/program files/mcu-tools/arm-gcc/bin/../lib/gcc/arm-none-eabi/8.2.1/../../../../arm-none-eabi/lib/thumb/v7-m/nofp\libc_nano.a(lib_a-lock.o)
                0x00000000080019fa                __retarget_lock_acquire_recursive
 .text.__retarget_lock_release_recursive
                0x00000000080019fc        0x2 c:/program files/mcu-tools/arm-gcc/bin/../lib/gcc/arm-none-eabi/8.2.1/../../../../arm-none-eabi/lib/thumb/v7-m/nofp\libc_nano.a(lib_a-lock.o)
                0x00000000080019fc                __retarget_lock_release_recursive
 *fill*         0x00000000080019fe        0x2 
 .text.malloc   0x0000000008001a00       0x10 c:/program files/mcu-tools/arm-gcc/bin/../lib/gcc/arm-none-eabi/8.2.1/../../../../arm-none-eabi/lib/thumb/v7-m/nofp\libc_nano.a(lib_a-malloc.o)
                0x0000000008001a00                malloc
 .text._free_r  0x0000000008001a10       0x98 c:/program files/mcu-tools/arm-gcc/bin/../lib/gcc/arm-none-eabi/8.2.1/../../../../arm-none-eabi/lib/thumb/v7-m/nofp\libc_nano.a(lib_a-nano-freer.o)
                0x0000000008001a10                _free_r
 .text._malloc_r
                0x0000000008001aa8       0xb4 c:/program files/mcu-tools/arm-gcc/bin/../lib/gcc/arm-none-eabi/8.2.1/../../../../arm-none-eabi/lib/thumb/v7-m/nofp\libc_nano.a(lib_a-nano-mallocr.o)
                0x0000000008001aa8                _malloc_r
 .text.__ssputs_r
                0x0000000008001b5c       0xb6 c:/program files/mcu-tools/arm-gcc/bin/../lib/gcc/arm-none-eabi/8.2.1/../../../../arm-none-eabi/lib/thumb/v7-m/nofp\libc_nano.a(lib_a-nano-svfprintf.o)
                0x0000000008001b5c                __ssputs_r
 *fill*         0x0000000008001c12        0x2 
 .text._svfprintf_r
                0x0000000008001c14      0x1f0 c:/program files/mcu-tools/arm-gcc/bin/../lib/gcc/arm-none-eabi/8.2.1/../../../../arm-none-eabi/lib/thumb/v7-m/nofp\libc_nano.a(lib_a-nano-svfprintf.o)
                0x0000000008001c14                _svfiprintf_r
                0x0000000008001c14                _svfprintf_r
 .text.__sfputc_r
                0x0000000008001e04       0x2a c:/program files/mcu-tools/arm-gcc/bin/../lib/gcc/arm-none-eabi/8.2.1/../../../../arm-none-eabi/lib/thumb/v7-m/nofp\libc_nano.a(lib_a-nano-vfprintf.o)
 .text.__sfputs_r
                0x0000000008001e2e       0x24 c:/program files/mcu-tools/arm-gcc/bin/../lib/gcc/arm-none-eabi/8.2.1/../../../../arm-none-eabi/lib/thumb/v7-m/nofp\libc_nano.a(lib_a-nano-vfprintf.o)
                0x0000000008001e2e                __sfputs_r
 *fill*         0x0000000008001e52        0x2 
 .text._vfprintf_r
                0x0000000008001e54      0x250 c:/program files/mcu-tools/arm-gcc/bin/../lib/gcc/arm-none-eabi/8.2.1/../../../../arm-none-eabi/lib/thumb/v7-m/nofp\libc_nano.a(lib_a-nano-vfprintf.o)
                0x0000000008001e54                _vfprintf_r
                0x0000000008001e54                _vfiprintf_r
 .text._printf_common
                0x00000000080020a4       0xec c:/program files/mcu-tools/arm-gcc/bin/../lib/gcc/arm-none-eabi/8.2.1/../../../../arm-none-eabi/lib/thumb/v7-m/nofp\libc_nano.a(lib_a-nano-vfprintf_i.o)
                0x00000000080020a4                _printf_common
 .text._printf_i
                0x0000000008002190      0x22c c:/program files/mcu-tools/arm-gcc/bin/../lib/gcc/arm-none-eabi/8.2.1/../../../../arm-none-eabi/lib/thumb/v7-m/nofp\libc_nano.a(lib_a-nano-vfprintf_i.o)
                0x0000000008002190                _printf_i
 .text._sbrk_r  0x00000000080023bc       0x20 c:/program files/mcu-tools/arm-gcc/bin/../lib/gcc/arm-none-eabi/8.2.1/../../../../arm-none-eabi/lib/thumb/v7-m/nofp\libc_nano.a(lib_a-sbrkr.o)
                0x00000000080023bc                _sbrk_r
 .text.__sread  0x00000000080023dc       0x22 c:/program files/mcu-tools/arm-gcc/bin/../lib/gcc/arm-none-eabi/8.2.1/../../../../arm-none-eabi/lib/thumb/v7-m/nofp\libc_nano.a(lib_a-stdio.o)
                0x00000000080023dc                __sread
 .text.__swrite
                0x00000000080023fe       0x38 c:/program files/mcu-tools/arm-gcc/bin/../lib/gcc/arm-none-eabi/8.2.1/../../../../arm-none-eabi/lib/thumb/v7-m/nofp\libc_nano.a(lib_a-stdio.o)
                0x00000000080023fe                __swrite
 .text.__sseek  0x0000000008002436       0x24 c:/program files/mcu-tools/arm-gcc/bin/../lib/gcc/arm-none-eabi/8.2.1/../../../../arm-none-eabi/lib/thumb/v7-m/nofp\libc_nano.a(lib_a-stdio.o)
                0x0000000008002436                __sseek
 .text.__sclose
                0x000000000800245a        0x8 c:/program files/mcu-tools/arm-gcc/bin/../lib/gcc/arm-none-eabi/8.2.1/../../../../arm-none-eabi/lib/thumb/v7-m/nofp\libc_nano.a(lib_a-stdio.o)
                0x000000000800245a                __sclose
 *fill*         0x0000000008002462        0x2 
 .text.__swbuf_r
                0x0000000008002464       0xa4 c:/program files/mcu-tools/arm-gcc/bin/../lib/gcc/arm-none-eabi/8.2.1/../../../../arm-none-eabi/lib/thumb/v7-m/nofp\libc_nano.a(lib_a-wbuf.o)
                0x0000000008002464                __swbuf_r
 .text._write_r
                0x0000000008002508       0x24 c:/program files/mcu-tools/arm-gcc/bin/../lib/gcc/arm-none-eabi/8.2.1/../../../../arm-none-eabi/lib/thumb/v7-m/nofp\libc_nano.a(lib_a-writer.o)
                0x0000000008002508                _write_r
 .text.__swsetup_r
                0x000000000800252c       0xdc c:/program files/mcu-tools/arm-gcc/bin/../lib/gcc/arm-none-eabi/8.2.1/../../../../arm-none-eabi/lib/thumb/v7-m/nofp\libc_nano.a(lib_a-wsetup.o)
                0x000000000800252c                __swsetup_r
 .text._close_r
                0x0000000008002608       0x20 c:/program files/mcu-tools/arm-gcc/bin/../lib/gcc/arm-none-eabi/8.2.1/../../../../arm-none-eabi/lib/thumb/v7-m/nofp\libc_nano.a(lib_a-closer.o)
                0x0000000008002608                _close_r
 .text.__sflush_r
                0x0000000008002628      0x10c c:/program files/mcu-tools/arm-gcc/bin/../lib/gcc/arm-none-eabi/8.2.1/../../../../arm-none-eabi/lib/thumb/v7-m/nofp\libc_nano.a(lib_a-fflush.o)
                0x0000000008002628                __sflush_r
 .text._fflush_r
                0x0000000008002734       0x78 c:/program files/mcu-tools/arm-gcc/bin/../lib/gcc/arm-none-eabi/8.2.1/../../../../arm-none-eabi/lib/thumb/v7-m/nofp\libc_nano.a(lib_a-fflush.o)
                0x0000000008002734                _fflush_r
 .text._lseek_r
                0x00000000080027ac       0x24 c:/program files/mcu-tools/arm-gcc/bin/../lib/gcc/arm-none-eabi/8.2.1/../../../../arm-none-eabi/lib/thumb/v7-m/nofp\libc_nano.a(lib_a-lseekr.o)
                0x00000000080027ac                _lseek_r
 .text.__swhatbuf_r
                0x00000000080027d0       0x48 c:/program files/mcu-tools/arm-gcc/bin/../lib/gcc/arm-none-eabi/8.2.1/../../../../arm-none-eabi/lib/thumb/v7-m/nofp\libc_nano.a(lib_a-makebuf.o)
                0x00000000080027d0                __swhatbuf_r
 .text.__smakebuf_r
                0x0000000008002818       0x80 c:/program files/mcu-tools/arm-gcc/bin/../lib/gcc/arm-none-eabi/8.2.1/../../../../arm-none-eabi/lib/thumb/v7-m/nofp\libc_nano.a(lib_a-makebuf.o)
                0x0000000008002818                __smakebuf_r
 .text.memchr   0x0000000008002898       0x1c c:/program files/mcu-tools/arm-gcc/bin/../lib/gcc/arm-none-eabi/8.2.1/../../../../arm-none-eabi/lib/thumb/v7-m/nofp\libc_nano.a(lib_a-memchr-stub.o)
                0x0000000008002898                memchr
 .text.memcpy   0x00000000080028b4       0x1c c:/program files/mcu-tools/arm-gcc/bin/../lib/gcc/arm-none-eabi/8.2.1/../../../../arm-none-eabi/lib/thumb/v7-m/nofp\libc_nano.a(lib_a-memcpy-stub.o)
                0x00000000080028b4                memcpy
 .text.memmove  0x00000000080028d0       0x34 c:/program files/mcu-tools/arm-gcc/bin/../lib/gcc/arm-none-eabi/8.2.1/../../../../arm-none-eabi/lib/thumb/v7-m/nofp\libc_nano.a(lib_a-memmove.o)
                0x00000000080028d0                memmove
 .text.__malloc_lock
                0x0000000008002904        0xc c:/program files/mcu-tools/arm-gcc/bin/../lib/gcc/arm-none-eabi/8.2.1/../../../../arm-none-eabi/lib/thumb/v7-m/nofp\libc_nano.a(lib_a-mlock.o)
                0x0000000008002904                __malloc_lock
 .text.__malloc_unlock
                0x0000000008002910        0xc c:/program files/mcu-tools/arm-gcc/bin/../lib/gcc/arm-none-eabi/8.2.1/../../../../arm-none-eabi/lib/thumb/v7-m/nofp\libc_nano.a(lib_a-mlock.o)
                0x0000000008002910                __malloc_unlock
 .text._realloc_r
                0x000000000800291c       0x4c c:/program files/mcu-tools/arm-gcc/bin/../lib/gcc/arm-none-eabi/8.2.1/../../../../arm-none-eabi/lib/thumb/v7-m/nofp\libc_nano.a(lib_a-nano-reallocr.o)
                0x000000000800291c                _realloc_r
 .text._read_r  0x0000000008002968       0x24 c:/program files/mcu-tools/arm-gcc/bin/../lib/gcc/arm-none-eabi/8.2.1/../../../../arm-none-eabi/lib/thumb/v7-m/nofp\libc_nano.a(lib_a-readr.o)
                0x0000000008002968                _read_r
 .text._fstat_r
                0x000000000800298c       0x24 c:/program files/mcu-tools/arm-gcc/bin/../lib/gcc/arm-none-eabi/8.2.1/../../../../arm-none-eabi/lib/thumb/v7-m/nofp\libc_nano.a(lib_a-fstatr.o)
                0x000000000800298c                _fstat_r
 .text._isatty_r
                0x00000000080029b0       0x20 c:/program files/mcu-tools/arm-gcc/bin/../lib/gcc/arm-none-eabi/8.2.1/../../../../arm-none-eabi/lib/thumb/v7-m/nofp\libc_nano.a(lib_a-isattyr.o)
                0x00000000080029b0                _isatty_r
 .text._malloc_usable_size_r
                0x00000000080029d0       0x10 c:/program files/mcu-tools/arm-gcc/bin/../lib/gcc/arm-none-eabi/8.2.1/../../../../arm-none-eabi/lib/thumb/v7-m/nofp\libc_nano.a(lib_a-nano-msizer.o)
                0x00000000080029d0                _malloc_usable_size_r
 .text._close   0x00000000080029e0       0x10 c:/program files/mcu-tools/arm-gcc/bin/../lib/gcc/arm-none-eabi/8.2.1/../../../../arm-none-eabi/lib/thumb/v7-m/nofp\libnosys.a(close.o)
                0x00000000080029e0                _close
 .text._fstat   0x00000000080029f0       0x10 c:/program files/mcu-tools/arm-gcc/bin/../lib/gcc/arm-none-eabi/8.2.1/../../../../arm-none-eabi/lib/thumb/v7-m/nofp\libnosys.a(fstat.o)
                0x00000000080029f0                _fstat
 .text._isatty  0x0000000008002a00       0x10 c:/program files/mcu-tools/arm-gcc/bin/../lib/gcc/arm-none-eabi/8.2.1/../../../../arm-none-eabi/lib/thumb/v7-m/nofp\libnosys.a(isatty.o)
                0x0000000008002a00                _isatty
 .text._lseek   0x0000000008002a10       0x10 c:/program files/mcu-tools/arm-gcc/bin/../lib/gcc/arm-none-eabi/8.2.1/../../../../arm-none-eabi/lib/thumb/v7-m/nofp\libnosys.a(lseek.o)
                0x0000000008002a10                _lseek
 .text._read    0x0000000008002a20       0x10 c:/program files/mcu-tools/arm-gcc/bin/../lib/gcc/arm-none-eabi/8.2.1/../../../../arm-none-eabi/lib/thumb/v7-m/nofp\libnosys.a(read.o)
                0x0000000008002a20                _read
 .text._sbrk    0x0000000008002a30       0x1c c:/program files/mcu-tools/arm-gcc/bin/../lib/gcc/arm-none-eabi/8.2.1/../../../../arm-none-eabi/lib/thumb/v7-m/nofp\libnosys.a(sbrk.o)
                0x0000000008002a30                _sbrk
 .text._write   0x0000000008002a4c       0x10 c:/program files/mcu-tools/arm-gcc/bin/../lib/gcc/arm-none-eabi/8.2.1/../../../../arm-none-eabi/lib/thumb/v7-m/nofp\libnosys.a(write.o)
                0x0000000008002a4c                _write
 *(.glue_7)
 .glue_7        0x0000000008002a5c        0x0 linker stubs
 *(.glue_7t)
 .glue_7t       0x0000000008002a5c        0x0 linker stubs
 *(.eh_frame)
 .eh_frame      0x0000000008002a5c        0x0 c:/program files/mcu-tools/arm-gcc/bin/../lib/gcc/arm-none-eabi/8.2.1/thumb/v7-m/nofp/crtbegin.o
 *(.init)
 .init          0x0000000008002a5c        0x4 c:/program files/mcu-tools/arm-gcc/bin/../lib/gcc/arm-none-eabi/8.2.1/thumb/v7-m/nofp/crti.o
                0x0000000008002a5c                _init
 .init          0x0000000008002a60        0x8 c:/program files/mcu-tools/arm-gcc/bin/../lib/gcc/arm-none-eabi/8.2.1/thumb/v7-m/nofp/crtn.o
 *(.fini)
 .fini          0x0000000008002a68        0x4 c:/program files/mcu-tools/arm-gcc/bin/../lib/gcc/arm-none-eabi/8.2.1/thumb/v7-m/nofp/crti.o
                0x0000000008002a68                _fini
 .fini          0x0000000008002a6c        0x8 c:/program files/mcu-tools/arm-gcc/bin/../lib/gcc/arm-none-eabi/8.2.1/thumb/v7-m/nofp/crtn.o
                0x0000000008002a74                . = ALIGN (0x4)
                0x0000000008002a74                _etext = .

.vfp11_veneer   0x0000000008002a74        0x0
 .vfp11_veneer  0x0000000008002a74        0x0 linker stubs

.v4_bx          0x0000000008002a74        0x0
 .v4_bx         0x0000000008002a74        0x0 linker stubs

.iplt           0x0000000008002a74        0x0
 .iplt          0x0000000008002a74        0x0 c:/program files/mcu-tools/arm-gcc/bin/../lib/gcc/arm-none-eabi/8.2.1/thumb/v7-m/nofp/crtbegin.o

.rodata         0x0000000008002a74      0x7cc
                0x0000000008002a74                . = ALIGN (0x4)
 *(.rodata)
 .rodata        0x0000000008002a74       0x17 build/main.o
 *(.rodata*)
 *fill*         0x0000000008002a8b        0x1 
 .rodata.DefaultCommand.str1.4
                0x0000000008002a8c       0x3d build/main.o
 *fill*         0x0000000008002ac9        0x3 
 .rodata.HelpCommand.str1.4
                0x0000000008002acc       0xd9 build/main.o
 *fill*         0x0000000008002ba5        0x3 
 .rodata.RecieveMessage.str1.4
                0x0000000008002ba8       0x15 build/main.o
 *fill*         0x0000000008002bbd        0x3 
 .rodata.SaveCommand.str1.4
                0x0000000008002bc0       0x1c build/main.o
 .rodata.USART1_IRQHandler.str1.4
                0x0000000008002bdc       0x13 build/main.o
 *fill*         0x0000000008002bef        0x1 
 .rodata.errorType.str1.4
                0x0000000008002bf0      0x16e build/main.o
 *fill*         0x0000000008002d5e        0x2 
 .rodata.initDeviceConfig.str1.4
                0x0000000008002d60       0x58 build/main.o
 .rodata.main.str1.4
                0x0000000008002db8        0x6 build/main.o
 *fill*         0x0000000008002dbe        0x2 
 .rodata.parseUARTMessage.str1.4
                0x0000000008002dc0       0x57 build/main.o
                                         0x5f (size before relaxing)
 *fill*         0x0000000008002e17        0x1 
 .rodata.taskExecCommand.str1.4
                0x0000000008002e18       0xe4 build/main.o
                                         0xe3 (size before relaxing)
 .rodata.IOs    0x0000000008002efc      0x1a8 build/gpio_stm32f1.o
                0x0000000008002efc                IOs
 .rodata._ctype_
                0x00000000080030a4      0x101 c:/program files/mcu-tools/arm-gcc/bin/../lib/gcc/arm-none-eabi/8.2.1/../../../../arm-none-eabi/lib/thumb/v7-m/nofp\libc_nano.a(lib_a-ctype_.o)
                0x00000000080030a4                _ctype_
 *fill*         0x00000000080031a5        0x3 
 .rodata._global_impure_ptr
                0x00000000080031a8        0x4 c:/program files/mcu-tools/arm-gcc/bin/../lib/gcc/arm-none-eabi/8.2.1/../../../../arm-none-eabi/lib/thumb/v7-m/nofp\libc_nano.a(lib_a-impure.o)
                0x00000000080031a8                _global_impure_ptr
 .rodata.__sf_fake_stderr
                0x00000000080031ac       0x20 c:/program files/mcu-tools/arm-gcc/bin/../lib/gcc/arm-none-eabi/8.2.1/../../../../arm-none-eabi/lib/thumb/v7-m/nofp\libc_nano.a(lib_a-findfp.o)
                0x00000000080031ac                __sf_fake_stderr
 .rodata.__sf_fake_stdin
                0x00000000080031cc       0x20 c:/program files/mcu-tools/arm-gcc/bin/../lib/gcc/arm-none-eabi/8.2.1/../../../../arm-none-eabi/lib/thumb/v7-m/nofp\libc_nano.a(lib_a-findfp.o)
                0x00000000080031cc                __sf_fake_stdin
 .rodata.__sf_fake_stdout
                0x00000000080031ec       0x20 c:/program files/mcu-tools/arm-gcc/bin/../lib/gcc/arm-none-eabi/8.2.1/../../../../arm-none-eabi/lib/thumb/v7-m/nofp\libc_nano.a(lib_a-findfp.o)
                0x00000000080031ec                __sf_fake_stdout
 .rodata._svfprintf_r.str1.1
                0x000000000800320c       0x11 c:/program files/mcu-tools/arm-gcc/bin/../lib/gcc/arm-none-eabi/8.2.1/../../../../arm-none-eabi/lib/thumb/v7-m/nofp\libc_nano.a(lib_a-nano-svfprintf.o)
 .rodata._vfprintf_r.str1.1
                0x000000000800321d       0x11 c:/program files/mcu-tools/arm-gcc/bin/../lib/gcc/arm-none-eabi/8.2.1/../../../../arm-none-eabi/lib/thumb/v7-m/nofp\libc_nano.a(lib_a-nano-vfprintf.o)
 .rodata._printf_i.str1.1
                0x000000000800321d       0x22 c:/program files/mcu-tools/arm-gcc/bin/../lib/gcc/arm-none-eabi/8.2.1/../../../../arm-none-eabi/lib/thumb/v7-m/nofp\libc_nano.a(lib_a-nano-vfprintf_i.o)
                0x0000000008003240                . = ALIGN (0x4)
 *fill*         0x000000000800323f        0x1 

.rel.dyn        0x0000000008003240        0x0
 .rel.iplt      0x0000000008003240        0x0 c:/program files/mcu-tools/arm-gcc/bin/../lib/gcc/arm-none-eabi/8.2.1/thumb/v7-m/nofp/crtbegin.o

.ARM.extab
 *(.ARM.extab* .gnu.linkonce.armextab.*)

.ARM            0x0000000008003240        0x0
                0x0000000008003240                __exidx_start = .
 *(.ARM.exidx*)
                0x0000000008003240                __exidx_end = .

.preinit_array  0x0000000008003240        0x0
                0x0000000008003240                PROVIDE (__preinit_array_start = .)
 *(.preinit_array*)
                0x0000000008003240                PROVIDE (__preinit_array_end = .)

.init_array     0x0000000008003240        0x4
                0x0000000008003240                PROVIDE (__init_array_start = .)
 *(SORT_BY_NAME(.init_array.*))
 *(.init_array*)
 .init_array    0x0000000008003240        0x4 c:/program files/mcu-tools/arm-gcc/bin/../lib/gcc/arm-none-eabi/8.2.1/thumb/v7-m/nofp/crtbegin.o
                0x0000000008003244                PROVIDE (__init_array_end = .)

.fini_array     0x0000000008003244        0x4
                [!provide]                        PROVIDE (__fini_array_start = .)
 *(SORT_BY_NAME(.fini_array.*))
 *(.fini_array*)
 .fini_array    0x0000000008003244        0x4 c:/program files/mcu-tools/arm-gcc/bin/../lib/gcc/arm-none-eabi/8.2.1/thumb/v7-m/nofp/crtbegin.o
                [!provide]                        PROVIDE (__fini_array_end = .)
                0x0000000008003248                _sidata = LOADADDR (.data)

.data           0x0000000020000000       0x68 load address 0x0000000008003248
                0x0000000020000000                . = ALIGN (0x4)
                0x0000000020000000                _sdata = .
 *(.data)
 *(.data*)
 .data.SystemCoreClock
                0x0000000020000000        0x4 build/system_stm32f10x.o
                0x0000000020000000                SystemCoreClock
 .data._impure_ptr
                0x0000000020000004        0x4 c:/program files/mcu-tools/arm-gcc/bin/../lib/gcc/arm-none-eabi/8.2.1/../../../../arm-none-eabi/lib/thumb/v7-m/nofp\libc_nano.a(lib_a-impure.o)
                0x0000000020000004                _impure_ptr
 .data.impure_data
                0x0000000020000008       0x60 c:/program files/mcu-tools/arm-gcc/bin/../lib/gcc/arm-none-eabi/8.2.1/../../../../arm-none-eabi/lib/thumb/v7-m/nofp\libc_nano.a(lib_a-impure.o)
                0x0000000020000068                . = ALIGN (0x4)
                0x0000000020000068                _edata = .

.tm_clone_table
                0x0000000020000068        0x0 load address 0x00000000080032b0
 .tm_clone_table
                0x0000000020000068        0x0 c:/program files/mcu-tools/arm-gcc/bin/../lib/gcc/arm-none-eabi/8.2.1/thumb/v7-m/nofp/crtbegin.o
 .tm_clone_table
                0x0000000020000068        0x0 c:/program files/mcu-tools/arm-gcc/bin/../lib/gcc/arm-none-eabi/8.2.1/thumb/v7-m/nofp/crtend.o

.igot.plt       0x0000000020000068        0x0 load address 0x00000000080032b0
 .igot.plt      0x0000000020000068        0x0 c:/program files/mcu-tools/arm-gcc/bin/../lib/gcc/arm-none-eabi/8.2.1/thumb/v7-m/nofp/crtbegin.o
                0x0000000020000068                . = ALIGN (0x4)

.bss            0x0000000020000068       0xbc load address 0x00000000080032b0
                0x0000000020000068                _sbss = .
                0x0000000020000068                __bss_start__ = _sbss
 *(.bss)
 *(.bss*)
 .bss.completed.6707
                0x0000000020000068        0x1 c:/program files/mcu-tools/arm-gcc/bin/../lib/gcc/arm-none-eabi/8.2.1/thumb/v7-m/nofp/crtbegin.o
 *fill*         0x0000000020000069        0x3 
 .bss.object.6712
                0x000000002000006c       0x18 c:/program files/mcu-tools/arm-gcc/bin/../lib/gcc/arm-none-eabi/8.2.1/thumb/v7-m/nofp/crtbegin.o
 .bss.CurrentCommand
                0x0000000020000084       0x18 build/main.o
                0x0000000020000084                CurrentCommand
 .bss.LastCommand
                0x000000002000009c       0x18 build/main.o
                0x000000002000009c                LastCommand
 .bss.rec_len   0x00000000200000b4        0x4 build/main.o
                0x00000000200000b4                rec_len
 .bss.__malloc_free_list
                0x00000000200000b8        0x4 c:/program files/mcu-tools/arm-gcc/bin/../lib/gcc/arm-none-eabi/8.2.1/../../../../arm-none-eabi/lib/thumb/v7-m/nofp\libc_nano.a(lib_a-nano-mallocr.o)
                0x00000000200000b8                __malloc_free_list
 .bss.__malloc_sbrk_start
                0x00000000200000bc        0x4 c:/program files/mcu-tools/arm-gcc/bin/../lib/gcc/arm-none-eabi/8.2.1/../../../../arm-none-eabi/lib/thumb/v7-m/nofp\libc_nano.a(lib_a-nano-mallocr.o)
                0x00000000200000bc                __malloc_sbrk_start
 .bss.heap_end.4194
                0x00000000200000c0        0x4 c:/program files/mcu-tools/arm-gcc/bin/../lib/gcc/arm-none-eabi/8.2.1/../../../../arm-none-eabi/lib/thumb/v7-m/nofp\libnosys.a(sbrk.o)
 *(COMMON)
 COMMON         0x00000000200000c4       0x50 build/main.o
                0x00000000200000c4                recieved
                0x00000000200000ec                FlashControl
                0x00000000200000f4                DeviceConfiguration
                0x00000000200000f8                UART_Message
 COMMON         0x0000000020000114        0x9 c:/program files/mcu-tools/arm-gcc/bin/../lib/gcc/arm-none-eabi/8.2.1/../../../../arm-none-eabi/lib/thumb/v7-m/nofp\libc_nano.a(lib_a-lock.o)
                0x0000000020000114                __lock___atexit_recursive_mutex
                0x0000000020000115                __lock___arc4random_mutex
                0x0000000020000116                __lock___env_recursive_mutex
                0x0000000020000117                __lock___sinit_recursive_mutex
                0x0000000020000118                __lock___malloc_recursive_mutex
                0x0000000020000119                __lock___at_quick_exit_mutex
                0x000000002000011a                __lock___dd_hash_mutex
                0x000000002000011b                __lock___tz_mutex
                0x000000002000011c                __lock___sfp_recursive_mutex
 *fill*         0x000000002000011d        0x3 
 COMMON         0x0000000020000120        0x4 c:/program files/mcu-tools/arm-gcc/bin/../lib/gcc/arm-none-eabi/8.2.1/../../../../arm-none-eabi/lib/thumb/v7-m/nofp\libc_nano.a(lib_a-reent.o)
                0x0000000020000120                errno
                0x0000000020000124                . = ALIGN (0x4)
                0x0000000020000124                _ebss = .
                0x0000000020000124                __bss_end__ = _ebss

._user_heap_stack
                0x0000000020000124      0x604 load address 0x00000000080032b0
                0x0000000020000128                . = ALIGN (0x8)
 *fill*         0x0000000020000124        0x4 
                0x0000000020000128                PROVIDE (end = .)
                [!provide]                        PROVIDE (_end = .)
                0x0000000020000328                . = (. + _Min_Heap_Size)
 *fill*         0x0000000020000128      0x200 
                0x0000000020000728                . = (. + _Min_Stack_Size)
 *fill*         0x0000000020000328      0x400 
                0x0000000020000728                . = ALIGN (0x8)

/DISCARD/
 libc.a(*)
 libm.a(*)
 libgcc.a(*)

.ARM.attributes
                0x0000000000000000       0x29
 *(.ARM.attributes)
 .ARM.attributes
                0x0000000000000000       0x1d c:/program files/mcu-tools/arm-gcc/bin/../lib/gcc/arm-none-eabi/8.2.1/thumb/v7-m/nofp/crti.o
 .ARM.attributes
                0x000000000000001d       0x2d c:/program files/mcu-tools/arm-gcc/bin/../lib/gcc/arm-none-eabi/8.2.1/thumb/v7-m/nofp/crtbegin.o
 .ARM.attributes
                0x000000000000004a       0x2d build/main.o
 .ARM.attributes
                0x0000000000000077       0x2d build/gpio_stm32f1.o
 .ARM.attributes
                0x00000000000000a4       0x2d build/init_stm32f103.o
 .ARM.attributes
                0x00000000000000d1       0x2d build/driver_flash.o
 .ARM.attributes
                0x00000000000000fe       0x2d build/hwIndependentFunctions.o
 .ARM.attributes
                0x000000000000012b       0x2d build/system_stm32f10x.o
 .ARM.attributes
                0x0000000000000158       0x21 build/startup_stm32f103xe.o
 .ARM.attributes
                0x0000000000000179       0x2d c:/program files/mcu-tools/arm-gcc/bin/../lib/gcc/arm-none-eabi/8.2.1/../../../../arm-none-eabi/lib/thumb/v7-m/nofp\libc_nano.a(lib_a-ctype_.o)
 .ARM.attributes
                0x00000000000001a6       0x2d c:/program files/mcu-tools/arm-gcc/bin/../lib/gcc/arm-none-eabi/8.2.1/../../../../arm-none-eabi/lib/thumb/v7-m/nofp\libc_nano.a(lib_a-impure.o)
 .ARM.attributes
                0x00000000000001d3       0x2d c:/program files/mcu-tools/arm-gcc/bin/../lib/gcc/arm-none-eabi/8.2.1/../../../../arm-none-eabi/lib/thumb/v7-m/nofp\libc_nano.a(lib_a-init.o)
 .ARM.attributes
                0x0000000000000200       0x2d c:/program files/mcu-tools/arm-gcc/bin/../lib/gcc/arm-none-eabi/8.2.1/../../../../arm-none-eabi/lib/thumb/v7-m/nofp\libc_nano.a(lib_a-memset.o)
 .ARM.attributes
                0x000000000000022d       0x2d c:/program files/mcu-tools/arm-gcc/bin/../lib/gcc/arm-none-eabi/8.2.1/../../../../arm-none-eabi/lib/thumb/v7-m/nofp\libc_nano.a(lib_a-printf.o)
 .ARM.attributes
                0x000000000000025a       0x2d c:/program files/mcu-tools/arm-gcc/bin/../lib/gcc/arm-none-eabi/8.2.1/../../../../arm-none-eabi/lib/thumb/v7-m/nofp\libc_nano.a(lib_a-snprintf.o)
 .ARM.attributes
                0x0000000000000287       0x2d c:/program files/mcu-tools/arm-gcc/bin/../lib/gcc/arm-none-eabi/8.2.1/../../../../arm-none-eabi/lib/thumb/v7-m/nofp\libc_nano.a(lib_a-strcat.o)
 .ARM.attributes
                0x00000000000002b4       0x17 c:/program files/mcu-tools/arm-gcc/bin/../lib/gcc/arm-none-eabi/8.2.1/../../../../arm-none-eabi/lib/thumb/v7-m/nofp\libc_nano.a(lib_a-strlen.o)
 .ARM.attributes
                0x00000000000002cb       0x2d c:/program files/mcu-tools/arm-gcc/bin/../lib/gcc/arm-none-eabi/8.2.1/../../../../arm-none-eabi/lib/thumb/v7-m/nofp\libc_nano.a(lib_a-strncmp.o)
 .ARM.attributes
                0x00000000000002f8       0x2d c:/program files/mcu-tools/arm-gcc/bin/../lib/gcc/arm-none-eabi/8.2.1/../../../../arm-none-eabi/lib/thumb/v7-m/nofp\libc_nano.a(lib_a-strtok.o)
 .ARM.attributes
                0x0000000000000325       0x2d c:/program files/mcu-tools/arm-gcc/bin/../lib/gcc/arm-none-eabi/8.2.1/../../../../arm-none-eabi/lib/thumb/v7-m/nofp\libc_nano.a(lib_a-strtok_r.o)
 .ARM.attributes
                0x0000000000000352       0x2d c:/program files/mcu-tools/arm-gcc/bin/../lib/gcc/arm-none-eabi/8.2.1/../../../../arm-none-eabi/lib/thumb/v7-m/nofp\libc_nano.a(lib_a-strtol.o)
 .ARM.attributes
                0x000000000000037f       0x2d c:/program files/mcu-tools/arm-gcc/bin/../lib/gcc/arm-none-eabi/8.2.1/../../../../arm-none-eabi/lib/thumb/v7-m/nofp\libc_nano.a(lib_a-findfp.o)
 .ARM.attributes
                0x00000000000003ac       0x2d c:/program files/mcu-tools/arm-gcc/bin/../lib/gcc/arm-none-eabi/8.2.1/../../../../arm-none-eabi/lib/thumb/v7-m/nofp\libc_nano.a(lib_a-fwalk.o)
 .ARM.attributes
                0x00000000000003d9       0x2d c:/program files/mcu-tools/arm-gcc/bin/../lib/gcc/arm-none-eabi/8.2.1/../../../../arm-none-eabi/lib/thumb/v7-m/nofp\libc_nano.a(lib_a-lock.o)
 .ARM.attributes
                0x0000000000000406       0x2d c:/program files/mcu-tools/arm-gcc/bin/../lib/gcc/arm-none-eabi/8.2.1/../../../../arm-none-eabi/lib/thumb/v7-m/nofp\libc_nano.a(lib_a-malloc.o)
 .ARM.attributes
                0x0000000000000433       0x2d c:/program files/mcu-tools/arm-gcc/bin/../lib/gcc/arm-none-eabi/8.2.1/../../../../arm-none-eabi/lib/thumb/v7-m/nofp\libc_nano.a(lib_a-nano-freer.o)
 .ARM.attributes
                0x0000000000000460       0x2d c:/program files/mcu-tools/arm-gcc/bin/../lib/gcc/arm-none-eabi/8.2.1/../../../../arm-none-eabi/lib/thumb/v7-m/nofp\libc_nano.a(lib_a-nano-mallocr.o)
 .ARM.attributes
                0x000000000000048d       0x2d c:/program files/mcu-tools/arm-gcc/bin/../lib/gcc/arm-none-eabi/8.2.1/../../../../arm-none-eabi/lib/thumb/v7-m/nofp\libc_nano.a(lib_a-nano-svfprintf.o)
 .ARM.attributes
                0x00000000000004ba       0x2d c:/program files/mcu-tools/arm-gcc/bin/../lib/gcc/arm-none-eabi/8.2.1/../../../../arm-none-eabi/lib/thumb/v7-m/nofp\libc_nano.a(lib_a-nano-vfprintf.o)
 .ARM.attributes
                0x00000000000004e7       0x2d c:/program files/mcu-tools/arm-gcc/bin/../lib/gcc/arm-none-eabi/8.2.1/../../../../arm-none-eabi/lib/thumb/v7-m/nofp\libc_nano.a(lib_a-nano-vfprintf_i.o)
 .ARM.attributes
                0x0000000000000514       0x2d c:/program files/mcu-tools/arm-gcc/bin/../lib/gcc/arm-none-eabi/8.2.1/../../../../arm-none-eabi/lib/thumb/v7-m/nofp\libc_nano.a(lib_a-sbrkr.o)
 .ARM.attributes
                0x0000000000000541       0x2d c:/program files/mcu-tools/arm-gcc/bin/../lib/gcc/arm-none-eabi/8.2.1/../../../../arm-none-eabi/lib/thumb/v7-m/nofp\libc_nano.a(lib_a-stdio.o)
 .ARM.attributes
                0x000000000000056e       0x2d c:/program files/mcu-tools/arm-gcc/bin/../lib/gcc/arm-none-eabi/8.2.1/../../../../arm-none-eabi/lib/thumb/v7-m/nofp\libc_nano.a(lib_a-wbuf.o)
 .ARM.attributes
                0x000000000000059b       0x2d c:/program files/mcu-tools/arm-gcc/bin/../lib/gcc/arm-none-eabi/8.2.1/../../../../arm-none-eabi/lib/thumb/v7-m/nofp\libc_nano.a(lib_a-writer.o)
 .ARM.attributes
                0x00000000000005c8       0x2d c:/program files/mcu-tools/arm-gcc/bin/../lib/gcc/arm-none-eabi/8.2.1/../../../../arm-none-eabi/lib/thumb/v7-m/nofp\libc_nano.a(lib_a-wsetup.o)
 .ARM.attributes
                0x00000000000005f5       0x2d c:/program files/mcu-tools/arm-gcc/bin/../lib/gcc/arm-none-eabi/8.2.1/../../../../arm-none-eabi/lib/thumb/v7-m/nofp\libc_nano.a(lib_a-closer.o)
 .ARM.attributes
                0x0000000000000622       0x2d c:/program files/mcu-tools/arm-gcc/bin/../lib/gcc/arm-none-eabi/8.2.1/../../../../arm-none-eabi/lib/thumb/v7-m/nofp\libc_nano.a(lib_a-fflush.o)
 .ARM.attributes
                0x000000000000064f       0x2d c:/program files/mcu-tools/arm-gcc/bin/../lib/gcc/arm-none-eabi/8.2.1/../../../../arm-none-eabi/lib/thumb/v7-m/nofp\libc_nano.a(lib_a-lseekr.o)
 .ARM.attributes
                0x000000000000067c       0x2d c:/program files/mcu-tools/arm-gcc/bin/../lib/gcc/arm-none-eabi/8.2.1/../../../../arm-none-eabi/lib/thumb/v7-m/nofp\libc_nano.a(lib_a-makebuf.o)
 .ARM.attributes
                0x00000000000006a9       0x2d c:/program files/mcu-tools/arm-gcc/bin/../lib/gcc/arm-none-eabi/8.2.1/../../../../arm-none-eabi/lib/thumb/v7-m/nofp\libc_nano.a(lib_a-memchr-stub.o)
 .ARM.attributes
                0x00000000000006d6       0x2d c:/program files/mcu-tools/arm-gcc/bin/../lib/gcc/arm-none-eabi/8.2.1/../../../../arm-none-eabi/lib/thumb/v7-m/nofp\libc_nano.a(lib_a-memcpy-stub.o)
 .ARM.attributes
                0x0000000000000703       0x2d c:/program files/mcu-tools/arm-gcc/bin/../lib/gcc/arm-none-eabi/8.2.1/../../../../arm-none-eabi/lib/thumb/v7-m/nofp\libc_nano.a(lib_a-memmove.o)
 .ARM.attributes
                0x0000000000000730       0x2d c:/program files/mcu-tools/arm-gcc/bin/../lib/gcc/arm-none-eabi/8.2.1/../../../../arm-none-eabi/lib/thumb/v7-m/nofp\libc_nano.a(lib_a-mlock.o)
 .ARM.attributes
                0x000000000000075d       0x2d c:/program files/mcu-tools/arm-gcc/bin/../lib/gcc/arm-none-eabi/8.2.1/../../../../arm-none-eabi/lib/thumb/v7-m/nofp\libc_nano.a(lib_a-nano-reallocr.o)
 .ARM.attributes
                0x000000000000078a       0x2d c:/program files/mcu-tools/arm-gcc/bin/../lib/gcc/arm-none-eabi/8.2.1/../../../../arm-none-eabi/lib/thumb/v7-m/nofp\libc_nano.a(lib_a-readr.o)
 .ARM.attributes
                0x00000000000007b7       0x2d c:/program files/mcu-tools/arm-gcc/bin/../lib/gcc/arm-none-eabi/8.2.1/../../../../arm-none-eabi/lib/thumb/v7-m/nofp\libc_nano.a(lib_a-reent.o)
 .ARM.attributes
                0x00000000000007e4       0x2d c:/program files/mcu-tools/arm-gcc/bin/../lib/gcc/arm-none-eabi/8.2.1/../../../../arm-none-eabi/lib/thumb/v7-m/nofp\libc_nano.a(lib_a-fstatr.o)
 .ARM.attributes
                0x0000000000000811       0x2d c:/program files/mcu-tools/arm-gcc/bin/../lib/gcc/arm-none-eabi/8.2.1/../../../../arm-none-eabi/lib/thumb/v7-m/nofp\libc_nano.a(lib_a-isattyr.o)
 .ARM.attributes
                0x000000000000083e       0x2d c:/program files/mcu-tools/arm-gcc/bin/../lib/gcc/arm-none-eabi/8.2.1/../../../../arm-none-eabi/lib/thumb/v7-m/nofp\libc_nano.a(lib_a-nano-msizer.o)
 .ARM.attributes
                0x000000000000086b       0x2d c:/program files/mcu-tools/arm-gcc/bin/../lib/gcc/arm-none-eabi/8.2.1/../../../../arm-none-eabi/lib/thumb/v7-m/nofp\libnosys.a(close.o)
 .ARM.attributes
                0x0000000000000898       0x2d c:/program files/mcu-tools/arm-gcc/bin/../lib/gcc/arm-none-eabi/8.2.1/../../../../arm-none-eabi/lib/thumb/v7-m/nofp\libnosys.a(fstat.o)
 .ARM.attributes
                0x00000000000008c5       0x2d c:/program files/mcu-tools/arm-gcc/bin/../lib/gcc/arm-none-eabi/8.2.1/../../../../arm-none-eabi/lib/thumb/v7-m/nofp\libnosys.a(isatty.o)
 .ARM.attributes
                0x00000000000008f2       0x2d c:/program files/mcu-tools/arm-gcc/bin/../lib/gcc/arm-none-eabi/8.2.1/../../../../arm-none-eabi/lib/thumb/v7-m/nofp\libnosys.a(lseek.o)
 .ARM.attributes
                0x000000000000091f       0x2d c:/program files/mcu-tools/arm-gcc/bin/../lib/gcc/arm-none-eabi/8.2.1/../../../../arm-none-eabi/lib/thumb/v7-m/nofp\libnosys.a(read.o)
 .ARM.attributes
                0x000000000000094c       0x2d c:/program files/mcu-tools/arm-gcc/bin/../lib/gcc/arm-none-eabi/8.2.1/../../../../arm-none-eabi/lib/thumb/v7-m/nofp\libnosys.a(sbrk.o)
 .ARM.attributes
                0x0000000000000979       0x2d c:/program files/mcu-tools/arm-gcc/bin/../lib/gcc/arm-none-eabi/8.2.1/../../../../arm-none-eabi/lib/thumb/v7-m/nofp\libnosys.a(write.o)
 .ARM.attributes
                0x00000000000009a6       0x2d c:/program files/mcu-tools/arm-gcc/bin/../lib/gcc/arm-none-eabi/8.2.1/thumb/v7-m/nofp/crtend.o
 .ARM.attributes
                0x00000000000009d3       0x1d c:/program files/mcu-tools/arm-gcc/bin/../lib/gcc/arm-none-eabi/8.2.1/thumb/v7-m/nofp/crtn.o
OUTPUT(build/STM32F103-RAM_tester.elf elf32-littlearm)

.comment        0x0000000000000000       0x68
 .comment       0x0000000000000000       0x68 build/main.o
                                         0x69 (size before relaxing)
 .comment       0x0000000000000068       0x69 build/gpio_stm32f1.o
 .comment       0x0000000000000068       0x69 build/init_stm32f103.o
 .comment       0x0000000000000068       0x69 build/driver_flash.o
 .comment       0x0000000000000068       0x69 build/hwIndependentFunctions.o
 .comment       0x0000000000000068       0x69 build/system_stm32f10x.o

.debug_frame    0x0000000000000000      0xc08
 .debug_frame   0x0000000000000000       0x2c c:/program files/mcu-tools/arm-gcc/bin/../lib/gcc/arm-none-eabi/8.2.1/../../../../arm-none-eabi/lib/thumb/v7-m/nofp\libc_nano.a(lib_a-init.o)
 .debug_frame   0x000000000000002c       0x20 c:/program files/mcu-tools/arm-gcc/bin/../lib/gcc/arm-none-eabi/8.2.1/../../../../arm-none-eabi/lib/thumb/v7-m/nofp\libc_nano.a(lib_a-memset.o)
 .debug_frame   0x000000000000004c       0x74 c:/program files/mcu-tools/arm-gcc/bin/../lib/gcc/arm-none-eabi/8.2.1/../../../../arm-none-eabi/lib/thumb/v7-m/nofp\libc_nano.a(lib_a-printf.o)
 .debug_frame   0x00000000000000c0       0x7c c:/program files/mcu-tools/arm-gcc/bin/../lib/gcc/arm-none-eabi/8.2.1/../../../../arm-none-eabi/lib/thumb/v7-m/nofp\libc_nano.a(lib_a-snprintf.o)
 .debug_frame   0x000000000000013c       0x28 c:/program files/mcu-tools/arm-gcc/bin/../lib/gcc/arm-none-eabi/8.2.1/../../../../arm-none-eabi/lib/thumb/v7-m/nofp\libc_nano.a(lib_a-strcat.o)
 .debug_frame   0x0000000000000164       0x28 c:/program files/mcu-tools/arm-gcc/bin/../lib/gcc/arm-none-eabi/8.2.1/../../../../arm-none-eabi/lib/thumb/v7-m/nofp\libc_nano.a(lib_a-strncmp.o)
 .debug_frame   0x000000000000018c       0x38 c:/program files/mcu-tools/arm-gcc/bin/../lib/gcc/arm-none-eabi/8.2.1/../../../../arm-none-eabi/lib/thumb/v7-m/nofp\libc_nano.a(lib_a-strtok.o)
 .debug_frame   0x00000000000001c4       0x40 c:/program files/mcu-tools/arm-gcc/bin/../lib/gcc/arm-none-eabi/8.2.1/../../../../arm-none-eabi/lib/thumb/v7-m/nofp\libc_nano.a(lib_a-strtok_r.o)
 .debug_frame   0x0000000000000204       0x64 c:/program files/mcu-tools/arm-gcc/bin/../lib/gcc/arm-none-eabi/8.2.1/../../../../arm-none-eabi/lib/thumb/v7-m/nofp\libc_nano.a(lib_a-strtol.o)
 .debug_frame   0x0000000000000268      0x14c c:/program files/mcu-tools/arm-gcc/bin/../lib/gcc/arm-none-eabi/8.2.1/../../../../arm-none-eabi/lib/thumb/v7-m/nofp\libc_nano.a(lib_a-findfp.o)
 .debug_frame   0x00000000000003b4       0x54 c:/program files/mcu-tools/arm-gcc/bin/../lib/gcc/arm-none-eabi/8.2.1/../../../../arm-none-eabi/lib/thumb/v7-m/nofp\libc_nano.a(lib_a-fwalk.o)
 .debug_frame   0x0000000000000408       0xb0 c:/program files/mcu-tools/arm-gcc/bin/../lib/gcc/arm-none-eabi/8.2.1/../../../../arm-none-eabi/lib/thumb/v7-m/nofp\libc_nano.a(lib_a-lock.o)
 .debug_frame   0x00000000000004b8       0x30 c:/program files/mcu-tools/arm-gcc/bin/../lib/gcc/arm-none-eabi/8.2.1/../../../../arm-none-eabi/lib/thumb/v7-m/nofp\libc_nano.a(lib_a-malloc.o)
 .debug_frame   0x00000000000004e8       0x38 c:/program files/mcu-tools/arm-gcc/bin/../lib/gcc/arm-none-eabi/8.2.1/../../../../arm-none-eabi/lib/thumb/v7-m/nofp\libc_nano.a(lib_a-nano-freer.o)
 .debug_frame   0x0000000000000520       0x30 c:/program files/mcu-tools/arm-gcc/bin/../lib/gcc/arm-none-eabi/8.2.1/../../../../arm-none-eabi/lib/thumb/v7-m/nofp\libc_nano.a(lib_a-nano-mallocr.o)
 .debug_frame   0x0000000000000550       0x90 c:/program files/mcu-tools/arm-gcc/bin/../lib/gcc/arm-none-eabi/8.2.1/../../../../arm-none-eabi/lib/thumb/v7-m/nofp\libc_nano.a(lib_a-nano-svfprintf.o)
 .debug_frame   0x00000000000005e0       0xac c:/program files/mcu-tools/arm-gcc/bin/../lib/gcc/arm-none-eabi/8.2.1/../../../../arm-none-eabi/lib/thumb/v7-m/nofp\libc_nano.a(lib_a-nano-vfprintf.o)
 .debug_frame   0x000000000000068c       0x60 c:/program files/mcu-tools/arm-gcc/bin/../lib/gcc/arm-none-eabi/8.2.1/../../../../arm-none-eabi/lib/thumb/v7-m/nofp\libc_nano.a(lib_a-nano-vfprintf_i.o)
 .debug_frame   0x00000000000006ec       0x2c c:/program files/mcu-tools/arm-gcc/bin/../lib/gcc/arm-none-eabi/8.2.1/../../../../arm-none-eabi/lib/thumb/v7-m/nofp\libc_nano.a(lib_a-sbrkr.o)
 .debug_frame   0x0000000000000718       0x88 c:/program files/mcu-tools/arm-gcc/bin/../lib/gcc/arm-none-eabi/8.2.1/../../../../arm-none-eabi/lib/thumb/v7-m/nofp\libc_nano.a(lib_a-stdio.o)
 .debug_frame   0x00000000000007a0       0x40 c:/program files/mcu-tools/arm-gcc/bin/../lib/gcc/arm-none-eabi/8.2.1/../../../../arm-none-eabi/lib/thumb/v7-m/nofp\libc_nano.a(lib_a-wbuf.o)
 .debug_frame   0x00000000000007e0       0x2c c:/program files/mcu-tools/arm-gcc/bin/../lib/gcc/arm-none-eabi/8.2.1/../../../../arm-none-eabi/lib/thumb/v7-m/nofp\libc_nano.a(lib_a-writer.o)
 .debug_frame   0x000000000000080c       0x2c c:/program files/mcu-tools/arm-gcc/bin/../lib/gcc/arm-none-eabi/8.2.1/../../../../arm-none-eabi/lib/thumb/v7-m/nofp\libc_nano.a(lib_a-wsetup.o)
 .debug_frame   0x0000000000000838       0x2c c:/program files/mcu-tools/arm-gcc/bin/../lib/gcc/arm-none-eabi/8.2.1/../../../../arm-none-eabi/lib/thumb/v7-m/nofp\libc_nano.a(lib_a-closer.o)
 .debug_frame   0x0000000000000864       0x5c c:/program files/mcu-tools/arm-gcc/bin/../lib/gcc/arm-none-eabi/8.2.1/../../../../arm-none-eabi/lib/thumb/v7-m/nofp\libc_nano.a(lib_a-fflush.o)
 .debug_frame   0x00000000000008c0       0x2c c:/program files/mcu-tools/arm-gcc/bin/../lib/gcc/arm-none-eabi/8.2.1/../../../../arm-none-eabi/lib/thumb/v7-m/nofp\libc_nano.a(lib_a-lseekr.o)
 .debug_frame   0x00000000000008ec       0x58 c:/program files/mcu-tools/arm-gcc/bin/../lib/gcc/arm-none-eabi/8.2.1/../../../../arm-none-eabi/lib/thumb/v7-m/nofp\libc_nano.a(lib_a-makebuf.o)
 .debug_frame   0x0000000000000944       0x28 c:/program files/mcu-tools/arm-gcc/bin/../lib/gcc/arm-none-eabi/8.2.1/../../../../arm-none-eabi/lib/thumb/v7-m/nofp\libc_nano.a(lib_a-memchr-stub.o)
 .debug_frame   0x000000000000096c       0x28 c:/program files/mcu-tools/arm-gcc/bin/../lib/gcc/arm-none-eabi/8.2.1/../../../../arm-none-eabi/lib/thumb/v7-m/nofp\libc_nano.a(lib_a-memcpy-stub.o)
 .debug_frame   0x0000000000000994       0x28 c:/program files/mcu-tools/arm-gcc/bin/../lib/gcc/arm-none-eabi/8.2.1/../../../../arm-none-eabi/lib/thumb/v7-m/nofp\libc_nano.a(lib_a-memmove.o)
 .debug_frame   0x00000000000009bc       0x30 c:/program files/mcu-tools/arm-gcc/bin/../lib/gcc/arm-none-eabi/8.2.1/../../../../arm-none-eabi/lib/thumb/v7-m/nofp\libc_nano.a(lib_a-mlock.o)
 .debug_frame   0x00000000000009ec       0x3c c:/program files/mcu-tools/arm-gcc/bin/../lib/gcc/arm-none-eabi/8.2.1/../../../../arm-none-eabi/lib/thumb/v7-m/nofp\libc_nano.a(lib_a-nano-reallocr.o)
 .debug_frame   0x0000000000000a28       0x2c c:/program files/mcu-tools/arm-gcc/bin/../lib/gcc/arm-none-eabi/8.2.1/../../../../arm-none-eabi/lib/thumb/v7-m/nofp\libc_nano.a(lib_a-readr.o)
 .debug_frame   0x0000000000000a54       0x5c c:/program files/mcu-tools/arm-gcc/bin/../lib/gcc/arm-none-eabi/8.2.1/../../../../arm-none-eabi/lib/thumb/v7-m/nofp\libc_nano.a(lib_a-reent.o)
 .debug_frame   0x0000000000000ab0       0x2c c:/program files/mcu-tools/arm-gcc/bin/../lib/gcc/arm-none-eabi/8.2.1/../../../../arm-none-eabi/lib/thumb/v7-m/nofp\libc_nano.a(lib_a-fstatr.o)
 .debug_frame   0x0000000000000adc       0x2c c:/program files/mcu-tools/arm-gcc/bin/../lib/gcc/arm-none-eabi/8.2.1/../../../../arm-none-eabi/lib/thumb/v7-m/nofp\libc_nano.a(lib_a-isattyr.o)
 .debug_frame   0x0000000000000b08       0x20 c:/program files/mcu-tools/arm-gcc/bin/../lib/gcc/arm-none-eabi/8.2.1/../../../../arm-none-eabi/lib/thumb/v7-m/nofp\libc_nano.a(lib_a-nano-msizer.o)
 .debug_frame   0x0000000000000b28       0x20 c:/program files/mcu-tools/arm-gcc/bin/../lib/gcc/arm-none-eabi/8.2.1/../../../../arm-none-eabi/lib/thumb/v7-m/nofp\libnosys.a(close.o)
 .debug_frame   0x0000000000000b48       0x20 c:/program files/mcu-tools/arm-gcc/bin/../lib/gcc/arm-none-eabi/8.2.1/../../../../arm-none-eabi/lib/thumb/v7-m/nofp\libnosys.a(fstat.o)
 .debug_frame   0x0000000000000b68       0x20 c:/program files/mcu-tools/arm-gcc/bin/../lib/gcc/arm-none-eabi/8.2.1/../../../../arm-none-eabi/lib/thumb/v7-m/nofp\libnosys.a(isatty.o)
 .debug_frame   0x0000000000000b88       0x20 c:/program files/mcu-tools/arm-gcc/bin/../lib/gcc/arm-none-eabi/8.2.1/../../../../arm-none-eabi/lib/thumb/v7-m/nofp\libnosys.a(lseek.o)
 .debug_frame   0x0000000000000ba8       0x20 c:/program files/mcu-tools/arm-gcc/bin/../lib/gcc/arm-none-eabi/8.2.1/../../../../arm-none-eabi/lib/thumb/v7-m/nofp\libnosys.a(read.o)
 .debug_frame   0x0000000000000bc8       0x20 c:/program files/mcu-tools/arm-gcc/bin/../lib/gcc/arm-none-eabi/8.2.1/../../../../arm-none-eabi/lib/thumb/v7-m/nofp\libnosys.a(sbrk.o)
 .debug_frame   0x0000000000000be8       0x20 c:/program files/mcu-tools/arm-gcc/bin/../lib/gcc/arm-none-eabi/8.2.1/../../../../arm-none-eabi/lib/thumb/v7-m/nofp\libnosys.a(write.o)

.stab           0x0000000000000000       0x9c
 .stab          0x0000000000000000       0x24 c:/program files/mcu-tools/arm-gcc/bin/../lib/gcc/arm-none-eabi/8.2.1/../../../../arm-none-eabi/lib/thumb/v7-m/nofp\libnosys.a(close.o)
 .stab          0x0000000000000024       0x18 c:/program files/mcu-tools/arm-gcc/bin/../lib/gcc/arm-none-eabi/8.2.1/../../../../arm-none-eabi/lib/thumb/v7-m/nofp\libnosys.a(fstat.o)
                                         0x24 (size before relaxing)
 .stab          0x000000000000003c       0x18 c:/program files/mcu-tools/arm-gcc/bin/../lib/gcc/arm-none-eabi/8.2.1/../../../../arm-none-eabi/lib/thumb/v7-m/nofp\libnosys.a(isatty.o)
                                         0x24 (size before relaxing)
 .stab          0x0000000000000054       0x18 c:/program files/mcu-tools/arm-gcc/bin/../lib/gcc/arm-none-eabi/8.2.1/../../../../arm-none-eabi/lib/thumb/v7-m/nofp\libnosys.a(lseek.o)
                                         0x24 (size before relaxing)
 .stab          0x000000000000006c       0x18 c:/program files/mcu-tools/arm-gcc/bin/../lib/gcc/arm-none-eabi/8.2.1/../../../../arm-none-eabi/lib/thumb/v7-m/nofp\libnosys.a(read.o)
                                         0x24 (size before relaxing)
 .stab          0x0000000000000084       0x18 c:/program files/mcu-tools/arm-gcc/bin/../lib/gcc/arm-none-eabi/8.2.1/../../../../arm-none-eabi/lib/thumb/v7-m/nofp\libnosys.a(write.o)
                                         0x24 (size before relaxing)

.stabstr        0x0000000000000000      0x14d
 .stabstr       0x0000000000000000      0x14d c:/program files/mcu-tools/arm-gcc/bin/../lib/gcc/arm-none-eabi/8.2.1/../../../../arm-none-eabi/lib/thumb/v7-m/nofp\libnosys.a(close.o)

Cross Reference Table

Symbol                                            File
ADC1_2_IRQHandler                                 build/startup_stm32f103xe.o
ADC3_IRQHandler                                   build/startup_stm32f103xe.o
AHBPrescTable                                     build/system_stm32f10x.o
BusFault_Handler                                  build/startup_stm32f103xe.o
CAN1_RX1_IRQHandler                               build/startup_stm32f103xe.o
CAN1_SCE_IRQHandler                               build/startup_stm32f103xe.o
CurrentCommand                                    build/main.o
DMA1_Channel1_IRQHandler                          build/startup_stm32f103xe.o
DMA1_Channel2_IRQHandler                          build/startup_stm32f103xe.o
DMA1_Channel3_IRQHandler                          build/startup_stm32f103xe.o
DMA1_Channel4_IRQHandler                          build/startup_stm32f103xe.o
DMA1_Channel5_IRQHandler                          build/startup_stm32f103xe.o
DMA1_Channel6_IRQHandler                          build/startup_stm32f103xe.o
DMA1_Channel7_IRQHandler                          build/startup_stm32f103xe.o
DMA2_Channel1_IRQHandler                          build/startup_stm32f103xe.o
DMA2_Channel2_IRQHandler                          build/startup_stm32f103xe.o
DMA2_Channel3_IRQHandler                          build/startup_stm32f103xe.o
DMA2_Channel4_5_IRQHandler                        build/startup_stm32f103xe.o
DataBusRead                                       build/main.o
DataBusWrite                                      build/main.o
DebugMon_Handler                                  build/startup_stm32f103xe.o
DefaultCommand                                    build/main.o
Default_Handler                                   build/startup_stm32f103xe.o
DeviceConfiguration                               build/main.o
EXTI0_IRQHandler                                  build/startup_stm32f103xe.o
EXTI15_10_IRQHandler                              build/startup_stm32f103xe.o
EXTI1_IRQHandler                                  build/startup_stm32f103xe.o
EXTI2_IRQHandler                                  build/startup_stm32f103xe.o
EXTI3_IRQHandler                                  build/startup_stm32f103xe.o
EXTI4_IRQHandler                                  build/startup_stm32f103xe.o
EXTI9_5_IRQHandler                                build/startup_stm32f103xe.o
FLASH_IRQHandler                                  build/startup_stm32f103xe.o
FSMC_IRQHandler                                   build/startup_stm32f103xe.o
FlashControl                                      build/main.o
HardFault_Handler                                 build/startup_stm32f103xe.o
HelpCommand                                       build/main.o
I2C1_ER_IRQHandler                                build/startup_stm32f103xe.o
I2C1_EV_IRQHandler                                build/startup_stm32f103xe.o
I2C2_ER_IRQHandler                                build/startup_stm32f103xe.o
I2C2_EV_IRQHandler                                build/startup_stm32f103xe.o
IO_ConfigLine                                     build/gpio_stm32f1.o
IO_GetLine                                        build/gpio_stm32f1.o
IO_Init                                           build/gpio_stm32f1.o
                                                  build/main.o
IO_InvertLine                                     build/gpio_stm32f1.o
IO_SetLine                                        build/gpio_stm32f1.o
                                                  build/main.o
IOs                                               build/gpio_stm32f1.o
LastCommand                                       build/main.o
MemManage_Handler                                 build/startup_stm32f103xe.o
NMI_Handler                                       build/startup_stm32f103xe.o
PVD_IRQHandler                                    build/startup_stm32f103xe.o
PendSV_Handler                                    build/startup_stm32f103xe.o
RCC_IRQHandler                                    build/startup_stm32f103xe.o
RTC_Alarm_IRQHandler                              build/startup_stm32f103xe.o
RTC_IRQHandler                                    build/startup_stm32f103xe.o
ReadCommand                                       build/main.o
RecieveMessage                                    build/main.o
Reset_Handler                                     build/startup_stm32f103xe.o
SDIO_IRQHandler                                   build/startup_stm32f103xe.o
SPI1_IRQHandler                                   build/startup_stm32f103xe.o
SPI2_IRQHandler                                   build/startup_stm32f103xe.o
SPI3_IRQHandler                                   build/startup_stm32f103xe.o
SVC_Handler                                       build/startup_stm32f103xe.o
SaveCommand                                       build/main.o
SendMessage                                       build/main.o
SysTick_Handler                                   build/startup_stm32f103xe.o
SystemCoreClock                                   build/system_stm32f10x.o
                                                  build/init_stm32f103.o
SystemCoreClockUpdate                             build/system_stm32f10x.o
SystemInit                                        build/system_stm32f10x.o
                                                  build/startup_stm32f103xe.o
TAMPER_IRQHandler                                 build/startup_stm32f103xe.o
TIM1_BRK_IRQHandler                               build/startup_stm32f103xe.o
TIM1_CC_IRQHandler                                build/startup_stm32f103xe.o
TIM1_TRG_COM_IRQHandler                           build/startup_stm32f103xe.o
TIM1_UP_IRQHandler                                build/startup_stm32f103xe.o
TIM2_IRQHandler                                   build/startup_stm32f103xe.o
TIM3_IRQHandler                                   build/startup_stm32f103xe.o
TIM4_IRQHandler                                   build/startup_stm32f103xe.o
TIM5_IRQHandler                                   build/startup_stm32f103xe.o
TIM6_IRQHandler                                   build/startup_stm32f103xe.o
TIM7_IRQHandler                                   build/startup_stm32f103xe.o
TIM8_BRK_IRQHandler                               build/startup_stm32f103xe.o
TIM8_CC_IRQHandler                                build/startup_stm32f103xe.o
TIM8_TRG_COM_IRQHandler                           build/startup_stm32f103xe.o
TIM8_UP_IRQHandler                                build/startup_stm32f103xe.o
UART4_IRQHandler                                  build/startup_stm32f103xe.o
UART5_IRQHandler                                  build/startup_stm32f103xe.o
UART_Message                                      build/main.o
USART1_IRQHandler                                 build/main.o
USART2_IRQHandler                                 build/startup_stm32f103xe.o
USART3_IRQHandler                                 build/startup_stm32f103xe.o
USBWakeUp_IRQHandler                              build/startup_stm32f103xe.o
USB_HP_CAN1_TX_IRQHandler                         build/startup_stm32f103xe.o
USB_LP_CAN1_RX0_IRQHandler                        build/startup_stm32f103xe.o
UsageFault_Handler                                build/startup_stm32f103xe.o
WWDG_IRQHandler                                   build/startup_stm32f103xe.o
WriteCommand                                      build/main.o
_ITM_deregisterTMCloneTable                       c:/program files/mcu-tools/arm-gcc/bin/../lib/gcc/arm-none-eabi/8.2.1/thumb/v7-m/nofp/crtbegin.o
_ITM_registerTMCloneTable                         c:/program files/mcu-tools/arm-gcc/bin/../lib/gcc/arm-none-eabi/8.2.1/thumb/v7-m/nofp/crtbegin.o
__TMC_END__                                       c:/program files/mcu-tools/arm-gcc/bin/../lib/gcc/arm-none-eabi/8.2.1/thumb/v7-m/nofp/crtend.o
                                                  c:/program files/mcu-tools/arm-gcc/bin/../lib/gcc/arm-none-eabi/8.2.1/thumb/v7-m/nofp/crtbegin.o
__bss_end__                                       c:/program files/mcu-tools/arm-gcc/bin/../lib/gcc/arm-none-eabi/8.2.1/../../../../arm-none-eabi/lib/thumb/v7-m/nofp/crt0.o
__bss_start__                                     c:/program files/mcu-tools/arm-gcc/bin/../lib/gcc/arm-none-eabi/8.2.1/../../../../arm-none-eabi/lib/thumb/v7-m/nofp/crt0.o
__call_exitprocs                                  c:/program files/mcu-tools/arm-gcc/bin/../lib/gcc/arm-none-eabi/8.2.1/../../../../arm-none-eabi/lib/thumb/v7-m/nofp\libc_nano.a(lib_a-exit.o)
__deregister_frame_info                           c:/program files/mcu-tools/arm-gcc/bin/../lib/gcc/arm-none-eabi/8.2.1/thumb/v7-m/nofp/crtbegin.o
__dso_handle                                      c:/program files/mcu-tools/arm-gcc/bin/../lib/gcc/arm-none-eabi/8.2.1/thumb/v7-m/nofp/crtbegin.o
__fp_lock_all                                     c:/program files/mcu-tools/arm-gcc/bin/../lib/gcc/arm-none-eabi/8.2.1/../../../../arm-none-eabi/lib/thumb/v7-m/nofp\libc_nano.a(lib_a-findfp.o)
__fp_unlock_all                                   c:/program files/mcu-tools/arm-gcc/bin/../lib/gcc/arm-none-eabi/8.2.1/../../../../arm-none-eabi/lib/thumb/v7-m/nofp\libc_nano.a(lib_a-findfp.o)
__init_array_end                                  c:/program files/mcu-tools/arm-gcc/bin/../lib/gcc/arm-none-eabi/8.2.1/../../../../arm-none-eabi/lib/thumb/v7-m/nofp\libc_nano.a(lib_a-init.o)
__init_array_start                                c:/program files/mcu-tools/arm-gcc/bin/../lib/gcc/arm-none-eabi/8.2.1/../../../../arm-none-eabi/lib/thumb/v7-m/nofp\libc_nano.a(lib_a-init.o)
__libc_fini_array                                 c:/program files/mcu-tools/arm-gcc/bin/../lib/gcc/arm-none-eabi/8.2.1/../../../../arm-none-eabi/lib/thumb/v7-m/nofp/crt0.o
__libc_init_array                                 c:/program files/mcu-tools/arm-gcc/bin/../lib/gcc/arm-none-eabi/8.2.1/../../../../arm-none-eabi/lib/thumb/v7-m/nofp\libc_nano.a(lib_a-init.o)
                                                  build/startup_stm32f103xe.o
                                                  c:/program files/mcu-tools/arm-gcc/bin/../lib/gcc/arm-none-eabi/8.2.1/../../../../arm-none-eabi/lib/thumb/v7-m/nofp/crt0.o
__lock___arc4random_mutex                         c:/program files/mcu-tools/arm-gcc/bin/../lib/gcc/arm-none-eabi/8.2.1/../../../../arm-none-eabi/lib/thumb/v7-m/nofp\libc_nano.a(lib_a-lock.o)
__lock___at_quick_exit_mutex                      c:/program files/mcu-tools/arm-gcc/bin/../lib/gcc/arm-none-eabi/8.2.1/../../../../arm-none-eabi/lib/thumb/v7-m/nofp\libc_nano.a(lib_a-lock.o)
__lock___atexit_recursive_mutex                   c:/program files/mcu-tools/arm-gcc/bin/../lib/gcc/arm-none-eabi/8.2.1/../../../../arm-none-eabi/lib/thumb/v7-m/nofp\libc_nano.a(lib_a-lock.o)
__lock___dd_hash_mutex                            c:/program files/mcu-tools/arm-gcc/bin/../lib/gcc/arm-none-eabi/8.2.1/../../../../arm-none-eabi/lib/thumb/v7-m/nofp\libc_nano.a(lib_a-lock.o)
__lock___env_recursive_mutex                      c:/program files/mcu-tools/arm-gcc/bin/../lib/gcc/arm-none-eabi/8.2.1/../../../../arm-none-eabi/lib/thumb/v7-m/nofp\libc_nano.a(lib_a-lock.o)
__lock___malloc_recursive_mutex                   c:/program files/mcu-tools/arm-gcc/bin/../lib/gcc/arm-none-eabi/8.2.1/../../../../arm-none-eabi/lib/thumb/v7-m/nofp\libc_nano.a(lib_a-lock.o)
                                                  c:/program files/mcu-tools/arm-gcc/bin/../lib/gcc/arm-none-eabi/8.2.1/../../../../arm-none-eabi/lib/thumb/v7-m/nofp\libc_nano.a(lib_a-mlock.o)
__lock___sfp_recursive_mutex                      c:/program files/mcu-tools/arm-gcc/bin/../lib/gcc/arm-none-eabi/8.2.1/../../../../arm-none-eabi/lib/thumb/v7-m/nofp\libc_nano.a(lib_a-lock.o)
                                                  c:/program files/mcu-tools/arm-gcc/bin/../lib/gcc/arm-none-eabi/8.2.1/../../../../arm-none-eabi/lib/thumb/v7-m/nofp\libc_nano.a(lib_a-findfp.o)
__lock___sinit_recursive_mutex                    c:/program files/mcu-tools/arm-gcc/bin/../lib/gcc/arm-none-eabi/8.2.1/../../../../arm-none-eabi/lib/thumb/v7-m/nofp\libc_nano.a(lib_a-lock.o)
                                                  c:/program files/mcu-tools/arm-gcc/bin/../lib/gcc/arm-none-eabi/8.2.1/../../../../arm-none-eabi/lib/thumb/v7-m/nofp\libc_nano.a(lib_a-findfp.o)
__lock___tz_mutex                                 c:/program files/mcu-tools/arm-gcc/bin/../lib/gcc/arm-none-eabi/8.2.1/../../../../arm-none-eabi/lib/thumb/v7-m/nofp\libc_nano.a(lib_a-lock.o)
__malloc_free_list                                c:/program files/mcu-tools/arm-gcc/bin/../lib/gcc/arm-none-eabi/8.2.1/../../../../arm-none-eabi/lib/thumb/v7-m/nofp\libc_nano.a(lib_a-nano-mallocr.o)
                                                  c:/program files/mcu-tools/arm-gcc/bin/../lib/gcc/arm-none-eabi/8.2.1/../../../../arm-none-eabi/lib/thumb/v7-m/nofp\libc_nano.a(lib_a-nano-freer.o)
__malloc_lock                                     c:/program files/mcu-tools/arm-gcc/bin/../lib/gcc/arm-none-eabi/8.2.1/../../../../arm-none-eabi/lib/thumb/v7-m/nofp\libc_nano.a(lib_a-mlock.o)
                                                  c:/program files/mcu-tools/arm-gcc/bin/../lib/gcc/arm-none-eabi/8.2.1/../../../../arm-none-eabi/lib/thumb/v7-m/nofp\libc_nano.a(lib_a-nano-mallocr.o)
                                                  c:/program files/mcu-tools/arm-gcc/bin/../lib/gcc/arm-none-eabi/8.2.1/../../../../arm-none-eabi/lib/thumb/v7-m/nofp\libc_nano.a(lib_a-nano-freer.o)
__malloc_sbrk_start                               c:/program files/mcu-tools/arm-gcc/bin/../lib/gcc/arm-none-eabi/8.2.1/../../../../arm-none-eabi/lib/thumb/v7-m/nofp\libc_nano.a(lib_a-nano-mallocr.o)
__malloc_unlock                                   c:/program files/mcu-tools/arm-gcc/bin/../lib/gcc/arm-none-eabi/8.2.1/../../../../arm-none-eabi/lib/thumb/v7-m/nofp\libc_nano.a(lib_a-mlock.o)
                                                  c:/program files/mcu-tools/arm-gcc/bin/../lib/gcc/arm-none-eabi/8.2.1/../../../../arm-none-eabi/lib/thumb/v7-m/nofp\libc_nano.a(lib_a-nano-mallocr.o)
                                                  c:/program files/mcu-tools/arm-gcc/bin/../lib/gcc/arm-none-eabi/8.2.1/../../../../arm-none-eabi/lib/thumb/v7-m/nofp\libc_nano.a(lib_a-nano-freer.o)
__preinit_array_end                               c:/program files/mcu-tools/arm-gcc/bin/../lib/gcc/arm-none-eabi/8.2.1/../../../../arm-none-eabi/lib/thumb/v7-m/nofp\libc_nano.a(lib_a-init.o)
__preinit_array_start                             c:/program files/mcu-tools/arm-gcc/bin/../lib/gcc/arm-none-eabi/8.2.1/../../../../arm-none-eabi/lib/thumb/v7-m/nofp\libc_nano.a(lib_a-init.o)
__register_frame_info                             c:/program files/mcu-tools/arm-gcc/bin/../lib/gcc/arm-none-eabi/8.2.1/thumb/v7-m/nofp/crtbegin.o
__retarget_lock_acquire                           c:/program files/mcu-tools/arm-gcc/bin/../lib/gcc/arm-none-eabi/8.2.1/../../../../arm-none-eabi/lib/thumb/v7-m/nofp\libc_nano.a(lib_a-lock.o)
__retarget_lock_acquire_recursive                 c:/program files/mcu-tools/arm-gcc/bin/../lib/gcc/arm-none-eabi/8.2.1/../../../../arm-none-eabi/lib/thumb/v7-m/nofp\libc_nano.a(lib_a-lock.o)
                                                  c:/program files/mcu-tools/arm-gcc/bin/../lib/gcc/arm-none-eabi/8.2.1/../../../../arm-none-eabi/lib/thumb/v7-m/nofp\libc_nano.a(lib_a-mlock.o)
                                                  c:/program files/mcu-tools/arm-gcc/bin/../lib/gcc/arm-none-eabi/8.2.1/../../../../arm-none-eabi/lib/thumb/v7-m/nofp\libc_nano.a(lib_a-fflush.o)
                                                  c:/program files/mcu-tools/arm-gcc/bin/../lib/gcc/arm-none-eabi/8.2.1/../../../../arm-none-eabi/lib/thumb/v7-m/nofp\libc_nano.a(lib_a-nano-vfprintf.o)
                                                  c:/program files/mcu-tools/arm-gcc/bin/../lib/gcc/arm-none-eabi/8.2.1/../../../../arm-none-eabi/lib/thumb/v7-m/nofp\libc_nano.a(lib_a-findfp.o)
__retarget_lock_close                             c:/program files/mcu-tools/arm-gcc/bin/../lib/gcc/arm-none-eabi/8.2.1/../../../../arm-none-eabi/lib/thumb/v7-m/nofp\libc_nano.a(lib_a-lock.o)
__retarget_lock_close_recursive                   c:/program files/mcu-tools/arm-gcc/bin/../lib/gcc/arm-none-eabi/8.2.1/../../../../arm-none-eabi/lib/thumb/v7-m/nofp\libc_nano.a(lib_a-lock.o)
__retarget_lock_init                              c:/program files/mcu-tools/arm-gcc/bin/../lib/gcc/arm-none-eabi/8.2.1/../../../../arm-none-eabi/lib/thumb/v7-m/nofp\libc_nano.a(lib_a-lock.o)
__retarget_lock_init_recursive                    c:/program files/mcu-tools/arm-gcc/bin/../lib/gcc/arm-none-eabi/8.2.1/../../../../arm-none-eabi/lib/thumb/v7-m/nofp\libc_nano.a(lib_a-lock.o)
                                                  c:/program files/mcu-tools/arm-gcc/bin/../lib/gcc/arm-none-eabi/8.2.1/../../../../arm-none-eabi/lib/thumb/v7-m/nofp\libc_nano.a(lib_a-findfp.o)
__retarget_lock_release                           c:/program files/mcu-tools/arm-gcc/bin/../lib/gcc/arm-none-eabi/8.2.1/../../../../arm-none-eabi/lib/thumb/v7-m/nofp\libc_nano.a(lib_a-lock.o)
__retarget_lock_release_recursive                 c:/program files/mcu-tools/arm-gcc/bin/../lib/gcc/arm-none-eabi/8.2.1/../../../../arm-none-eabi/lib/thumb/v7-m/nofp\libc_nano.a(lib_a-lock.o)
                                                  c:/program files/mcu-tools/arm-gcc/bin/../lib/gcc/arm-none-eabi/8.2.1/../../../../arm-none-eabi/lib/thumb/v7-m/nofp\libc_nano.a(lib_a-mlock.o)
                                                  c:/program files/mcu-tools/arm-gcc/bin/../lib/gcc/arm-none-eabi/8.2.1/../../../../arm-none-eabi/lib/thumb/v7-m/nofp\libc_nano.a(lib_a-fflush.o)
                                                  c:/program files/mcu-tools/arm-gcc/bin/../lib/gcc/arm-none-eabi/8.2.1/../../../../arm-none-eabi/lib/thumb/v7-m/nofp\libc_nano.a(lib_a-nano-vfprintf.o)
                                                  c:/program files/mcu-tools/arm-gcc/bin/../lib/gcc/arm-none-eabi/8.2.1/../../../../arm-none-eabi/lib/thumb/v7-m/nofp\libc_nano.a(lib_a-findfp.o)
__retarget_lock_try_acquire                       c:/program files/mcu-tools/arm-gcc/bin/../lib/gcc/arm-none-eabi/8.2.1/../../../../arm-none-eabi/lib/thumb/v7-m/nofp\libc_nano.a(lib_a-lock.o)
__retarget_lock_try_acquire_recursive             c:/program files/mcu-tools/arm-gcc/bin/../lib/gcc/arm-none-eabi/8.2.1/../../../../arm-none-eabi/lib/thumb/v7-m/nofp\libc_nano.a(lib_a-lock.o)
__sclose                                          c:/program files/mcu-tools/arm-gcc/bin/../lib/gcc/arm-none-eabi/8.2.1/../../../../arm-none-eabi/lib/thumb/v7-m/nofp\libc_nano.a(lib_a-stdio.o)
                                                  c:/program files/mcu-tools/arm-gcc/bin/../lib/gcc/arm-none-eabi/8.2.1/../../../../arm-none-eabi/lib/thumb/v7-m/nofp\libc_nano.a(lib_a-findfp.o)
__seofread                                        c:/program files/mcu-tools/arm-gcc/bin/../lib/gcc/arm-none-eabi/8.2.1/../../../../arm-none-eabi/lib/thumb/v7-m/nofp\libc_nano.a(lib_a-stdio.o)
__sf_fake_stderr                                  c:/program files/mcu-tools/arm-gcc/bin/../lib/gcc/arm-none-eabi/8.2.1/../../../../arm-none-eabi/lib/thumb/v7-m/nofp\libc_nano.a(lib_a-findfp.o)
                                                  c:/program files/mcu-tools/arm-gcc/bin/../lib/gcc/arm-none-eabi/8.2.1/../../../../arm-none-eabi/lib/thumb/v7-m/nofp\libc_nano.a(lib_a-fflush.o)
                                                  c:/program files/mcu-tools/arm-gcc/bin/../lib/gcc/arm-none-eabi/8.2.1/../../../../arm-none-eabi/lib/thumb/v7-m/nofp\libc_nano.a(lib_a-wsetup.o)
                                                  c:/program files/mcu-tools/arm-gcc/bin/../lib/gcc/arm-none-eabi/8.2.1/../../../../arm-none-eabi/lib/thumb/v7-m/nofp\libc_nano.a(lib_a-wbuf.o)
                                                  c:/program files/mcu-tools/arm-gcc/bin/../lib/gcc/arm-none-eabi/8.2.1/../../../../arm-none-eabi/lib/thumb/v7-m/nofp\libc_nano.a(lib_a-nano-vfprintf.o)
                                                  c:/program files/mcu-tools/arm-gcc/bin/../lib/gcc/arm-none-eabi/8.2.1/../../../../arm-none-eabi/lib/thumb/v7-m/nofp\libc_nano.a(lib_a-impure.o)
__sf_fake_stdin                                   c:/program files/mcu-tools/arm-gcc/bin/../lib/gcc/arm-none-eabi/8.2.1/../../../../arm-none-eabi/lib/thumb/v7-m/nofp\libc_nano.a(lib_a-findfp.o)
                                                  c:/program files/mcu-tools/arm-gcc/bin/../lib/gcc/arm-none-eabi/8.2.1/../../../../arm-none-eabi/lib/thumb/v7-m/nofp\libc_nano.a(lib_a-fflush.o)
                                                  c:/program files/mcu-tools/arm-gcc/bin/../lib/gcc/arm-none-eabi/8.2.1/../../../../arm-none-eabi/lib/thumb/v7-m/nofp\libc_nano.a(lib_a-wsetup.o)
                                                  c:/program files/mcu-tools/arm-gcc/bin/../lib/gcc/arm-none-eabi/8.2.1/../../../../arm-none-eabi/lib/thumb/v7-m/nofp\libc_nano.a(lib_a-wbuf.o)
                                                  c:/program files/mcu-tools/arm-gcc/bin/../lib/gcc/arm-none-eabi/8.2.1/../../../../arm-none-eabi/lib/thumb/v7-m/nofp\libc_nano.a(lib_a-nano-vfprintf.o)
                                                  c:/program files/mcu-tools/arm-gcc/bin/../lib/gcc/arm-none-eabi/8.2.1/../../../../arm-none-eabi/lib/thumb/v7-m/nofp\libc_nano.a(lib_a-impure.o)
__sf_fake_stdout                                  c:/program files/mcu-tools/arm-gcc/bin/../lib/gcc/arm-none-eabi/8.2.1/../../../../arm-none-eabi/lib/thumb/v7-m/nofp\libc_nano.a(lib_a-findfp.o)
                                                  c:/program files/mcu-tools/arm-gcc/bin/../lib/gcc/arm-none-eabi/8.2.1/../../../../arm-none-eabi/lib/thumb/v7-m/nofp\libc_nano.a(lib_a-fflush.o)
                                                  c:/program files/mcu-tools/arm-gcc/bin/../lib/gcc/arm-none-eabi/8.2.1/../../../../arm-none-eabi/lib/thumb/v7-m/nofp\libc_nano.a(lib_a-wsetup.o)
                                                  c:/program files/mcu-tools/arm-gcc/bin/../lib/gcc/arm-none-eabi/8.2.1/../../../../arm-none-eabi/lib/thumb/v7-m/nofp\libc_nano.a(lib_a-wbuf.o)
                                                  c:/program files/mcu-tools/arm-gcc/bin/../lib/gcc/arm-none-eabi/8.2.1/../../../../arm-none-eabi/lib/thumb/v7-m/nofp\libc_nano.a(lib_a-nano-vfprintf.o)
                                                  c:/program files/mcu-tools/arm-gcc/bin/../lib/gcc/arm-none-eabi/8.2.1/../../../../arm-none-eabi/lib/thumb/v7-m/nofp\libc_nano.a(lib_a-impure.o)
__sflush_r                                        c:/program files/mcu-tools/arm-gcc/bin/../lib/gcc/arm-none-eabi/8.2.1/../../../../arm-none-eabi/lib/thumb/v7-m/nofp\libc_nano.a(lib_a-fflush.o)
__sfmoreglue                                      c:/program files/mcu-tools/arm-gcc/bin/../lib/gcc/arm-none-eabi/8.2.1/../../../../arm-none-eabi/lib/thumb/v7-m/nofp\libc_nano.a(lib_a-findfp.o)
__sfp                                             c:/program files/mcu-tools/arm-gcc/bin/../lib/gcc/arm-none-eabi/8.2.1/../../../../arm-none-eabi/lib/thumb/v7-m/nofp\libc_nano.a(lib_a-findfp.o)
__sfp_lock_acquire                                c:/program files/mcu-tools/arm-gcc/bin/../lib/gcc/arm-none-eabi/8.2.1/../../../../arm-none-eabi/lib/thumb/v7-m/nofp\libc_nano.a(lib_a-findfp.o)
__sfp_lock_release                                c:/program files/mcu-tools/arm-gcc/bin/../lib/gcc/arm-none-eabi/8.2.1/../../../../arm-none-eabi/lib/thumb/v7-m/nofp\libc_nano.a(lib_a-findfp.o)
__sfputs_r                                        c:/program files/mcu-tools/arm-gcc/bin/../lib/gcc/arm-none-eabi/8.2.1/../../../../arm-none-eabi/lib/thumb/v7-m/nofp\libc_nano.a(lib_a-nano-vfprintf.o)
__sfvwrite_r                                      c:/program files/mcu-tools/arm-gcc/bin/../lib/gcc/arm-none-eabi/8.2.1/../../../../arm-none-eabi/lib/thumb/v7-m/nofp\libc_nano.a(lib_a-fvwrite.o)
                                                  c:/program files/mcu-tools/arm-gcc/bin/../lib/gcc/arm-none-eabi/8.2.1/../../../../arm-none-eabi/lib/thumb/v7-m/nofp\libc_nano.a(lib_a-nano-vfprintf.o)
__sinit                                           c:/program files/mcu-tools/arm-gcc/bin/../lib/gcc/arm-none-eabi/8.2.1/../../../../arm-none-eabi/lib/thumb/v7-m/nofp\libc_nano.a(lib_a-findfp.o)
                                                  c:/program files/mcu-tools/arm-gcc/bin/../lib/gcc/arm-none-eabi/8.2.1/../../../../arm-none-eabi/lib/thumb/v7-m/nofp\libc_nano.a(lib_a-fflush.o)
                                                  c:/program files/mcu-tools/arm-gcc/bin/../lib/gcc/arm-none-eabi/8.2.1/../../../../arm-none-eabi/lib/thumb/v7-m/nofp\libc_nano.a(lib_a-wsetup.o)
                                                  c:/program files/mcu-tools/arm-gcc/bin/../lib/gcc/arm-none-eabi/8.2.1/../../../../arm-none-eabi/lib/thumb/v7-m/nofp\libc_nano.a(lib_a-wbuf.o)
                                                  c:/program files/mcu-tools/arm-gcc/bin/../lib/gcc/arm-none-eabi/8.2.1/../../../../arm-none-eabi/lib/thumb/v7-m/nofp\libc_nano.a(lib_a-nano-vfprintf.o)
                                                  c:/program files/mcu-tools/arm-gcc/bin/../lib/gcc/arm-none-eabi/8.2.1/../../../../arm-none-eabi/lib/thumb/v7-m/nofp\libc_nano.a(lib_a-printf.o)
__sinit_lock_acquire                              c:/program files/mcu-tools/arm-gcc/bin/../lib/gcc/arm-none-eabi/8.2.1/../../../../arm-none-eabi/lib/thumb/v7-m/nofp\libc_nano.a(lib_a-findfp.o)
__sinit_lock_release                              c:/program files/mcu-tools/arm-gcc/bin/../lib/gcc/arm-none-eabi/8.2.1/../../../../arm-none-eabi/lib/thumb/v7-m/nofp\libc_nano.a(lib_a-findfp.o)
__smakebuf_r                                      c:/program files/mcu-tools/arm-gcc/bin/../lib/gcc/arm-none-eabi/8.2.1/../../../../arm-none-eabi/lib/thumb/v7-m/nofp\libc_nano.a(lib_a-makebuf.o)
                                                  c:/program files/mcu-tools/arm-gcc/bin/../lib/gcc/arm-none-eabi/8.2.1/../../../../arm-none-eabi/lib/thumb/v7-m/nofp\libc_nano.a(lib_a-wsetup.o)
__sprint_r                                        c:/program files/mcu-tools/arm-gcc/bin/../lib/gcc/arm-none-eabi/8.2.1/../../../../arm-none-eabi/lib/thumb/v7-m/nofp\libc_nano.a(lib_a-nano-vfprintf.o)
__sread                                           c:/program files/mcu-tools/arm-gcc/bin/../lib/gcc/arm-none-eabi/8.2.1/../../../../arm-none-eabi/lib/thumb/v7-m/nofp\libc_nano.a(lib_a-stdio.o)
                                                  c:/program files/mcu-tools/arm-gcc/bin/../lib/gcc/arm-none-eabi/8.2.1/../../../../arm-none-eabi/lib/thumb/v7-m/nofp\libc_nano.a(lib_a-findfp.o)
__sseek                                           c:/program files/mcu-tools/arm-gcc/bin/../lib/gcc/arm-none-eabi/8.2.1/../../../../arm-none-eabi/lib/thumb/v7-m/nofp\libc_nano.a(lib_a-stdio.o)
                                                  c:/program files/mcu-tools/arm-gcc/bin/../lib/gcc/arm-none-eabi/8.2.1/../../../../arm-none-eabi/lib/thumb/v7-m/nofp\libc_nano.a(lib_a-findfp.o)
__ssprint_r                                       c:/program files/mcu-tools/arm-gcc/bin/../lib/gcc/arm-none-eabi/8.2.1/../../../../arm-none-eabi/lib/thumb/v7-m/nofp\libc_nano.a(lib_a-nano-svfprintf.o)
__ssputs_r                                        c:/program files/mcu-tools/arm-gcc/bin/../lib/gcc/arm-none-eabi/8.2.1/../../../../arm-none-eabi/lib/thumb/v7-m/nofp\libc_nano.a(lib_a-nano-svfprintf.o)
__stack                                           c:/program files/mcu-tools/arm-gcc/bin/../lib/gcc/arm-none-eabi/8.2.1/../../../../arm-none-eabi/lib/thumb/v7-m/nofp/crt0.o
__strtok_r                                        c:/program files/mcu-tools/arm-gcc/bin/../lib/gcc/arm-none-eabi/8.2.1/../../../../arm-none-eabi/lib/thumb/v7-m/nofp\libc_nano.a(lib_a-strtok_r.o)
                                                  c:/program files/mcu-tools/arm-gcc/bin/../lib/gcc/arm-none-eabi/8.2.1/../../../../arm-none-eabi/lib/thumb/v7-m/nofp\libc_nano.a(lib_a-strtok.o)
__swbuf                                           c:/program files/mcu-tools/arm-gcc/bin/../lib/gcc/arm-none-eabi/8.2.1/../../../../arm-none-eabi/lib/thumb/v7-m/nofp\libc_nano.a(lib_a-wbuf.o)
__swbuf_r                                         c:/program files/mcu-tools/arm-gcc/bin/../lib/gcc/arm-none-eabi/8.2.1/../../../../arm-none-eabi/lib/thumb/v7-m/nofp\libc_nano.a(lib_a-wbuf.o)